Component: ARM Compiler 5.06 update 5 (build 528) Tool: armlink [4d35e2]

==============================================================================

Section Cross References

    glcd_spi_lpc1700.o(i.GLCD_Bargraph) refers to glcd_spi_lpc1700.o(i.GLCD_SetWindow) for GLCD_SetWindow
    glcd_spi_lpc1700.o(i.GLCD_Bargraph) refers to glcd_spi_lpc1700.o(i.wr_cmd) for wr_cmd
    glcd_spi_lpc1700.o(i.GLCD_Bargraph) refers to glcd_spi_lpc1700.o(i.wr_dat_start) for wr_dat_start
    glcd_spi_lpc1700.o(i.GLCD_Bargraph) refers to glcd_spi_lpc1700.o(i.wr_dat_only) for wr_dat_only
    glcd_spi_lpc1700.o(i.GLCD_Bargraph) refers to glcd_spi_lpc1700.o(i.wr_dat_stop) for wr_dat_stop
    glcd_spi_lpc1700.o(i.GLCD_Bargraph) refers to glcd_spi_lpc1700.o(.data) for Color
    glcd_spi_lpc1700.o(i.GLCD_Bitmap) refers to glcd_spi_lpc1700.o(i.GLCD_SetWindow) for GLCD_SetWindow
    glcd_spi_lpc1700.o(i.GLCD_Bitmap) refers to glcd_spi_lpc1700.o(i.wr_cmd) for wr_cmd
    glcd_spi_lpc1700.o(i.GLCD_Bitmap) refers to glcd_spi_lpc1700.o(i.wr_dat_start) for wr_dat_start
    glcd_spi_lpc1700.o(i.GLCD_Bitmap) refers to glcd_spi_lpc1700.o(i.wr_dat_only) for wr_dat_only
    glcd_spi_lpc1700.o(i.GLCD_Bitmap) refers to glcd_spi_lpc1700.o(i.wr_dat_stop) for wr_dat_stop
    glcd_spi_lpc1700.o(i.GLCD_Clear) refers to glcd_spi_lpc1700.o(i.GLCD_WindowMax) for GLCD_WindowMax
    glcd_spi_lpc1700.o(i.GLCD_Clear) refers to glcd_spi_lpc1700.o(i.wr_cmd) for wr_cmd
    glcd_spi_lpc1700.o(i.GLCD_Clear) refers to glcd_spi_lpc1700.o(i.wr_dat_start) for wr_dat_start
    glcd_spi_lpc1700.o(i.GLCD_Clear) refers to glcd_spi_lpc1700.o(i.wr_dat_only) for wr_dat_only
    glcd_spi_lpc1700.o(i.GLCD_Clear) refers to glcd_spi_lpc1700.o(i.wr_dat_stop) for wr_dat_stop
    glcd_spi_lpc1700.o(i.GLCD_ClearLn) refers to glcd_spi_lpc1700.o(i.GLCD_WindowMax) for GLCD_WindowMax
    glcd_spi_lpc1700.o(i.GLCD_ClearLn) refers to glcd_spi_lpc1700.o(i.GLCD_DisplayString) for GLCD_DisplayString
    glcd_spi_lpc1700.o(i.GLCD_DisplayChar) refers to glcd_spi_lpc1700.o(i.GLCD_DrawChar) for GLCD_DrawChar
    glcd_spi_lpc1700.o(i.GLCD_DisplayChar) refers to glcd_spi_lpc1700.o(.constdata) for Font_6x8_h
    glcd_spi_lpc1700.o(i.GLCD_DisplayString) refers to glcd_spi_lpc1700.o(i.GLCD_DisplayChar) for GLCD_DisplayChar
    glcd_spi_lpc1700.o(i.GLCD_DrawChar) refers to glcd_spi_lpc1700.o(i.GLCD_SetWindow) for GLCD_SetWindow
    glcd_spi_lpc1700.o(i.GLCD_DrawChar) refers to glcd_spi_lpc1700.o(i.wr_cmd) for wr_cmd
    glcd_spi_lpc1700.o(i.GLCD_DrawChar) refers to glcd_spi_lpc1700.o(i.wr_dat_start) for wr_dat_start
    glcd_spi_lpc1700.o(i.GLCD_DrawChar) refers to glcd_spi_lpc1700.o(i.wr_dat_only) for wr_dat_only
    glcd_spi_lpc1700.o(i.GLCD_DrawChar) refers to glcd_spi_lpc1700.o(i.wr_dat_stop) for wr_dat_stop
    glcd_spi_lpc1700.o(i.GLCD_DrawChar) refers to glcd_spi_lpc1700.o(.data) for Color
    glcd_spi_lpc1700.o(i.GLCD_Init) refers to glcd_spi_lpc1700.o(i.rd_id_man) for rd_id_man
    glcd_spi_lpc1700.o(i.GLCD_Init) refers to glcd_spi_lpc1700.o(i.rd_reg) for rd_reg
    glcd_spi_lpc1700.o(i.GLCD_Init) refers to glcd_spi_lpc1700.o(i.wr_reg) for wr_reg
    glcd_spi_lpc1700.o(i.GLCD_Init) refers to glcd_spi_lpc1700.o(i.delay) for delay
    glcd_spi_lpc1700.o(i.GLCD_Init) refers to glcd_spi_lpc1700.o(.data) for Himax
    glcd_spi_lpc1700.o(i.GLCD_PutPixel) refers to glcd_spi_lpc1700.o(i.wr_reg) for wr_reg
    glcd_spi_lpc1700.o(i.GLCD_PutPixel) refers to glcd_spi_lpc1700.o(i.wr_cmd) for wr_cmd
    glcd_spi_lpc1700.o(i.GLCD_PutPixel) refers to glcd_spi_lpc1700.o(i.wr_dat) for wr_dat
    glcd_spi_lpc1700.o(i.GLCD_PutPixel) refers to glcd_spi_lpc1700.o(.data) for Himax
    glcd_spi_lpc1700.o(i.GLCD_SetBackColor) refers to glcd_spi_lpc1700.o(.data) for Color
    glcd_spi_lpc1700.o(i.GLCD_SetTextColor) refers to glcd_spi_lpc1700.o(.data) for Color
    glcd_spi_lpc1700.o(i.GLCD_SetWindow) refers to glcd_spi_lpc1700.o(i.wr_reg) for wr_reg
    glcd_spi_lpc1700.o(i.GLCD_SetWindow) refers to glcd_spi_lpc1700.o(.data) for Himax
    glcd_spi_lpc1700.o(i.GLCD_WindowMax) refers to glcd_spi_lpc1700.o(i.GLCD_SetWindow) for GLCD_SetWindow
    glcd_spi_lpc1700.o(i.GLCD_WrCmd) refers to glcd_spi_lpc1700.o(i.wr_cmd) for wr_cmd
    glcd_spi_lpc1700.o(i.GLCD_WrReg) refers to glcd_spi_lpc1700.o(i.wr_reg) for wr_reg
    glcd_spi_lpc1700.o(i.rd_id_man) refers to glcd_spi_lpc1700.o(i.spi_tran_man) for spi_tran_man
    glcd_spi_lpc1700.o(i.rd_reg) refers to glcd_spi_lpc1700.o(i.wr_cmd) for wr_cmd
    glcd_spi_lpc1700.o(i.rd_reg) refers to glcd_spi_lpc1700.o(i.spi_tran) for spi_tran
    glcd_spi_lpc1700.o(i.spi_tran_man) refers to glcd_spi_lpc1700.o(i.delay) for delay
    glcd_spi_lpc1700.o(i.wr_cmd) refers to glcd_spi_lpc1700.o(i.spi_tran) for spi_tran
    glcd_spi_lpc1700.o(i.wr_dat) refers to glcd_spi_lpc1700.o(i.spi_tran) for spi_tran
    glcd_spi_lpc1700.o(i.wr_dat_only) refers to glcd_spi_lpc1700.o(i.spi_tran) for spi_tran
    glcd_spi_lpc1700.o(i.wr_dat_start) refers to glcd_spi_lpc1700.o(i.spi_tran) for spi_tran
[...]
    rt_cmsis.o(i.sysMailAlloc) refers to rt_task.o(i.rt_block) for rt_block
    rt_cmsis.o(i.sysMailAlloc) refers to rt_task.o(.data) for os_tsk
    rt_cmsis.o(i.sysMailFree) refers to rt_membox.o(i.rt_free_box) for rt_free_box
    rt_cmsis.o(i.sysMailFree) refers to rt_list.o(i.rt_psq_enq) for rt_psq_enq
    rt_cmsis.o(i.sysMailFree) refers to rt_system.o(i.rt_psh_req) for rt_psh_req
    rt_cmsis.o(i.sysMailFree) refers to rt_membox.o(i.rt_alloc_box) for rt_alloc_box
    rt_cmsis.o(i.sysMailFree) refers to rt_list.o(i.rt_get_first) for rt_get_first
    rt_cmsis.o(i.sysMailFree) refers to hal_cm.o(i.rt_ret_val) for rt_ret_val
    rt_cmsis.o(i.sysMailFree) refers to rt_list.o(i.rt_rmv_dly) for rt_rmv_dly
    rt_cmsis.o(i.sysMailFree) refers to rt_task.o(i.rt_dispatch) for rt_dispatch
    rt_cmsis.o(i.sysPoolAlloc) refers to rt_membox.o(i.rt_alloc_box) for rt_alloc_box
    rt_cmsis.o(i.sysPoolFree) refers to rt_membox.o(i.rt_free_box) for rt_free_box
    rt_cmsis.o(i.sysTimerTick) refers to rt_cmsis.o(i.isrMessagePut) for isrMessagePut
    rt_cmsis.o(i.sysTimerTick) refers to rtx_conf_cm.o(i.os_error) for os_error
    rt_cmsis.o(i.sysTimerTick) refers to rt_cmsis.o(i.rt_timer_insert) for rt_timer_insert
    rt_cmsis.o(i.sysTimerTick) refers to rt_cmsis.o(.data) for .data
    rt_cmsis.o(i.sysTimerTick) refers to rtx_conf_cm.o(.data) for osMessageQId_osTimerMessageQ
    rt_cmsis.o(i.sysUserTimerUpdate) refers to rt_cmsis.o(i.sysTimerTick) for sysTimerTick
    rt_cmsis.o(i.sysUserTimerUpdate) refers to rt_cmsis.o(.data) for .data
    rt_cmsis.o(i.sysUserTimerWakeupTime) refers to rt_cmsis.o(.data) for .data
    rt_task.o(i.rt_block) refers to rt_list.o(i.rt_put_dly) for rt_put_dly
    rt_task.o(i.rt_block) refers to rt_list.o(i.rt_get_first) for rt_get_first
    rt_task.o(i.rt_block) refers to rt_task.o(i.rt_switch_req) for rt_switch_req
    rt_task.o(i.rt_block) refers to rt_task.o(.data) for .data
    rt_task.o(i.rt_block) refers to rt_list.o(.bss) for os_rdy
    rt_task.o(i.rt_dispatch) refers to rt_list.o(i.rt_put_rdy_first) for rt_put_rdy_first
    rt_task.o(i.rt_dispatch) refers to rt_task.o(i.rt_switch_req) for rt_switch_req
    rt_task.o(i.rt_dispatch) refers to rt_list.o(i.rt_get_first) for rt_get_first
    rt_task.o(i.rt_dispatch) refers to rt_list.o(i.rt_put_prio) for rt_put_prio
    rt_task.o(i.rt_dispatch) refers to rt_task.o(.data) for .data
    rt_task.o(i.rt_dispatch) refers to rt_list.o(.bss) for os_rdy
    rt_task.o(i.rt_init_context) refers to rt_membox.o(i.rt_alloc_box) for rt_alloc_box
    rt_task.o(i.rt_init_context) refers to hal_cm.o(i.rt_init_stack) for rt_init_stack
    rt_task.o(i.rt_init_context) refers to rtx_conf_cm.o(.bss) for mp_stk
    rt_task.o(i.rt_switch_req) refers to hal_cm.o(i.dbg_task_switch) for dbg_task_switch
    rt_task.o(i.rt_switch_req) refers to rt_task.o(.data) for .data
    rt_task.o(i.rt_switch_req) refers to hal_cm.o(.data) for dbg_msg
    rt_task.o(i.rt_sys_init) refers to hal_cm.o(i.dbg_init) for dbg_init
    rt_task.o(i.rt_sys_init) refers to rt_membox.o(i._init_box) for _init_box
    rt_task.o(i.rt_sys_init) refers to rt_task.o(i.rt_init_context) for rt_init_context
    rt_task.o(i.rt_sys_init) refers to rt_robin.o(i.rt_init_robin) for rt_init_robin
    rt_task.o(i.rt_sys_init) refers to rtx_conf_cm.o(.bss) for os_active_TCB
    rt_task.o(i.rt_sys_init) refers to rtx_conf_cm.o(.constdata) for os_maxtaskrun
    rt_task.o(i.rt_sys_init) refers to rtx_conf_cm.o(.data) for m_tmr
    rt_task.o(i.rt_sys_init) refers to rt_task.o(.bss) for .bss
    rt_task.o(i.rt_sys_init) refers to rtx_conf_cm.o(i.os_idle_demon) for os_idle_demon
    rt_task.o(i.rt_sys_init) refers to rt_list.o(.bss) for os_rdy
    rt_task.o(i.rt_sys_init) refers to rt_task.o(.data) for .data
    rt_task.o(i.rt_sys_start) refers to rt_system.o(i.os_tick_init) for os_tick_init
    rt_task.o(i.rt_sys_start) refers to rt_system.o(.data) for os_tick_irqn
    rt_task.o(i.rt_tsk_create) refers to rt_membox.o(i.rt_alloc_box) for rt_alloc_box
    rt_task.o(i.rt_tsk_create) refers to rt_task.o(i.rt_init_context) for rt_init_context
    rt_task.o(i.rt_tsk_create) refers to hal_cm.o(i.dbg_task_notify) for dbg_task_notify
    rt_task.o(i.rt_tsk_create) refers to rt_task.o(i.rt_dispatch) for rt_dispatch
    rt_task.o(i.rt_tsk_create) refers to rtx_conf_cm.o(.bss) for mp_tcb
    rt_task.o(i.rt_tsk_create) refers to rtx_conf_cm.o(.constdata) for os_maxtaskrun
    rt_task.o(i.rt_tsk_create) refers to hal_cm.o(.data) for dbg_msg
    rt_task.o(i.rt_tsk_delete) refers to hal_cm3.o(.emb_text) for rt_get_PSP
    rt_task.o(i.rt_tsk_delete) refers to rt_system.o(i.rt_stk_check) for rt_stk_check
    rt_task.o(i.rt_tsk_delete) refers to rt_list.o(i.rt_get_first) for rt_get_first
    rt_task.o(i.rt_tsk_delete) refers to hal_cm.o(i.rt_ret_val) for rt_ret_val
    rt_task.o(i.rt_tsk_delete) refers to rt_list.o(i.rt_rmv_dly) for rt_rmv_dly
    rt_task.o(i.rt_tsk_delete) refers to rt_list.o(i.rt_put_prio) for rt_put_prio
    rt_task.o(i.rt_tsk_delete) refers to rt_membox.o(i.rt_free_box) for rt_free_box
    rt_task.o(i.rt_tsk_delete) refers to hal_cm.o(i.dbg_task_notify) for dbg_task_notify
    rt_task.o(i.rt_tsk_delete) refers to rt_list.o(i.rt_rmv_list) for rt_rmv_list
    rt_task.o(i.rt_tsk_delete) refers to rt_task.o(i.rt_dispatch) for rt_dispatch
    rt_task.o(i.rt_tsk_delete) refers to hal_cm.o(.data) for dbg_msg
    rt_task.o(i.rt_tsk_delete) refers to rtx_conf_cm.o(.bss) for os_active_TCB
    rt_task.o(i.rt_tsk_delete) refers to rt_task.o(.data) for .data
    rt_task.o(i.rt_tsk_delete) refers to rt_list.o(.bss) for os_rdy
    rt_task.o(i.rt_tsk_delete) refers to rtx_conf_cm.o(.constdata) for os_maxtaskrun
    rt_task.o(i.rt_tsk_pass) refers to rt_list.o(i.rt_get_same_rdy_prio) for rt_get_same_rdy_prio
    rt_task.o(i.rt_tsk_pass) refers to rt_list.o(i.rt_put_prio) for rt_put_prio
    rt_task.o(i.rt_tsk_pass) refers to rt_task.o(i.rt_switch_req) for rt_switch_req
    rt_task.o(i.rt_tsk_pass) refers to rt_task.o(.data) for .data
    rt_task.o(i.rt_tsk_pass) refers to rt_list.o(.bss) for os_rdy
    rt_task.o(i.rt_tsk_prio) refers to rt_list.o(i.rt_put_prio) for rt_put_prio
    rt_task.o(i.rt_tsk_prio) refers to rt_list.o(i.rt_resort_prio) for rt_resort_prio
    rt_task.o(i.rt_tsk_prio) refers to rt_list.o(i.rt_get_first) for rt_get_first
    rt_task.o(i.rt_tsk_prio) refers to rt_task.o(i.rt_dispatch) for rt_dispatch
    rt_task.o(i.rt_tsk_prio) refers to rt_task.o(.data) for .data
    rt_task.o(i.rt_tsk_prio) refers to rtx_conf_cm.o(.constdata) for os_maxtaskrun
    rt_task.o(i.rt_tsk_prio) refers to rtx_conf_cm.o(.bss) for os_active_TCB
    rt_task.o(i.rt_tsk_prio) refers to rt_list.o(.bss) for os_rdy
    rt_task.o(i.rt_tsk_self) refers to rt_task.o(.data) for .data
    rt_system.o(i.os_tick_init) refers to rtx_conf_cm.o(.constdata) for os_trv
    rt_system.o(i.os_tick_val) refers to rtx_conf_cm.o(.constdata) for os_trv
    rt_system.o(i.rt_pop_req) refers to rt_list.o(i.rt_put_rdy_first) for rt_put_rdy_first
    rt_system.o(i.rt_pop_req) refers to rt_semaphore.o(i.rt_sem_psh) for rt_sem_psh
    rt_system.o(i.rt_pop_req) refers to rt_list.o(i.rt_get_first) for rt_get_first
    rt_system.o(i.rt_pop_req) refers to rt_task.o(i.rt_switch_req) for rt_switch_req
    rt_system.o(i.rt_pop_req) refers to rt_event.o(i.rt_evt_psh) for rt_evt_psh
    rt_system.o(i.rt_pop_req) refers to rt_mailbox.o(i.rt_mbx_psh) for rt_mbx_psh
    rt_system.o(i.rt_pop_req) refers to rt_task.o(.data) for os_tsk
    rt_system.o(i.rt_pop_req) refers to rtx_conf_cm.o(.bss) for os_fifo
    rt_system.o(i.rt_pop_req) refers to rt_list.o(.bss) for os_rdy
    rt_system.o(i.rt_psh_req) refers to rt_system.o(.data) for .data
    rt_system.o(i.rt_resume) refers to rt_list.o(i.rt_put_rdy_first) for rt_put_rdy_first
    rt_system.o(i.rt_resume) refers to rt_list.o(i.rt_dec_dly) for rt_dec_dly
    rt_system.o(i.rt_resume) refers to rt_cmsis.o(i.sysUserTimerUpdate) for sysUserTimerUpdate
    rt_system.o(i.rt_resume) refers to rt_list.o(i.rt_get_first) for rt_get_first
    rt_system.o(i.rt_resume) refers to rt_task.o(i.rt_switch_req) for rt_switch_req
    rt_system.o(i.rt_resume) refers to rt_system.o(i.rt_tsk_unlock) for rt_tsk_unlock
    rt_system.o(i.rt_resume) refers to rt_task.o(.data) for os_tsk
    rt_system.o(i.rt_resume) refers to rt_robin.o(.data) for os_robin
    rt_system.o(i.rt_resume) refers to rt_list.o(.bss) for os_dly
    rt_system.o(i.rt_resume) refers to rt_time.o(.data) for os_time
    rt_system.o(i.rt_stk_check) refers to rtx_conf_cm.o(i.os_error) for os_error
    rt_system.o(i.rt_stk_check) refers to rt_task.o(.data) for os_tsk
    rt_system.o(i.rt_suspend) refers to rt_system.o(i.rt_tsk_lock) for rt_tsk_lock
    rt_system.o(i.rt_suspend) refers to rt_cmsis.o(i.sysUserTimerWakeupTime) for sysUserTimerWakeupTime
    rt_system.o(i.rt_suspend) refers to rt_list.o(.bss) for os_dly
    rt_system.o(i.rt_systick) refers to rt_list.o(i.rt_put_rdy_first) for rt_put_rdy_first
    rt_system.o(i.rt_systick) refers to rt_robin.o(i.rt_chk_robin) for rt_chk_robin
    rt_system.o(i.rt_systick) refers to rt_list.o(i.rt_dec_dly) for rt_dec_dly
    rt_system.o(i.rt_systick) refers to rt_cmsis.o(i.sysTimerTick) for sysTimerTick
    rt_system.o(i.rt_systick) refers to rt_list.o(i.rt_get_first) for rt_get_first
    rt_system.o(i.rt_systick) refers to rt_task.o(i.rt_switch_req) for rt_switch_req
    rt_system.o(i.rt_systick) refers to rt_task.o(.data) for os_tsk
    rt_system.o(i.rt_systick) refers to rt_time.o(.data) for os_time
    rt_system.o(i.rt_systick) refers to rt_list.o(.bss) for os_rdy
    rt_system.o(i.rt_tsk_lock) refers to rt_system.o(.data) for .data
    rt_system.o(i.rt_tsk_unlock) refers to rt_system.o(.data) for .data
    rt_event.o(i.isr_evt_set) refers to rt_list.o(i.rt_psq_enq) for rt_psq_enq
    rt_event.o(i.isr_evt_set) refers to rt_system.o(i.rt_psh_req) for rt_psh_req
    rt_event.o(i.isr_evt_set) refers to rtx_conf_cm.o(.bss) for os_active_TCB
    rt_event.o(i.rt_evt_clr) refers to rtx_conf_cm.o(.bss) for os_active_TCB
    rt_event.o(i.rt_evt_get) refers to rt_task.o(.data) for os_tsk
    rt_event.o(i.rt_evt_psh) refers to rt_list.o(i.rt_rmv_dly) for rt_rmv_dly
    rt_event.o(i.rt_evt_psh) refers to hal_cm.o(i.rt_ret_val2) for rt_ret_val2
    rt_event.o(i.rt_evt_psh) refers to rt_list.o(i.rt_put_prio) for rt_put_prio
    rt_event.o(i.rt_evt_psh) refers to rt_list.o(.bss) for os_rdy
    rt_event.o(i.rt_evt_set) refers to rt_list.o(i.rt_rmv_dly) for rt_rmv_dly
    rt_event.o(i.rt_evt_set) refers to hal_cm.o(i.rt_ret_val2) for rt_ret_val2
    rt_event.o(i.rt_evt_set) refers to rt_task.o(i.rt_dispatch) for rt_dispatch
    rt_event.o(i.rt_evt_set) refers to rtx_conf_cm.o(.bss) for os_active_TCB
    rt_event.o(i.rt_evt_wait) refers to rt_task.o(i.rt_block) for rt_block
    rt_event.o(i.rt_evt_wait) refers to rt_task.o(.data) for os_tsk
    rt_list.o(i.rt_dec_dly) refers to rt_list.o(i.rt_put_prio) for rt_put_prio
    rt_list.o(i.rt_dec_dly) refers to rt_list.o(.bss) for .bss
    rt_list.o(i.rt_dec_dly) refers to rt_time.o(.data) for os_time
    rt_list.o(i.rt_get_same_rdy_prio) refers to rt_list.o(.bss) for .bss
    rt_list.o(i.rt_get_same_rdy_prio) refers to rt_task.o(.data) for os_tsk
    rt_list.o(i.rt_psq_enq) refers to rtx_conf_cm.o(i.os_error) for os_error
    rt_list.o(i.rt_psq_enq) refers to rtx_conf_cm.o(.bss) for os_fifo
    rt_list.o(i.rt_put_dly) refers to rt_list.o(.bss) for .bss
    rt_list.o(i.rt_put_rdy_first) refers to rt_list.o(.bss) for .bss
    rt_list.o(i.rt_resort_prio) refers to rt_list.o(i.rt_rmv_list) for rt_rmv_list
    rt_list.o(i.rt_resort_prio) refers to rt_list.o(i.rt_put_prio) for rt_put_prio
    rt_list.o(i.rt_resort_prio) refers to rt_list.o(.bss) for .bss
    rt_list.o(i.rt_rmv_list) refers to rt_list.o(.bss) for .bss
    rt_mailbox.o(i.isr_mbx_receive) refers to rt_list.o(i.rt_psq_enq) for rt_psq_enq
    rt_mailbox.o(i.isr_mbx_receive) refers to rt_system.o(i.rt_psh_req) for rt_psh_req
    rt_mailbox.o(i.isr_mbx_send) refers to rt_list.o(i.rt_psq_enq) for rt_psq_enq
    rt_mailbox.o(i.isr_mbx_send) refers to rt_system.o(i.rt_psh_req) for rt_psh_req
    rt_mailbox.o(i.rt_mbx_psh) refers to rt_membox.o(i.rt_alloc_box) for rt_alloc_box
    rt_mailbox.o(i.rt_mbx_psh) refers to rt_list.o(i.rt_get_first) for rt_get_first
    rt_mailbox.o(i.rt_mbx_psh) refers to hal_cm.o(i.rt_ret_val) for rt_ret_val
    rt_mailbox.o(i.rt_mbx_psh) refers to rt_list.o(i.rt_rmv_dly) for rt_rmv_dly
    rt_mailbox.o(i.rt_mbx_psh) refers to rt_list.o(i.rt_put_prio) for rt_put_prio
    rt_mailbox.o(i.rt_mbx_psh) refers to hal_cm.o(i.rt_ret_val2) for rt_ret_val2
    rt_mailbox.o(i.rt_mbx_psh) refers to rtx_conf_cm.o(i.os_error) for os_error
    rt_mailbox.o(i.rt_mbx_psh) refers to rt_list.o(.bss) for os_rdy
    rt_mailbox.o(i.rt_mbx_send) refers to rt_list.o(i.rt_put_prio) for rt_put_prio
    rt_mailbox.o(i.rt_mbx_send) refers to rt_list.o(i.rt_get_first) for rt_get_first
    rt_mailbox.o(i.rt_mbx_send) refers to hal_cm.o(i.rt_ret_val2) for rt_ret_val2
    rt_mailbox.o(i.rt_mbx_send) refers to rt_list.o(i.rt_rmv_dly) for rt_rmv_dly
    rt_mailbox.o(i.rt_mbx_send) refers to rt_task.o(i.rt_dispatch) for rt_dispatch
    rt_mailbox.o(i.rt_mbx_send) refers to rt_task.o(i.rt_block) for rt_block
    rt_mailbox.o(i.rt_mbx_send) refers to rt_task.o(.data) for os_tsk
    rt_mailbox.o(i.rt_mbx_wait) refers to rt_list.o(i.rt_get_first) for rt_get_first
    rt_mailbox.o(i.rt_mbx_wait) refers to hal_cm.o(i.rt_ret_val) for rt_ret_val
    rt_mailbox.o(i.rt_mbx_wait) refers to rt_list.o(i.rt_rmv_dly) for rt_rmv_dly
    rt_mailbox.o(i.rt_mbx_wait) refers to rt_task.o(i.rt_dispatch) for rt_dispatch
    rt_mailbox.o(i.rt_mbx_wait) refers to rt_list.o(i.rt_put_prio) for rt_put_prio
    rt_mailbox.o(i.rt_mbx_wait) refers to rt_task.o(i.rt_block) for rt_block
    rt_mailbox.o(i.rt_mbx_wait) refers to rt_task.o(.data) for os_tsk
    rt_semaphore.o(i.isr_sem_send) refers to rt_list.o(i.rt_psq_enq) for rt_psq_enq
    rt_semaphore.o(i.isr_sem_send) refers to rt_system.o(i.rt_psh_req) for rt_psh_req
    rt_semaphore.o(i.rt_sem_delete) refers to rt_list.o(i.rt_get_first) for rt_get_first
    rt_semaphore.o(i.rt_sem_delete) refers to hal_cm.o(i.rt_ret_val) for rt_ret_val
    rt_semaphore.o(i.rt_sem_delete) refers to rt_list.o(i.rt_rmv_dly) for rt_rmv_dly
    rt_semaphore.o(i.rt_sem_delete) refers to rt_list.o(i.rt_put_prio) for rt_put_prio
    rt_semaphore.o(i.rt_sem_delete) refers to rt_task.o(i.rt_dispatch) for rt_dispatch
    rt_semaphore.o(i.rt_sem_delete) refers to rt_list.o(.bss) for os_rdy
    rt_semaphore.o(i.rt_sem_delete) refers to rt_task.o(.data) for os_tsk
    rt_semaphore.o(i.rt_sem_psh) refers to rt_list.o(i.rt_get_first) for rt_get_first
    rt_semaphore.o(i.rt_sem_psh) refers to rt_list.o(i.rt_rmv_dly) for rt_rmv_dly
    rt_semaphore.o(i.rt_sem_psh) refers to hal_cm.o(i.rt_ret_val) for rt_ret_val
    rt_semaphore.o(i.rt_sem_psh) refers to rt_list.o(i.rt_put_prio) for rt_put_prio
    rt_semaphore.o(i.rt_sem_psh) refers to rt_list.o(.bss) for os_rdy
    rt_semaphore.o(i.rt_sem_send) refers to rt_list.o(i.rt_get_first) for rt_get_first
    rt_semaphore.o(i.rt_sem_send) refers to hal_cm.o(i.rt_ret_val) for rt_ret_val
    rt_semaphore.o(i.rt_sem_send) refers to rt_list.o(i.rt_rmv_dly) for rt_rmv_dly
    rt_semaphore.o(i.rt_sem_send) refers to rt_task.o(i.rt_dispatch) for rt_dispatch
    rt_semaphore.o(i.rt_sem_wait) refers to rt_list.o(i.rt_put_prio) for rt_put_prio
    rt_semaphore.o(i.rt_sem_wait) refers to rt_task.o(i.rt_block) for rt_block
    rt_semaphore.o(i.rt_sem_wait) refers to rt_task.o(.data) for os_tsk
    rt_time.o(i.rt_dly_wait) refers to rt_task.o(i.rt_block) for rt_block
    rt_time.o(i.rt_itv_set) refers to rt_task.o(.data) for os_tsk
    rt_time.o(i.rt_itv_set) refers to rt_time.o(.data) for .data
    rt_time.o(i.rt_itv_wait) refers to rt_task.o(i.rt_block) for rt_block
    rt_time.o(i.rt_itv_wait) refers to rt_task.o(.data) for os_tsk
    rt_time.o(i.rt_itv_wait) refers to rt_time.o(.data) for .data
    rt_time.o(i.rt_time_get) refers to rt_time.o(.data) for .data
    rt_mutex.o(i.rt_mut_delete) refers to rt_list.o(i.rt_resort_prio) for rt_resort_prio
    rt_mutex.o(i.rt_mut_delete) refers to rt_list.o(i.rt_get_first) for rt_get_first
    rt_mutex.o(i.rt_mut_delete) refers to hal_cm.o(i.rt_ret_val) for rt_ret_val
    rt_mutex.o(i.rt_mut_delete) refers to rt_list.o(i.rt_rmv_dly) for rt_rmv_dly
    rt_mutex.o(i.rt_mut_delete) refers to rt_list.o(i.rt_put_prio) for rt_put_prio
    rt_mutex.o(i.rt_mut_delete) refers to rt_task.o(i.rt_dispatch) for rt_dispatch
    rt_mutex.o(i.rt_mut_delete) refers to rt_task.o(.data) for os_tsk
    rt_mutex.o(i.rt_mut_delete) refers to rt_list.o(.bss) for os_rdy
    rt_mutex.o(i.rt_mut_release) refers to rt_list.o(i.rt_get_first) for rt_get_first
    rt_mutex.o(i.rt_mut_release) refers to hal_cm.o(i.rt_ret_val) for rt_ret_val
    rt_mutex.o(i.rt_mut_release) refers to rt_list.o(i.rt_rmv_dly) for rt_rmv_dly
    rt_mutex.o(i.rt_mut_release) refers to rt_list.o(i.rt_put_prio) for rt_put_prio
    rt_mutex.o(i.rt_mut_release) refers to rt_task.o(i.rt_dispatch) for rt_dispatch
    rt_mutex.o(i.rt_mut_release) refers to rt_task.o(.data) for os_tsk
    rt_mutex.o(i.rt_mut_release) refers to rt_list.o(.bss) for os_rdy
    rt_mutex.o(i.rt_mut_wait) refers to rt_list.o(i.rt_resort_prio) for rt_resort_prio
    rt_mutex.o(i.rt_mut_wait) refers to rt_list.o(i.rt_put_prio) for rt_put_prio
    rt_mutex.o(i.rt_mut_wait) refers to rt_task.o(i.rt_block) for rt_block
    rt_mutex.o(i.rt_mut_wait) refers to rt_task.o(.data) for os_tsk
    rt_membox.o(i._calloc_box) refers to hal_cm3.o(.emb_text) for _alloc_box
    hal_cm.o(i.dbg_init) refers to hal_cm.o(.data) for .data
    hal_cm.o(i.rt_init_stack) refers to rtx_conf_cm.o(.constdata) for os_stackinfo
    rt_robin.o(i.rt_chk_robin) refers to rt_list.o(i.rt_get_first) for rt_get_first
    rt_robin.o(i.rt_chk_robin) refers to rt_list.o(i.rt_put_prio) for rt_put_prio
    rt_robin.o(i.rt_chk_robin) refers to rt_robin.o(.data) for .data
    rt_robin.o(i.rt_chk_robin) refers to rt_list.o(.bss) for os_rdy
    rt_robin.o(i.rt_chk_robin) refers to rt_time.o(.data) for os_time
    rt_robin.o(i.rt_init_robin) refers to rt_robin.o(.data) for .data
    rt_robin.o(i.rt_init_robin) refers to rtx_conf_cm.o(.constdata) for os_rrobin
    hal_cm3.o(.emb_text) refers to rtx_conf_cm.o(.constdata) for os_flags
    hal_cm3.o(.emb_text) refers to rt_membox.o(i.rt_alloc_box) for rt_alloc_box
    hal_cm3.o(.emb_text) refers to rt_membox.o(i.rt_free_box) for rt_free_box
    hal_cm3.o(.emb_text) refers to rt_system.o(i.rt_stk_check) for rt_stk_check
    hal_cm3.o(.emb_text) refers to rt_task.o(.data) for os_tsk
    hal_cm3.o(.emb_text) refers to svc_table.o(SVC_TABLE) for SVC_Count
    hal_cm3.o(.emb_text) refers to rt_system.o(i.rt_pop_req) for rt_pop_req
    hal_cm3.o(.emb_text) refers to rt_system.o(i.rt_systick) for rt_systick
    hal_cm3.o(.emb_text) refers to rt_system.o(i.os_tick_irqack) for os_tick_irqack
    entry.o(.ARM.Collect$$$$00000000) refers (Special) to entry10a.o(.ARM.Collect$$$$0000000D) for __rt_final_cpp
    entry.o(.ARM.Collect$$$$00000000) refers (Special) to entry11a.o(.ARM.Collect$$$$0000000F) for __rt_final_exit
    entry.o(.ARM.Collect$$$$00000000) refers (Special) to entry7b.o(.ARM.Collect$$$$00000008) for _main_clock
    entry.o(.ARM.Collect$$$$00000000) refers (Special) to entry8b.o(.ARM.Collect$$$$0000000A) for _main_cpp_init
    entry.o(.ARM.Collect$$$$00000000) refers (Special) to rtx_conf_cm.o(.ARM.Collect$$$$000000FF) for _main_init
    entry.o(.ARM.Collect$$$$00000000) refers (Special) to entry5.o(.ARM.Collect$$$$00000004) for _main_scatterload
    entry.o(.ARM.Collect$$$$00000000) refers (Special) to entry2.o(.ARM.Collect$$$$00000001) for _main_stk
    uldiv.o(.text) refers to llushr.o(.text) for __aeabi_llsr
    uldiv.o(.text) refers to llshl.o(.text) for __aeabi_llsl
    entry2.o(.ARM.Collect$$$$00000001) refers to entry2.o(.ARM.Collect$$$$00002712) for __lit__00000000
    entry2.o(.ARM.Collect$$$$00002712) refers to startup_lpc17xx.o(STACK) for __initial_sp
    entry2.o(__vectab_stack_and_reset_area) refers to startup_lpc17xx.o(STACK) for __initial_sp
    entry2.o(__vectab_stack_and_reset_area) refers to entry.o(.ARM.Collect$$$$00000000) for __main
    entry5.o(.ARM.Collect$$$$00000004) refers to init.o(.text) for __scatterload
    init.o(.text) refers to entry5.o(.ARM.Collect$$$$00000004) for __main_after_scatterload


==============================================================================

Removing Unused input sections from the image.

    Removing glcd_spi_lpc1700.o(.rev16_text), (4 bytes).
    Removing glcd_spi_lpc1700.o(.revsh_text), (4 bytes).
    Removing glcd_spi_lpc1700.o(.rrx_text), (6 bytes).
    Removing glcd_spi_lpc1700.o(i.GLCD_Bargraph), (104 bytes).
    Removing glcd_spi_lpc1700.o(i.GLCD_ClearLn), (94 bytes).
    Removing glcd_spi_lpc1700.o(i.GLCD_DisplayChar), (92 bytes).
    Removing glcd_spi_lpc1700.o(i.GLCD_DisplayString), (40 bytes).
    Removing glcd_spi_lpc1700.o(i.GLCD_DrawChar), (156 bytes).
    Removing glcd_spi_lpc1700.o(i.GLCD_PutPixel), (128 bytes).
    Removing glcd_spi_lpc1700.o(i.GLCD_ScrollVertical), (2 bytes).
    Removing glcd_spi_lpc1700.o(i.GLCD_SetBackColor), (12 bytes).
    Removing glcd_spi_lpc1700.o(i.GLCD_SetTextColor), (12 bytes).
    Removing glcd_spi_lpc1700.o(i.GLCD_WrCmd), (12 bytes).
    Removing glcd_spi_lpc1700.o(i.GLCD_WrReg), (16 bytes).
    Removing glcd_spi_lpc1700.o(.constdata), (6272 bytes).
    Removing lfsr113.o(i.lfsr113), (144 bytes).
    Removing lfsr113.o(.data), (16 bytes).
    Removing retarget.o(i._sys_exit), (4 bytes).
    Removing retarget.o(i._ttywrch), (12 bytes).
    Removing retarget.o(i.ferror), (8 bytes).
    Removing retarget.o(i.fgetc), (20 bytes).
    Removing retarget.o(i.fputc), (14 bytes).
    Removing retarget.o(i.getkey), (36 bytes).
    Removing retarget.o(i.sendchar), (68 bytes).
    Removing retarget.o(.data), (12 bytes).
    Removing uart.o(.rev16_text), (4 bytes).
    Removing uart.o(.revsh_text), (4 bytes).
    Removing uart.o(.rrx_text), (6 bytes).
    Removing uart.o(i.Free), (6 bytes).
    Removing uart.o(i.FreeRcv), (36 bytes).
    Removing uart.o(i.FreeSnd), (36 bytes).
    Removing uart.o(i.Lock), (28 bytes).
    Removing uart.o(i.LockRcv), (36 bytes).
    Removing uart.o(i.LockSnd), (36 bytes).
    Removing uart.o(i.UARTInit), (188 bytes).
    Removing uart.o(i.UARTReceiveChar), (36 bytes).
    Removing uart.o(i.UARTRecieve), (160 bytes).
    Removing uart.o(i.UARTSend), (132 bytes).
    Removing uart.o(i.UARTSendChar), (36 bytes).
    Removing uart.o(i.__NVIC_EnableIRQ), (26 bytes).
    Removing uart.o(i.getFrequency), (72 bytes).
    Removing main.o(.rev16_text), (4 bytes).
    Removing main.o(.revsh_text), (4 bytes).
    Removing main.o(.rrx_text), (6 bytes).
    Removing glcd_scroll.o(.rev16_text), (4 bytes).
    Removing glcd_scroll.o(.revsh_text), (4 bytes).
    Removing glcd_scroll.o(.rrx_text), (6 bytes).
    Removing glcd_scroll.o(i.append_char), (240 bytes).
    Removing glcd_scroll.o(i.initJoyStick), (108 bytes).
    Removing glcd_scroll.o(i.init_scroll), (72 bytes).
    Removing glcd_scroll.o(i.joyStickBusyWaitingMonitor), (96 bytes).
    Removing glcd_scroll.o(i.last_line), (32 bytes).
    Removing glcd_scroll.o(i.last_window_line), (32 bytes).
    Removing glcd_scroll.o(i.moveDown), (68 bytes).
    Removing glcd_scroll.o(i.moveFirst), (60 bytes).
    Removing glcd_scroll.o(i.moveLast), (96 bytes).
    Removing glcd_scroll.o(i.moveUp), (72 bytes).
    Removing glcd_scroll.o(i.print_string), (34 bytes).
    Removing glcd_scroll.o(i.print_text), (24 bytes).
    Removing glcd_scroll.o(i.refresh_lcd), (80 bytes).
    Removing glcd_scroll.o(.bss), (525 bytes).
    Removing glcd_scroll.o(.data), (20 bytes).
    Removing startup_lpc17xx.o(HEAP), (8192 bytes).
    Removing system_lpc17xx.o(.rev16_text), (4 bytes).
    Removing system_lpc17xx.o(.revsh_text), (4 bytes).
    Removing system_lpc17xx.o(.rrx_text), (6 bytes).
    Removing system_lpc17xx.o(i.SystemCoreClockUpdate), (424 bytes).
    Removing system_lpc17xx.o(.data), (4 bytes).
    Removing rt_cmsis.o(.rev16_text), (4 bytes).
    Removing rt_cmsis.o(.revsh_text), (4 bytes).
    Removing rt_cmsis.o(.rrx_text), (6 bytes).
    Removing rt_cmsis.o(i.isrSemaphoreRelease), (40 bytes).
    Removing rt_cmsis.o(i.isrSignalSet), (36 bytes).
    Removing rt_cmsis.o(i.osKernelRunning), (36 bytes).
    Removing rt_cmsis.o(i.osKernelSysTick), (24 bytes).
    Removing rt_cmsis.o(i.osMailAlloc), (28 bytes).
    Removing rt_cmsis.o(i.osMailCAlloc), (48 bytes).
    Removing rt_cmsis.o(i.osMailCreate), (44 bytes).
    Removing rt_cmsis.o(i.osMailFree), (28 bytes).
    Removing rt_cmsis.o(i.osMailGet), (22 bytes).
    Removing rt_cmsis.o(i.osMailPut), (20 bytes).
    Removing rt_cmsis.o(i.osMessageCreate), (44 bytes).
    Removing rt_cmsis.o(i.osMessagePut), (24 bytes).
    Removing rt_cmsis.o(i.osMutexCreate), (44 bytes).
    Removing rt_cmsis.o(i.osMutexDelete), (24 bytes).
    Removing rt_cmsis.o(i.osMutexRelease), (24 bytes).
    Removing rt_cmsis.o(i.osMutexWait), (24 bytes).
    Removing rt_cmsis.o(i.osPoolAlloc), (32 bytes).
    Removing rt_cmsis.o(i.osPoolCAlloc), (52 bytes).
    Removing rt_cmsis.o(i.osPoolCreate), (44 bytes).
    Removing rt_cmsis.o(i.osPoolFree), (32 bytes).
    Removing rt_cmsis.o(i.osSemaphoreCreate), (44 bytes).
    Removing rt_cmsis.o(i.osSemaphoreDelete), (24 bytes).
    Removing rt_cmsis.o(i.osSemaphoreRelease), (24 bytes).
    Removing rt_cmsis.o(i.osSemaphoreWait), (24 bytes).
    Removing rt_cmsis.o(i.osSignalClear), (24 bytes).
    Removing rt_cmsis.o(i.osSignalSet), (24 bytes).
    Removing rt_cmsis.o(i.osSignalWait), (24 bytes).
    Removing rt_cmsis.o(i.osThreadGetId), (24 bytes).
    Removing rt_cmsis.o(i.osThreadGetPriority), (24 bytes).
    Removing rt_cmsis.o(i.osThreadSetPriority), (24 bytes).
    Removing rt_cmsis.o(i.osThreadTerminate), (24 bytes).
    Removing rt_cmsis.o(i.osThreadYield), (24 bytes).
    Removing rt_cmsis.o(i.osTimerCreate), (44 bytes).
    Removing rt_cmsis.o(i.osTimerDelete), (24 bytes).
    Removing rt_cmsis.o(i.osTimerStart), (24 bytes).
    Removing rt_cmsis.o(i.osTimerStop), (24 bytes).
    Removing rt_cmsis.o(i.osWait), (4 bytes).
    Removing rt_cmsis.o(i.os_resume), (12 bytes).
    Removing rt_cmsis.o(i.os_suspend), (12 bytes).
    Removing rt_cmsis.o(i.rt_clr_box), (24 bytes).
    Removing rt_cmsis.o(i.rt_timer_remove), (60 bytes).
    Removing rt_cmsis.o(i.svcKernelRunning), (12 bytes).
    Removing rt_cmsis.o(i.svcKernelSysTick), (56 bytes).
    Removing rt_cmsis.o(i.svcMailCreate), (66 bytes).
    Removing rt_cmsis.o(i.svcMessagePut), (54 bytes).
    Removing rt_cmsis.o(i.svcMutexCreate), (28 bytes).
    Removing rt_cmsis.o(i.svcMutexDelete), (26 bytes).
    Removing rt_cmsis.o(i.svcMutexRelease), (34 bytes).
    Removing rt_cmsis.o(i.svcMutexWait), (58 bytes).
    Removing rt_cmsis.o(i.svcPoolCreate), (40 bytes).
    Removing rt_cmsis.o(i.svcSemaphoreCreate), (36 bytes).
    Removing rt_cmsis.o(i.svcSemaphoreDelete), (26 bytes).
    Removing rt_cmsis.o(i.svcSemaphoreRelease), (40 bytes).
    Removing rt_cmsis.o(i.svcSemaphoreWait), (50 bytes).
    Removing rt_cmsis.o(i.svcSignalClear), (36 bytes).
    Removing rt_cmsis.o(i.svcSignalSet), (36 bytes).
    Removing rt_cmsis.o(i.svcSignalWait), (84 bytes).
    Removing rt_cmsis.o(i.svcThreadGetPriority), (18 bytes).
    Removing rt_cmsis.o(i.svcThreadSetPriority), (46 bytes).
    Removing rt_cmsis.o(i.svcThreadYield), (10 bytes).
    Removing rt_cmsis.o(i.svcTimerCreate), (56 bytes).
    Removing rt_cmsis.o(i.svcTimerDelete), (40 bytes).
    Removing rt_cmsis.o(i.svcTimerStart), (100 bytes).
    Removing rt_cmsis.o(i.svcTimerStop), (36 bytes).
    Removing rt_cmsis.o(i.sysMailAlloc), (88 bytes).
    Removing rt_cmsis.o(i.sysMailFree), (96 bytes).
    Removing rt_cmsis.o(i.sysPoolAlloc), (10 bytes).
    Removing rt_cmsis.o(i.sysPoolFree), (20 bytes).
    Removing rt_cmsis.o(i.sysUserTimerUpdate), (48 bytes).
    Removing rt_cmsis.o(i.sysUserTimerWakeupTime), (20 bytes).
    Removing rt_task.o(i.rt_tsk_pass), (48 bytes).
    Removing rt_system.o(.emb_text), (0 bytes).
    Removing rt_system.o(i.os_tick_ovf), (16 bytes).
    Removing rt_system.o(i.os_tick_val), (20 bytes).
    Removing rt_system.o(i.rt_resume), (136 bytes).
    Removing rt_system.o(i.rt_suspend), (36 bytes).
    Removing rt_system.o(i.rt_tsk_lock), (80 bytes).
    Removing rt_system.o(i.rt_tsk_unlock), (80 bytes).
    Removing rt_event.o(i.isr_evt_set), (40 bytes).
    Removing rt_event.o(i.rt_evt_clr), (28 bytes).
    Removing rt_event.o(i.rt_evt_get), (12 bytes).
    Removing rt_event.o(i.rt_evt_set), (92 bytes).
    Removing rt_event.o(i.rt_evt_wait), (60 bytes).
    Removing rt_list.o(i.rt_get_same_rdy_prio), (36 bytes).
    Removing rt_mailbox.o(i.rt_mbx_send), (152 bytes).
    Removing rt_semaphore.o(i.isr_sem_send), (16 bytes).
    Removing rt_semaphore.o(i.rt_sem_delete), (92 bytes).
    Removing rt_semaphore.o(i.rt_sem_init), (12 bytes).
    Removing rt_semaphore.o(i.rt_sem_send), (42 bytes).
    Removing rt_semaphore.o(i.rt_sem_wait), (64 bytes).
    Removing rt_time.o(i.rt_itv_set), (24 bytes).
    Removing rt_time.o(i.rt_itv_wait), (40 bytes).
    Removing rt_time.o(i.rt_time_get), (12 bytes).
    Removing rt_mutex.o(i.rt_mut_delete), (176 bytes).
    Removing rt_mutex.o(i.rt_mut_init), (16 bytes).
    Removing rt_mutex.o(i.rt_mut_release), (216 bytes).
    Removing rt_mutex.o(i.rt_mut_wait), (120 bytes).
    Removing rt_membox.o(i._calloc_box), (30 bytes).

169 unused section(s) (total 22537 bytes) removed from the image.

==============================================================================

Image Symbol Table

    Local Symbols

    Symbol Name                              Value     Ov Type        Size  Object(Section)

    RESET                                    0x00000000   Section      204  startup_lpc17xx.o(RESET)
    ../clib/../cmprslib/zerorunl2.c          0x00000000   Number         0  __dczerorl2.o ABSOLUTE
    ../clib/microlib/division.c              0x00000000   Number         0  uldiv.o ABSOLUTE
    ../clib/microlib/init/entry.s            0x00000000   Number         0  entry11b.o ABSOLUTE
    ../clib/microlib/init/entry.s            0x00000000   Number         0  entry8b.o ABSOLUTE
    ../clib/microlib/init/entry.s            0x00000000   Number         0  entry8a.o ABSOLUTE
    ../clib/microlib/init/entry.s            0x00000000   Number         0  entry.o ABSOLUTE
    ../clib/microlib/init/entry.s            0x00000000   Number         0  entry2.o ABSOLUTE
    ../clib/microlib/init/entry.s            0x00000000   Number         0  entry5.o ABSOLUTE
    ../clib/microlib/init/entry.s            0x00000000   Number         0  entry7b.o ABSOLUTE
    ../clib/microlib/init/entry.s            0x00000000   Number         0  entry7a.o ABSOLUTE
    ../clib/microlib/init/entry.s            0x00000000   Number         0  entry11a.o ABSOLUTE
    ../clib/microlib/init/entry.s            0x00000000   Number         0  entry10b.o ABSOLUTE
    ../clib/microlib/init/entry.s            0x00000000   Number         0  entry10a.o ABSOLUTE
    ../clib/microlib/longlong.c              0x00000000   Number         0  llshl.o ABSOLUTE
    ../clib/microlib/longlong.c              0x00000000   Number         0  llushr.o ABSOLUTE
    ..\HAL_CM.c                              0x00000000   Number         0  hal_cm.o ABSOLUTE
    ..\\rt_CMSIS.c                           0x00000000   Number         0  rt_cmsis.o ABSOLUTE
    ..\\rt_System.c                          0x00000000   Number         0  rt_system.o ABSOLUTE
    ..\rt_CMSIS.c                            0x00000000   Number         0  rt_cmsis.o ABSOLUTE
    ..\rt_Event.c                            0x00000000   Number         0  rt_event.o ABSOLUTE
    ..\rt_List.c                             0x00000000   Number         0  rt_list.o ABSOLUTE
    ..\rt_Mailbox.c                          0x00000000   Number         0  rt_mailbox.o ABSOLUTE
    ..\rt_MemBox.c                           0x00000000   Number         0  rt_membox.o ABSOLUTE
    ..\rt_Memory.c                           0x00000000   Number         0  rt_memory.o ABSOLUTE
    ..\rt_Mutex.c                            0x00000000   Number         0  rt_mutex.o ABSOLUTE
    ..\rt_Robin.c                            0x00000000   Number         0  rt_robin.o ABSOLUTE
    ..\rt_Semaphore.c                        0x00000000   Number         0  rt_semaphore.o ABSOLUTE
    ..\rt_System.c                           0x00000000   Number         0  rt_system.o ABSOLUTE
    ..\rt_Task.c                             0x00000000   Number         0  rt_task.o ABSOLUTE
    ..\rt_Time.c                             0x00000000   Number         0  rt_time.o ABSOLUTE
    GLCD_SPI_LPC1700.c                       0x00000000   Number         0  glcd_spi_lpc1700.o ABSOLUTE
    GLCD_SPI_LPC1700.c                       0x00000000   Number         0  glcd_spi_lpc1700.o ABSOLUTE
    GLCD_Scroll.c                            0x00000000   Number         0  glcd_scroll.o ABSOLUTE
    GLCD_Scroll.c                            0x00000000   Number         0  glcd_scroll.o ABSOLUTE
    HAL_CM3.c                                0x00000000   Number         0  hal_cm3.o ABSOLUTE
    HAL_CM3.c                                0x00000000   Number         0  hal_cm3.o ABSOLUTE
    RTE\CMSIS\RTX_Conf_CM.c                  0x00000000   Number         0  rtx_conf_cm.o ABSOLUTE
    RTE\Device\LPC1768\startup_LPC17xx.s     0x00000000   Number         0  startup_lpc17xx.o ABSOLUTE
    RTE\Device\LPC1768\system_LPC17xx.c      0x00000000   Number         0  system_lpc17xx.o ABSOLUTE
    RTE\\Device\\LPC1768\\system_LPC17xx.c   0x00000000   Number         0  system_lpc17xx.o ABSOLUTE
    Retarget.c                               0x00000000   Number         0  retarget.o ABSOLUTE
    SVC_Table.s                              0x00000000   Number         0  svc_table.o ABSOLUTE
    dc.s                                     0x00000000   Number         0  dc.o ABSOLUTE
    handlers.s                               0x00000000   Number         0  handlers.o ABSOLUTE
    init.s                                   0x00000000   Number         0  init.o ABSOLUTE
    lfsr113.c                                0x00000000   Number         0  lfsr113.o ABSOLUTE
    main.c                                   0x00000000   Number         0  main.o ABSOLUTE
    main.c                                   0x00000000   Number         0  main.o ABSOLUTE
    uart.c                                   0x00000000   Number         0  uart.o ABSOLUTE
    uart.c                                   0x00000000   Number         0  uart.o ABSOLUTE
    .ARM.Collect$$$$00000000                 0x000000cc   Section        0  entry.o(.ARM.Collect$$$$00000000)
    .ARM.Collect$$$$00000001                 0x000000cc   Section        4  entry2.o(.ARM.Collect$$$$00000001)
    .ARM.Collect$$$$00000004                 0x000000d0   Section        4  entry5.o(.ARM.Collect$$$$00000004)
    .ARM.Collect$$$$00000008                 0x000000d4   Section        0  entry7b.o(.ARM.Collect$$$$00000008)
    .ARM.Collect$$$$0000000A                 0x000000d4   Section        0  entry8b.o(.ARM.Collect$$$$0000000A)
    .ARM.Collect$$$$0000000D                 0x000000d4   Section        0  entry10a.o(.ARM.Collect$$$$0000000D)
    .ARM.Collect$$$$0000000F                 0x000000d4   Section        0  entry11a.o(.ARM.Collect$$$$0000000F)
    .ARM.Collect$$$$000000FF                 0x000000d4   Section        0  rtx_conf_cm.o(.ARM.Collect$$$$000000FF)
    .ARM.Collect$$$$00002712                 0x000000ec   Section        4  entry2.o(.ARM.Collect$$$$00002712)
    __lit__00000000                          0x000000ec   Data           4  entry2.o(.ARM.Collect$$$$00002712)
    .emb_text                                0x000000f0   Section      304  hal_cm3.o(.emb_text)
    .text                                    0x00000220   Section       36  startup_lpc17xx.o(.text)
    .text                                    0x00000244   Section       36  init.o(.text)
    .text                                    0x00000268   Section        0  __dczerorl2.o(.text)
    SVC_TABLE                                0x000002c0   Section        4  svc_table.o(SVC_TABLE)
    i.GLCD_Clear                             0x000002c4   Section        0  glcd_spi_lpc1700.o(i.GLCD_Clear)
    i.__scatterload_copy                     0x000002ee   Section       14  handlers.o(i.__scatterload_copy)
    .ARM.__at_0x02FC                         0x000002fc   Section        4  startup_lpc17xx.o(.ARM.__at_0x02FC)
    i.GLCD_Bitmap                            0x00000300   Section        0  glcd_spi_lpc1700.o(i.GLCD_Bitmap)
    i.GLCD_Init                              0x00000354   Section        0  glcd_spi_lpc1700.o(i.GLCD_Init)
    i.GLCD_SetWindow                         0x0000093c   Section        0  glcd_spi_lpc1700.o(i.GLCD_SetWindow)
    i.GLCD_WindowMax                         0x000009e8   Section        0  glcd_spi_lpc1700.o(i.GLCD_WindowMax)
    i.SystemInit                             0x000009fc   Section        0  system_lpc17xx.o(i.SystemInit)
    i.UART0_IRQHandler                       0x00000b3c   Section        0  uart.o(i.UART0_IRQHandler)
    i.UART1_IRQHandler                       0x00000ba4   Section        0  uart.o(i.UART1_IRQHandler)
    i.__scatterload_null                     0x00000c14   Section        2  handlers.o(i.__scatterload_null)
    i.__scatterload_zeroinit                 0x00000c16   Section       14  handlers.o(i.__scatterload_zeroinit)
    i._init_box                              0x00000c24   Section        0  rt_membox.o(i._init_box)
    i.dbg_init                               0x00000c6c   Section        0  hal_cm.o(i.dbg_init)
    i.dbg_task_notify                        0x00000c9c   Section        0  hal_cm.o(i.dbg_task_notify)
    i.dbg_task_switch                        0x00000cbc   Section        0  hal_cm.o(i.dbg_task_switch)
    i.delay                                  0x00000ccc   Section        0  glcd_spi_lpc1700.o(i.delay)
    delay                                    0x00000ccd   Thumb Code    14  glcd_spi_lpc1700.o(i.delay)
    i.gameLogic                              0x00000cdc   Section        0  main.o(i.gameLogic)
    i.input                                  0x00000ce8   Section        0  main.o(i.input)
    i.isrMessageGet                          0x00000da4   Section        0  rt_cmsis.o(i.isrMessageGet)
    i.isrMessagePut                          0x00000dce   Section        0  rt_cmsis.o(i.isrMessagePut)
    i.isr_mbx_receive                        0x00000dfc   Section        0  rt_mailbox.o(i.isr_mbx_receive)
    i.isr_mbx_send                           0x00000e52   Section        0  rt_mailbox.o(i.isr_mbx_send)
    i.main                                   0x00000e60   Section        0  main.o(i.main)
    i.osDelay                                0x00000e94   Section        0  rt_cmsis.o(i.osDelay)
    i.osKernelInitialize                     0x00000eac   Section        0  rt_cmsis.o(i.osKernelInitialize)
    i.osKernelStart                          0x00000ed0   Section        0  rt_cmsis.o(i.osKernelStart)
    i.osMessageGet                           0x00000f3c   Section        0  rt_cmsis.o(i.osMessageGet)
    i.osThreadCreate                         0x00000f54   Section        0  rt_cmsis.o(i.osThreadCreate)
    i.osThreadExit                           0x00000f80   Section        0  rt_cmsis.o(i.osThreadExit)
    i.osTimerCall                            0x00000f98   Section        0  rt_cmsis.o(i.osTimerCall)
    i.osTimerThread                          0x00000fa4   Section        0  rt_cmsis.o(i.osTimerThread)
    i.os_error                               0x00000fd0   Section        0  rtx_conf_cm.o(i.os_error)
    i.os_idle_demon                          0x00000ff2   Section        0  rtx_conf_cm.o(i.os_idle_demon)
    i.os_tick_init                           0x00000ff8   Section        0  rt_system.o(i.os_tick_init)
    i.os_tick_irqack                         0x00001020   Section        0  rt_system.o(i.os_tick_irqack)
    i.rd_id_man                              0x00001024   Section        0  glcd_spi_lpc1700.o(i.rd_id_man)
    rd_id_man                                0x00001025   Thumb Code   132  glcd_spi_lpc1700.o(i.rd_id_man)
    i.rd_reg                                 0x000010b0   Section        0  glcd_spi_lpc1700.o(i.rd_reg)
    rd_reg                                   0x000010b1   Thumb Code    66  glcd_spi_lpc1700.o(i.rd_reg)
    i.rt_alloc_box                           0x000010f8   Section        0  rt_membox.o(i.rt_alloc_box)
    i.rt_alloc_mem                           0x00001112   Section        0  rt_memory.o(i.rt_alloc_mem)
    i.rt_block                               0x00001150   Section        0  rt_task.o(i.rt_block)
    i.rt_chk_robin                           0x00001188   Section        0  rt_robin.o(i.rt_chk_robin)
    i.rt_dec_dly                             0x000011d0   Section        0  rt_list.o(i.rt_dec_dly)
    i.rt_dispatch                            0x00001240   Section        0  rt_task.o(i.rt_dispatch)
    i.rt_dly_wait                            0x00001284   Section        0  rt_time.o(i.rt_dly_wait)
    i.rt_evt_psh                             0x0000128c   Section        0  rt_event.o(i.rt_evt_psh)
    i.rt_free_box                            0x000012dc   Section        0  rt_membox.o(i.rt_free_box)
    i.rt_free_mem                            0x00001308   Section        0  rt_memory.o(i.rt_free_mem)
    i.rt_get_first                           0x00001330   Section        0  rt_list.o(i.rt_get_first)
    i.rt_id2obj                              0x00001358   Section        0  rt_cmsis.o(i.rt_id2obj)
    rt_id2obj                                0x00001359   Thumb Code     8  rt_cmsis.o(i.rt_id2obj)
    i.rt_init_context                        0x00001360   Section        0  rt_task.o(i.rt_init_context)
    rt_init_context                          0x00001361   Thumb Code    66  rt_task.o(i.rt_init_context)
    i.rt_init_mem                            0x000013a8   Section        0  rt_memory.o(i.rt_init_mem)
    i.rt_init_robin                          0x000013c4   Section        0  rt_robin.o(i.rt_init_robin)
    i.rt_init_stack                          0x000013dc   Section        0  hal_cm.o(i.rt_init_stack)
    i.rt_mbx_check                           0x0000145c   Section        0  rt_mailbox.o(i.rt_mbx_check)
    i.rt_mbx_init                            0x00001464   Section        0  rt_mailbox.o(i.rt_mbx_init)
    i.rt_mbx_psh                             0x00001480   Section        0  rt_mailbox.o(i.rt_mbx_psh)
    i.rt_mbx_wait                            0x00001570   Section        0  rt_mailbox.o(i.rt_mbx_wait)
    i.rt_ms2tick                             0x00001624   Section        0  rt_cmsis.o(i.rt_ms2tick)
    rt_ms2tick                               0x00001625   Thumb Code    58  rt_cmsis.o(i.rt_ms2tick)
    i.rt_pop_req                             0x00001668   Section        0  rt_system.o(i.rt_pop_req)
    i.rt_psh_req                             0x000016e4   Section        0  rt_system.o(i.rt_psh_req)
    i.rt_psq_enq                             0x00001704   Section        0  rt_list.o(i.rt_psq_enq)
    i.rt_put_dly                             0x00001760   Section        0  rt_list.o(i.rt_put_dly)
    i.rt_put_prio                            0x000017a8   Section        0  rt_list.o(i.rt_put_prio)
    i.rt_put_rdy_first                       0x000017e0   Section        0  rt_list.o(i.rt_put_rdy_first)
    i.rt_resort_prio                         0x000017f4   Section        0  rt_list.o(i.rt_resort_prio)
    i.rt_ret_val                             0x00001828   Section        0  hal_cm.o(i.rt_ret_val)
    i.rt_ret_val2                            0x0000182e   Section        0  hal_cm.o(i.rt_ret_val2)
    i.rt_rmv_dly                             0x00001836   Section        0  rt_list.o(i.rt_rmv_dly)
    i.rt_rmv_list                            0x00001860   Section        0  rt_list.o(i.rt_rmv_list)
    i.rt_sem_psh                             0x00001890   Section        0  rt_semaphore.o(i.rt_sem_psh)
    i.rt_stk_check                           0x000018c4   Section        0  rt_system.o(i.rt_stk_check)
    i.rt_switch_req                          0x000018e8   Section        0  rt_task.o(i.rt_switch_req)
    i.rt_sys_init                            0x00001910   Section        0  rt_task.o(i.rt_sys_init)
    i.rt_sys_start                           0x000019dc   Section        0  rt_task.o(i.rt_sys_start)
    i.rt_systick                             0x00001a54   Section        0  rt_system.o(i.rt_systick)
    i.rt_tid2ptcb                            0x00001a94   Section        0  rt_cmsis.o(i.rt_tid2ptcb)
    rt_tid2ptcb                              0x00001a95   Thumb Code    18  rt_cmsis.o(i.rt_tid2ptcb)
    i.rt_timer_insert                        0x00001aa8   Section        0  rt_cmsis.o(i.rt_timer_insert)
    rt_timer_insert                          0x00001aa9   Thumb Code    48  rt_cmsis.o(i.rt_timer_insert)
    i.rt_tsk_create                          0x00001adc   Section        0  rt_task.o(i.rt_tsk_create)
    i.rt_tsk_delete                          0x00001b64   Section        0  rt_task.o(i.rt_tsk_delete)
    i.rt_tsk_prio                            0x00001ce0   Section        0  rt_task.o(i.rt_tsk_prio)
    i.rt_tsk_self                            0x00001d5c   Section        0  rt_task.o(i.rt_tsk_self)
    i.spi_tran                               0x00001d6c   Section        0  glcd_spi_lpc1700.o(i.spi_tran)
    spi_tran                                 0x00001d6d   Thumb Code    28  glcd_spi_lpc1700.o(i.spi_tran)
    i.spi_tran_man                           0x00001d8c   Section        0  glcd_spi_lpc1700.o(i.spi_tran_man)
    spi_tran_man                             0x00001d8d   Thumb Code   124  glcd_spi_lpc1700.o(i.spi_tran_man)
    i.svcDelay                               0x00001e0c   Section        0  rt_cmsis.o(i.svcDelay)
    i.svcKernelInitialize                    0x00001e20   Section        0  rt_cmsis.o(i.svcKernelInitialize)
    i.svcKernelStart                         0x00001e90   Section        0  rt_cmsis.o(i.svcKernelStart)
    i.svcMessageCreate                       0x00001ed8   Section        0  rt_cmsis.o(i.svcMessageCreate)
    i.svcMessageGet                          0x00001efc   Section        0  rt_cmsis.o(i.svcMessageGet)
    i.svcThreadCreate                        0x00001f38   Section        0  rt_cmsis.o(i.svcThreadCreate)
    i.svcThreadGetId                         0x00001fa4   Section        0  rt_cmsis.o(i.svcThreadGetId)
    i.svcThreadTerminate                     0x00001fc0   Section        0  rt_cmsis.o(i.svcThreadTerminate)
    i.svcTimerCall                           0x00001ff8   Section        0  rt_cmsis.o(i.svcTimerCall)
    i.sysTimerTick                           0x00002010   Section        0  rt_cmsis.o(i.sysTimerTick)
    i.updateDisplay                          0x0000206c   Section        0  main.o(i.updateDisplay)
    i.wr_cmd                                 0x000020b0   Section        0  glcd_spi_lpc1700.o(i.wr_cmd)
    wr_cmd                                   0x000020b1   Thumb Code    36  glcd_spi_lpc1700.o(i.wr_cmd)
    i.wr_dat                                 0x000020d8   Section        0  glcd_spi_lpc1700.o(i.wr_dat)
    wr_dat                                   0x000020d9   Thumb Code    36  glcd_spi_lpc1700.o(i.wr_dat)
    i.wr_dat_only                            0x00002100   Section        0  glcd_spi_lpc1700.o(i.wr_dat_only)
    wr_dat_only                              0x00002101   Thumb Code    18  glcd_spi_lpc1700.o(i.wr_dat_only)
    i.wr_dat_start                           0x00002114   Section        0  glcd_spi_lpc1700.o(i.wr_dat_start)
    wr_dat_start                             0x00002115   Thumb Code    16  glcd_spi_lpc1700.o(i.wr_dat_start)
    i.wr_dat_stop                            0x00002128   Section        0  glcd_spi_lpc1700.o(i.wr_dat_stop)
    wr_dat_stop                              0x00002129   Thumb Code     8  glcd_spi_lpc1700.o(i.wr_dat_stop)
    i.wr_reg                                 0x00002134   Section        0  glcd_spi_lpc1700.o(i.wr_reg)
    wr_reg                                   0x00002135   Thumb Code    20  glcd_spi_lpc1700.o(i.wr_reg)
    .constdata                               0x00002148   Section       52  main.o(.constdata)
    .constdata                               0x0000217c   Section      104  rtx_conf_cm.o(.constdata)
    __tagsym$$used                           0x00002198   Number         0  rtx_conf_cm.o(.constdata)
    __tagsym$$used                           0x0000219c   Number         0  rtx_conf_cm.o(.constdata)
    __tagsym$$used                           0x000021a0   Number         0  rtx_conf_cm.o(.constdata)
    __tagsym$$used                           0x000021a4   Number         0  rtx_conf_cm.o(.constdata)
    .data                                    0x10000000   Section        5  glcd_spi_lpc1700.o(.data)
    Color                                    0x10000000   Data           4  glcd_spi_lpc1700.o(.data)
    Himax                                    0x10000004   Data           1  glcd_spi_lpc1700.o(.data)
    .data                                    0x10000008   Section       32  uart.o(.data)
    .data                                    0x10000028   Section     1540  main.o(.data)
    .data                                    0x1000062c   Section       16  rtx_conf_cm.o(.data)
    .data                                    0x1000063c   Section        8  rt_cmsis.o(.data)
    .data                                    0x10000644   Section        8  rt_task.o(.data)
    .data                                    0x1000064c   Section        8  rt_system.o(.data)
    os_lock                                  0x1000064c   Data           1  rt_system.o(.data)
    os_psh_flag                              0x1000064d   Data           1  rt_system.o(.data)
    pend_flags                               0x1000064e   Data           1  rt_system.o(.data)
    .data                                    0x10000654   Section        4  rt_time.o(.data)
    .data                                    0x10000658   Section        1  hal_cm.o(.data)
    .data                                    0x1000065c   Section        8  rt_robin.o(.data)
    .bss                                     0x10000664   Section      128  uart.o(.bss)
    .bss                                     0x100006e8   Section     4400  rtx_conf_cm.o(.bss)
    .bss                                     0x10001818   Section       52  rt_task.o(.bss)
    .bss                                     0x1000184c   Section       48  rt_list.o(.bss)
    STACK                                    0x10001880   Section     8192  startup_lpc17xx.o(STACK)

    Global Symbols

    Symbol Name                              Value     Ov Type        Size  Object(Section)

    BuildAttributes$$THM_ISAv4$P$D$K$B$S$PE$A:L22UL41UL21$X:L11$S22US41US21$IEEE1$IW$USESV6$~STKCKD$USESV7$~SHL$OSPACE$EBA8$MICROLIB$REQ8$PRES8$EABIv2 0x00000000   Number         0  anon$$obj.o ABSOLUTE
    __ARM_use_no_argv                        0x00000000   Number         0  main.o ABSOLUTE
    __Vectors                                0x00000000   Data           4  startup_lpc17xx.o(RESET)
    __cpp_initialize__aeabi_                  - Undefined Weak Reference
    __cxa_finalize                            - Undefined Weak Reference
    _clock_init                               - Undefined Weak Reference
    _microlib_exit                            - Undefined Weak Reference
    __main                                   0x000000cd   Thumb Code     0  entry.o(.ARM.Collect$$$$00000000)
    _main_stk                                0x000000cd   Thumb Code     0  entry2.o(.ARM.Collect$$$$00000001)
    _main_scatterload                        0x000000d1   Thumb Code     0  entry5.o(.ARM.Collect$$$$00000004)
    __main_after_scatterload                 0x000000d5   Thumb Code     0  entry5.o(.ARM.Collect$$$$00000004)
    __rt_final_cpp                           0x000000d5   Thumb Code     0  entry10a.o(.ARM.Collect$$$$0000000D)
    __rt_final_exit                          0x000000d5   Thumb Code     0  entry11a.o(.ARM.Collect$$$$0000000F)
    _main_clock                              0x000000d5   Thumb Code     0  entry7b.o(.ARM.Collect$$$$00000008)
    _main_cpp_init                           0x000000d5   Thumb Code     0  entry8b.o(.ARM.Collect$$$$0000000A)
    _main_init                               0x000000d5   Thumb Code    18  rtx_conf_cm.o(.ARM.Collect$$$$000000FF)
    rt_set_PSP                               0x000000f1   Thumb Code     6  hal_cm3.o(.emb_text)
    rt_get_PSP                               0x000000f7   Thumb Code     6  hal_cm3.o(.emb_text)
    os_set_env                               0x000000fd   Thumb Code    24  hal_cm3.o(.emb_text)
    _alloc_box                               0x00000119   Thumb Code    28  hal_cm3.o(.emb_text)
    _free_box                                0x00000139   Thumb Code    28  hal_cm3.o(.emb_text)
    SVC_Handler                              0x00000159   Thumb Code   108  hal_cm3.o(.emb_text)
    PendSV_Handler                           0x000001d1   Thumb Code    56  hal_cm3.o(.emb_text)
    SysTick_Handler                          0x0000020d   Thumb Code     8  hal_cm3.o(.emb_text)
    OS_Tick_Handler                          0x00000215   Thumb Code    12  hal_cm3.o(.emb_text)
    Reset_Handler                            0x00000221   Thumb Code     8  startup_lpc17xx.o(.text)
    NMI_Handler                              0x00000229   Thumb Code     2  startup_lpc17xx.o(.text)
    HardFault_Handler                        0x0000022b   Thumb Code     2  startup_lpc17xx.o(.text)
    MemManage_Handler                        0x0000022d   Thumb Code     2  startup_lpc17xx.o(.text)
    BusFault_Handler                         0x0000022f   Thumb Code     2  startup_lpc17xx.o(.text)
    UsageFault_Handler                       0x00000231   Thumb Code     2  startup_lpc17xx.o(.text)
    DebugMon_Handler                         0x00000235   Thumb Code     2  startup_lpc17xx.o(.text)
    ADC_IRQHandler                           0x0000023b   Thumb Code     0  startup_lpc17xx.o(.text)
    BOD_IRQHandler                           0x0000023b   Thumb Code     0  startup_lpc17xx.o(.text)
    CANActivity_IRQHandler                   0x0000023b   Thumb Code     0  startup_lpc17xx.o(.text)
    CAN_IRQHandler                           0x0000023b   Thumb Code     0  startup_lpc17xx.o(.text)
    DMA_IRQHandler                           0x0000023b   Thumb Code     0  startup_lpc17xx.o(.text)
    EINT0_IRQHandler                         0x0000023b   Thumb Code     0  startup_lpc17xx.o(.text)
    EINT1_IRQHandler                         0x0000023b   Thumb Code     0  startup_lpc17xx.o(.text)
    EINT2_IRQHandler                         0x0000023b   Thumb Code     0  startup_lpc17xx.o(.text)
    EINT3_IRQHandler                         0x0000023b   Thumb Code     0  startup_lpc17xx.o(.text)
    ENET_IRQHandler                          0x0000023b   Thumb Code     0  startup_lpc17xx.o(.text)
    I2C0_IRQHandler                          0x0000023b   Thumb Code     0  startup_lpc17xx.o(.text)
    I2C1_IRQHandler                          0x0000023b   Thumb Code     0  startup_lpc17xx.o(.text)
    I2C2_IRQHandler                          0x0000023b   Thumb Code     0  startup_lpc17xx.o(.text)
    I2S_IRQHandler                           0x0000023b   Thumb Code     0  startup_lpc17xx.o(.text)
    MCPWM_IRQHandler                         0x0000023b   Thumb Code     0  startup_lpc17xx.o(.text)
    PLL0_IRQHandler                          0x0000023b   Thumb Code     0  startup_lpc17xx.o(.text)
    PLL1_IRQHandler                          0x0000023b   Thumb Code     0  startup_lpc17xx.o(.text)
    PWM1_IRQHandler                          0x0000023b   Thumb Code     0  startup_lpc17xx.o(.text)
    QEI_IRQHandler                           0x0000023b   Thumb Code     0  startup_lpc17xx.o(.text)
    RIT_IRQHandler                           0x0000023b   Thumb Code     0  startup_lpc17xx.o(.text)
    RTC_IRQHandler                           0x0000023b   Thumb Code     0  startup_lpc17xx.o(.text)
    SPI_IRQHandler                           0x0000023b   Thumb Code     0  startup_lpc17xx.o(.text)
    SSP0_IRQHandler                          0x0000023b   Thumb Code     0  startup_lpc17xx.o(.text)
    SSP1_IRQHandler                          0x0000023b   Thumb Code     0  startup_lpc17xx.o(.text)
    TIMER0_IRQHandler                        0x0000023b   Thumb Code     0  startup_lpc17xx.o(.text)
    TIMER1_IRQHandler                        0x0000023b   Thumb Code     0  startup_lpc17xx.o(.text)
    TIMER2_IRQHandler                        0x0000023b   Thumb Code     0  startup_lpc17xx.o(.text)
    TIMER3_IRQHandler                        0x0000023b   Thumb Code     0  startup_lpc17xx.o(.text)
    UART2_IRQHandler                         0x0000023b   Thumb Code     0  startup_lpc17xx.o(.text)
    UART3_IRQHandler                         0x0000023b   Thumb Code     0  startup_lpc17xx.o(.text)
    USBActivity_IRQHandler                   0x0000023b   Thumb Code     0  startup_lpc17xx.o(.text)
    USB_IRQHandler                           0x0000023b   Thumb Code     0  startup_lpc17xx.o(.text)
    WDT_IRQHandler                           0x0000023b   Thumb Code     0  startup_lpc17xx.o(.text)
    __scatterload                            0x00000245   Thumb Code    28  init.o(.text)
    __scatterload_rt2                        0x00000245   Thumb Code     0  init.o(.text)
    __decompress                             0x00000269   Thumb Code     0  __dczerorl2.o(.text)
    __decompress1                            0x00000269   Thumb Code    86  __dczerorl2.o(.text)
    SVC_Count                                0x000002c0   Data           4  svc_table.o(SVC_TABLE)
    GLCD_Clear                               0x000002c5   Thumb Code    42  glcd_spi_lpc1700.o(i.GLCD_Clear)
    SVC_Table                                0x000002c4   Data           0  svc_table.o(SVC_TABLE)
    __scatterload_copy                       0x000002ef   Thumb Code    14  handlers.o(i.__scatterload_copy)
    GLCD_Bitmap                              0x00000301   Thumb Code    82  glcd_spi_lpc1700.o(i.GLCD_Bitmap)
    GLCD_Init                                0x00000355   Thumb Code  1506  glcd_spi_lpc1700.o(i.GLCD_Init)
    __RL_RTX_VER                             0x00000482   Number         0  rt_system.o ABSOLUTE
    GLCD_SetWindow                           0x0000093d   Thumb Code   168  glcd_spi_lpc1700.o(i.GLCD_SetWindow)
    GLCD_WindowMax                           0x000009e9   Thumb Code    18  glcd_spi_lpc1700.o(i.GLCD_WindowMax)
    SystemInit                               0x000009fd   Thumb Code   302  system_lpc17xx.o(i.SystemInit)
    UART0_IRQHandler                         0x00000b3d   Thumb Code    88  uart.o(i.UART0_IRQHandler)
    UART1_IRQHandler                         0x00000ba5   Thumb Code    90  uart.o(i.UART1_IRQHandler)
    __scatterload_null                       0x00000c15   Thumb Code     2  handlers.o(i.__scatterload_null)
    __scatterload_zeroinit                   0x00000c17   Thumb Code    14  handlers.o(i.__scatterload_zeroinit)
    _init_box                                0x00000c25   Thumb Code    70  rt_membox.o(i._init_box)
    dbg_init                                 0x00000c6d   Thumb Code    34  hal_cm.o(i.dbg_init)
    dbg_task_notify                          0x00000c9d   Thumb Code    32  hal_cm.o(i.dbg_task_notify)
    dbg_task_switch                          0x00000cbd   Thumb Code    16  hal_cm.o(i.dbg_task_switch)
    gameLogic                                0x00000cdd   Thumb Code     8  main.o(i.gameLogic)
    input                                    0x00000ce9   Thumb Code   162  main.o(i.input)
    isrMessageGet                            0x00000da5   Thumb Code    42  rt_cmsis.o(i.isrMessageGet)
    isrMessagePut                            0x00000dcf   Thumb Code    44  rt_cmsis.o(i.isrMessagePut)
    isr_mbx_receive                          0x00000dfd   Thumb Code    86  rt_mailbox.o(i.isr_mbx_receive)
    isr_mbx_send                             0x00000e53   Thumb Code    14  rt_mailbox.o(i.isr_mbx_send)
    main                                     0x00000e61   Thumb Code    38  main.o(i.main)
    osDelay                                  0x00000e95   Thumb Code    18  rt_cmsis.o(i.osDelay)
    osKernelInitialize                       0x00000ead   Thumb Code    30  rt_cmsis.o(i.osKernelInitialize)
    osKernelStart                            0x00000ed1   Thumb Code    98  rt_cmsis.o(i.osKernelStart)
    osMessageGet                             0x00000f3d   Thumb Code    18  rt_cmsis.o(i.osMessageGet)
    osThreadCreate                           0x00000f55   Thumb Code    36  rt_cmsis.o(i.osThreadCreate)
    osThreadExit                             0x00000f81   Thumb Code    14  rt_cmsis.o(i.osThreadExit)
    osTimerCall                              0x00000f99   Thumb Code     8  rt_cmsis.o(i.osTimerCall)
    osTimerThread                            0x00000fa5   Thumb Code    38  rt_cmsis.o(i.osTimerThread)
    os_error                                 0x00000fd1   Thumb Code    34  rtx_conf_cm.o(i.os_error)
    os_idle_demon                            0x00000ff3   Thumb Code     4  rtx_conf_cm.o(i.os_idle_demon)
    os_tick_init                             0x00000ff9   Thumb Code    32  rt_system.o(i.os_tick_init)
    os_tick_irqack                           0x00001021   Thumb Code     2  rt_system.o(i.os_tick_irqack)
    rt_alloc_box                             0x000010f9   Thumb Code    26  rt_membox.o(i.rt_alloc_box)
    rt_alloc_mem                             0x00001113   Thumb Code    62  rt_memory.o(i.rt_alloc_mem)
    rt_block                                 0x00001151   Thumb Code    48  rt_task.o(i.rt_block)
    rt_chk_robin                             0x00001189   Thumb Code    60  rt_robin.o(i.rt_chk_robin)
    rt_dec_dly                               0x000011d1   Thumb Code   102  rt_list.o(i.rt_dec_dly)
    rt_dispatch                              0x00001241   Thumb Code    60  rt_task.o(i.rt_dispatch)
    rt_dly_wait                              0x00001285   Thumb Code     6  rt_time.o(i.rt_dly_wait)
    rt_evt_psh                               0x0000128d   Thumb Code    76  rt_event.o(i.rt_evt_psh)
    rt_free_box                              0x000012dd   Thumb Code    44  rt_membox.o(i.rt_free_box)
    rt_free_mem                              0x00001309   Thumb Code    40  rt_memory.o(i.rt_free_mem)
    rt_get_first                             0x00001331   Thumb Code    40  rt_list.o(i.rt_get_first)
    rt_init_mem                              0x000013a9   Thumb Code    26  rt_memory.o(i.rt_init_mem)
    rt_init_robin                            0x000013c5   Thumb Code    14  rt_robin.o(i.rt_init_robin)
    rt_init_stack                            0x000013dd   Thumb Code   118  hal_cm.o(i.rt_init_stack)
    rt_mbx_check                             0x0000145d   Thumb Code     8  rt_mailbox.o(i.rt_mbx_check)
    rt_mbx_init                              0x00001465   Thumb Code    26  rt_mailbox.o(i.rt_mbx_init)
    rt_mbx_psh                               0x00001481   Thumb Code   236  rt_mailbox.o(i.rt_mbx_psh)
    rt_mbx_wait                              0x00001571   Thumb Code   174  rt_mailbox.o(i.rt_mbx_wait)
    rt_pop_req                               0x00001669   Thumb Code   112  rt_system.o(i.rt_pop_req)
    rt_psh_req                               0x000016e5   Thumb Code    22  rt_system.o(i.rt_psh_req)
    rt_psq_enq                               0x00001705   Thumb Code    88  rt_list.o(i.rt_psq_enq)
    rt_put_dly                               0x00001761   Thumb Code    68  rt_list.o(i.rt_put_dly)
    rt_put_prio                              0x000017a9   Thumb Code    54  rt_list.o(i.rt_put_prio)
    rt_put_rdy_first                         0x000017e1   Thumb Code    14  rt_list.o(i.rt_put_rdy_first)
    rt_resort_prio                           0x000017f5   Thumb Code    46  rt_list.o(i.rt_resort_prio)
    rt_ret_val                               0x00001829   Thumb Code     6  hal_cm.o(i.rt_ret_val)
    rt_ret_val2                              0x0000182f   Thumb Code     8  hal_cm.o(i.rt_ret_val2)
    rt_rmv_dly                               0x00001837   Thumb Code    40  rt_list.o(i.rt_rmv_dly)
    rt_rmv_list                              0x00001861   Thumb Code    44  rt_list.o(i.rt_rmv_list)
    rt_sem_psh                               0x00001891   Thumb Code    48  rt_semaphore.o(i.rt_sem_psh)
    rt_stk_check                             0x000018c5   Thumb Code    28  rt_system.o(i.rt_stk_check)
    rt_switch_req                            0x000018e9   Thumb Code    30  rt_task.o(i.rt_switch_req)
    rt_sys_init                              0x00001911   Thumb Code   138  rt_task.o(i.rt_sys_init)
    rt_sys_start                             0x000019dd   Thumb Code   110  rt_task.o(i.rt_sys_start)
    rt_systick                               0x00001a55   Thumb Code    50  rt_system.o(i.rt_systick)
    rt_tsk_create                            0x00001add   Thumb Code   118  rt_task.o(i.rt_tsk_create)
    rt_tsk_delete                            0x00001b65   Thumb Code   352  rt_task.o(i.rt_tsk_delete)
    rt_tsk_prio                              0x00001ce1   Thumb Code   108  rt_task.o(i.rt_tsk_prio)
    rt_tsk_self                              0x00001d5d   Thumb Code    12  rt_task.o(i.rt_tsk_self)
    svcDelay                                 0x00001e0d   Thumb Code    18  rt_cmsis.o(i.svcDelay)
    svcKernelInitialize                      0x00001e21   Thumb Code    80  rt_cmsis.o(i.svcKernelInitialize)
    svcKernelStart                           0x00001e91   Thumb Code    62  rt_cmsis.o(i.svcKernelStart)
    svcMessageCreate                         0x00001ed9   Thumb Code    36  rt_cmsis.o(i.svcMessageCreate)
    svcMessageGet                            0x00001efd   Thumb Code    58  rt_cmsis.o(i.svcMessageGet)
    svcThreadCreate                          0x00001f39   Thumb Code    96  rt_cmsis.o(i.svcThreadCreate)
    svcThreadGetId                           0x00001fa5   Thumb Code    22  rt_cmsis.o(i.svcThreadGetId)
    svcThreadTerminate                       0x00001fc1   Thumb Code    50  rt_cmsis.o(i.svcThreadTerminate)
    svcTimerCall                             0x00001ff9   Thumb Code    24  rt_cmsis.o(i.svcTimerCall)
    sysTimerTick                             0x00002011   Thumb Code    84  rt_cmsis.o(i.sysTimerTick)
    updateDisplay                            0x0000206d   Thumb Code    58  main.o(i.updateDisplay)
    BlinkRate                                0x00002148   Data           4  main.o(.constdata)
    os_thread_def_input                      0x0000214c   Data          16  main.o(.constdata)
    os_thread_def_updateDisplay              0x0000215c   Data          16  main.o(.constdata)
    os_thread_def_gameLogic                  0x0000216c   Data          16  main.o(.constdata)
    os_maxtaskrun                            0x0000217c   Data           2  rtx_conf_cm.o(.constdata)
    os_stackinfo                             0x00002180   Data           4  rtx_conf_cm.o(.constdata)
    os_rrobin                                0x00002184   Data           4  rtx_conf_cm.o(.constdata)
    os_tickfreq                              0x00002188   Data           4  rtx_conf_cm.o(.constdata)
    os_tickus_i                              0x0000218c   Data           2  rtx_conf_cm.o(.constdata)
    os_tickus_f                              0x0000218e   Data           2  rtx_conf_cm.o(.constdata)
    os_trv                                   0x00002190   Data           4  rtx_conf_cm.o(.constdata)
    os_flags                                 0x00002194   Data           1  rtx_conf_cm.o(.constdata)
    CMSIS_RTOS_API_Version                   0x00002198   Data           4  rtx_conf_cm.o(.constdata)
    CMSIS_RTOS_RTX_Version                   0x0000219c   Data           4  rtx_conf_cm.o(.constdata)
    os_clockrate                             0x000021a0   Data           4  rtx_conf_cm.o(.constdata)
    os_timernum                              0x000021a4   Data           4  rtx_conf_cm.o(.constdata)
    mp_tcb_size                              0x000021a8   Data           2  rtx_conf_cm.o(.constdata)
    mp_stk_size                              0x000021ac   Data           4  rtx_conf_cm.o(.constdata)
    os_stack_sz                              0x000021b0   Data           4  rtx_conf_cm.o(.constdata)
    os_fifo_size                             0x000021b4   Data           1  rtx_conf_cm.o(.constdata)
    os_thread_def_osTimerThread              0x000021b8   Data          16  rtx_conf_cm.o(.constdata)
    os_messageQ_def_osTimerMessageQ          0x000021c8   Data           8  rtx_conf_cm.o(.constdata)
    mp_tmr_size                              0x000021d0   Data           2  rtx_conf_cm.o(.constdata)
    os_thread_def_main                       0x000021d4   Data          16  rtx_conf_cm.o(.constdata)
    Region$$Table$$Base                      0x000021e4   Number         0  anon$$obj.o(Region$$Table)
    Region$$Table$$Limit                     0x00002204   Number         0  anon$$obj.o(Region$$Table)
    ITM_RxBuffer                             0x10000008   Data           4  uart.o(.data)
    UART0Status                              0x1000000c   Data           4  uart.o(.data)
    UART1Status                              0x10000010   Data           4  uart.o(.data)
    UART0TxEmpty                             0x10000014   Data           1  uart.o(.data)
    UART1TxEmpty                             0x10000015   Data           1  uart.o(.data)
    UART0Count                               0x10000018   Data           4  uart.o(.data)
    UART1Count                               0x1000001c   Data           4  uart.o(.data)
    RcvLock0                                 0x10000020   Data           1  uart.o(.data)
    SndLock0                                 0x10000021   Data           1  uart.o(.data)
    RcvLock1                                 0x10000022   Data           1  uart.o(.data)
    SndLock1                                 0x10000023   Data           1  uart.o(.data)
    i                                        0x10000024   Data           4  uart.o(.data)
    player_bitmap                            0x10000028   Data        1536  main.o(.data)
    player_direction                         0x10000628   Data           2  main.o(.data)
    buttonPressed                            0x1000062a   Data           1  main.o(.data)
    blinkLEDs                                0x1000062b   Data           1  main.o(.data)
    osThreadId_osTimerThread                 0x1000062c   Data           4  rtx_conf_cm.o(.data)
    osMessageQId_osTimerMessageQ             0x10000630   Data           4  rtx_conf_cm.o(.data)
    os_tmr                                   0x10000634   Data           4  rtx_conf_cm.o(.data)
    m_tmr                                    0x10000638   Data           4  rtx_conf_cm.o(.data)
    os_initialized                           0x1000063c   Data           1  rt_cmsis.o(.data)
    os_running                               0x1000063d   Data           1  rt_cmsis.o(.data)
    os_timer_head                            0x10000640   Data           4  rt_cmsis.o(.data)
    os_tsk                                   0x10000644   Data           8  rt_task.o(.data)
    os_tick_irqn                             0x10000650   Data           4  rt_system.o(.data)
    os_time                                  0x10000654   Data           4  rt_time.o(.data)
    dbg_msg                                  0x10000658   Data           1  hal_cm.o(.data)
    os_robin                                 0x1000065c   Data           8  rt_robin.o(.data)
    UART0Buffer                              0x10000664   Data          64  uart.o(.bss)
    UART1Buffer                              0x100006a4   Data          64  uart.o(.bss)
    mp_tcb                                   0x100006e8   Data         376  rtx_conf_cm.o(.bss)
    mp_stk                                   0x10000860   Data        3088  rtx_conf_cm.o(.bss)
    os_stack_mem                             0x10001470   Data         744  rtx_conf_cm.o(.bss)
    os_fifo                                  0x10001758   Data         132  rtx_conf_cm.o(.bss)
    os_active_TCB                            0x100017dc   Data          28  rtx_conf_cm.o(.bss)
    os_messageQ_q_osTimerMessageQ            0x100017f8   Data          32  rtx_conf_cm.o(.bss)
    os_idle_TCB                              0x10001818   Data          52  rt_task.o(.bss)
    os_rdy                                   0x1000184c   Data          24  rt_list.o(.bss)
    os_dly                                   0x10001864   Data          24  rt_list.o(.bss)
    __initial_sp                             0x10003880   Data           0  startup_lpc17xx.o(STACK)



==============================================================================

Memory Map of the image

  Image Entry point : 0x00000221

  Load Region LR_1 (Base: 0x00000000, Size: 0x00002868, Max: 0xffffffff, ABSOLUTE, COMPRESSED[0x00002238])

    Execution Region ER_RO (Exec base: 0x00000000, Load base: 0x00000000, Size: 0x00002204, Max: 0xffffffff, ABSOLUTE)

    Exec Addr    Load Addr    Size         Type   Attr      Idx    E Section Name        Object

    0x00000000   0x00000000   0x000000cc   Data   RO          623    RESET               startup_lpc17xx.o
    0x000000cc   0x000000cc   0x00000000   Code   RO         1875  * .ARM.Collect$$$$00000000  mc_w.l(entry.o)
    0x000000cc   0x000000cc   0x00000004   Code   RO         1880    .ARM.Collect$$$$00000001  mc_w.l(entry2.o)
    0x000000d0   0x000000d0   0x00000004   Code   RO         1883    .ARM.Collect$$$$00000004  mc_w.l(entry5.o)
    0x000000d4   0x000000d4   0x00000000   Code   RO         1885    .ARM.Collect$$$$00000008  mc_w.l(entry7b.o)
    0x000000d4   0x000000d4   0x00000000   Code   RO         1887    .ARM.Collect$$$$0000000A  mc_w.l(entry8b.o)
    0x000000d4   0x000000d4   0x00000000   Code   RO         1888    .ARM.Collect$$$$0000000D  mc_w.l(entry10a.o)
    0x000000d4   0x000000d4   0x00000000   Code   RO         1890    .ARM.Collect$$$$0000000F  mc_w.l(entry11a.o)
    0x000000d4   0x000000d4   0x00000018   Code   RO          586    .ARM.Collect$$$$000000FF  rtx_conf_cm.o
    0x000000ec   0x000000ec   0x00000004   Code   RO         1881    .ARM.Collect$$$$00002712  mc_w.l(entry2.o)
    0x000000f0   0x000000f0   0x00000130   Code   RO         1862    .emb_text           RTX_CM3.lib(hal_cm3.o)
    0x00000220   0x00000220   0x00000024   Code   RO          625  * .text               startup_lpc17xx.o
    0x00000244   0x00000244   0x00000024   Code   RO         1896    .text               mc_w.l(init.o)
    0x00000268   0x00000268   0x00000056   Code   RO         1906    .text               mc_w.l(__dczerorl2.o)
    0x000002be   0x000002be   0x00000002   PAD
    0x000002c0   0x000002c0   0x00000004   Code   RO         1872    SVC_TABLE           RTX_CM3.lib(svc_table.o)
    0x000002c4   0x000002c4   0x0000002a   Code   RO            6    i.GLCD_Clear        glcd_spi_lpc1700.o
    0x000002ee   0x000002ee   0x0000000e   Code   RO         1900    i.__scatterload_copy  mc_w.l(handlers.o)
    0x000002fc   0x000002fc   0x00000004   Code   RO          624    .ARM.__at_0x02FC    startup_lpc17xx.o
    0x00000300   0x00000300   0x00000052   Code   RO            5    i.GLCD_Bitmap       glcd_spi_lpc1700.o
    0x00000352   0x00000352   0x00000002   PAD
    0x00000354   0x00000354   0x000005e8   Code   RO           11    i.GLCD_Init         glcd_spi_lpc1700.o
    0x0000093c   0x0000093c   0x000000ac   Code   RO           16    i.GLCD_SetWindow    glcd_spi_lpc1700.o
    0x000009e8   0x000009e8   0x00000012   Code   RO           17    i.GLCD_WindowMax    glcd_spi_lpc1700.o
    0x000009fa   0x000009fa   0x00000002   PAD
    0x000009fc   0x000009fc   0x00000140   Code   RO          635    i.SystemInit        system_lpc17xx.o
    0x00000b3c   0x00000b3c   0x00000068   Code   RO          302    i.UART0_IRQHandler  uart.o
    0x00000ba4   0x00000ba4   0x00000070   Code   RO          303    i.UART1_IRQHandler  uart.o
    0x00000c14   0x00000c14   0x00000002   Code   RO         1901    i.__scatterload_null  mc_w.l(handlers.o)
    0x00000c16   0x00000c16   0x0000000e   Code   RO         1902    i.__scatterload_zeroinit  mc_w.l(handlers.o)
    0x00000c24   0x00000c24   0x00000046   Code   RO         1740    i._init_box         RTX_CM3.lib(rt_membox.o)
    0x00000c6a   0x00000c6a   0x00000002   PAD
    0x00000c6c   0x00000c6c   0x00000030   Code   RO         1793    i.dbg_init          RTX_CM3.lib(hal_cm.o)
    0x00000c9c   0x00000c9c   0x00000020   Code   RO         1794    i.dbg_task_notify   RTX_CM3.lib(hal_cm.o)
    0x00000cbc   0x00000cbc   0x00000010   Code   RO         1795    i.dbg_task_switch   RTX_CM3.lib(hal_cm.o)
    0x00000ccc   0x00000ccc   0x0000000e   Code   RO           20    i.delay             glcd_spi_lpc1700.o
    0x00000cda   0x00000cda   0x00000002   PAD
    0x00000cdc   0x00000cdc   0x0000000c   Code   RO          410    i.gameLogic         main.o
    0x00000ce8   0x00000ce8   0x000000bc   Code   RO          411    i.input             main.o
    0x00000da4   0x00000da4   0x0000002a   Code   RO          670    i.isrMessageGet     RTX_CM3.lib(rt_cmsis.o)
    0x00000dce   0x00000dce   0x0000002c   Code   RO          671    i.isrMessagePut     RTX_CM3.lib(rt_cmsis.o)
    0x00000dfa   0x00000dfa   0x00000002   PAD
    0x00000dfc   0x00000dfc   0x00000056   Code   RO         1586    i.isr_mbx_receive   RTX_CM3.lib(rt_mailbox.o)
    0x00000e52   0x00000e52   0x0000000e   Code   RO         1587    i.isr_mbx_send      RTX_CM3.lib(rt_mailbox.o)
    0x00000e60   0x00000e60   0x00000034   Code   RO          412    i.main              main.o
    0x00000e94   0x00000e94   0x00000018   Code   RO          674    i.osDelay           RTX_CM3.lib(rt_cmsis.o)
    0x00000eac   0x00000eac   0x00000024   Code   RO          675    i.osKernelInitialize  RTX_CM3.lib(rt_cmsis.o)
    0x00000ed0   0x00000ed0   0x0000006c   Code   RO          677    i.osKernelStart     RTX_CM3.lib(rt_cmsis.o)
    0x00000f3c   0x00000f3c   0x00000018   Code   RO          686    i.osMessageGet      RTX_CM3.lib(rt_cmsis.o)
    0x00000f54   0x00000f54   0x0000002c   Code   RO          703    i.osThreadCreate    RTX_CM3.lib(rt_cmsis.o)
    0x00000f80   0x00000f80   0x00000018   Code   RO          704    i.osThreadExit      RTX_CM3.lib(rt_cmsis.o)
    0x00000f98   0x00000f98   0x0000000c   Code   RO          710    i.osTimerCall       RTX_CM3.lib(rt_cmsis.o)
    0x00000fa4   0x00000fa4   0x0000002c   Code   RO          715    i.osTimerThread     RTX_CM3.lib(rt_cmsis.o)
    0x00000fd0   0x00000fd0   0x00000022   Code   RO          587    i.os_error          rtx_conf_cm.o
    0x00000ff2   0x00000ff2   0x00000004   Code   RO          588    i.os_idle_demon     rtx_conf_cm.o
    0x00000ff6   0x00000ff6   0x00000002   PAD
    0x00000ff8   0x00000ff8   0x00000028   Code   RO         1374    i.os_tick_init      RTX_CM3.lib(rt_system.o)
    0x00001020   0x00001020   0x00000002   Code   RO         1375    i.os_tick_irqack    RTX_CM3.lib(rt_system.o)
    0x00001022   0x00001022   0x00000002   PAD
    0x00001024   0x00001024   0x0000008c   Code   RO           21    i.rd_id_man         glcd_spi_lpc1700.o
    0x000010b0   0x000010b0   0x00000048   Code   RO           22    i.rd_reg            glcd_spi_lpc1700.o
    0x000010f8   0x000010f8   0x0000001a   Code   RO         1741    i.rt_alloc_box      RTX_CM3.lib(rt_membox.o)
    0x00001112   0x00001112   0x0000003e   Code   RO         1769    i.rt_alloc_mem      RTX_CM3.lib(rt_memory.o)
    0x00001150   0x00001150   0x00000038   Code   RO         1289    i.rt_block          RTX_CM3.lib(rt_task.o)
    0x00001188   0x00001188   0x00000048   Code   RO         1841    i.rt_chk_robin      RTX_CM3.lib(rt_robin.o)
    0x000011d0   0x000011d0   0x00000070   Code   RO         1510    i.rt_dec_dly        RTX_CM3.lib(rt_list.o)
    0x00001240   0x00001240   0x00000044   Code   RO         1290    i.rt_dispatch       RTX_CM3.lib(rt_task.o)
    0x00001284   0x00001284   0x00000006   Code   RO         1676    i.rt_dly_wait       RTX_CM3.lib(rt_time.o)
    0x0000128a   0x0000128a   0x00000002   PAD
    0x0000128c   0x0000128c   0x00000050   Code   RO         1467    i.rt_evt_psh        RTX_CM3.lib(rt_event.o)
    0x000012dc   0x000012dc   0x0000002c   Code   RO         1742    i.rt_free_box       RTX_CM3.lib(rt_membox.o)
    0x00001308   0x00001308   0x00000028   Code   RO         1770    i.rt_free_mem       RTX_CM3.lib(rt_memory.o)
    0x00001330   0x00001330   0x00000028   Code   RO         1511    i.rt_get_first      RTX_CM3.lib(rt_list.o)
    0x00001358   0x00001358   0x00000008   Code   RO          720    i.rt_id2obj         RTX_CM3.lib(rt_cmsis.o)
    0x00001360   0x00001360   0x00000048   Code   RO         1291    i.rt_init_context   RTX_CM3.lib(rt_task.o)
    0x000013a8   0x000013a8   0x0000001a   Code   RO         1771    i.rt_init_mem       RTX_CM3.lib(rt_memory.o)
    0x000013c2   0x000013c2   0x00000002   PAD
    0x000013c4   0x000013c4   0x00000018   Code   RO         1842    i.rt_init_robin     RTX_CM3.lib(rt_robin.o)
    0x000013dc   0x000013dc   0x00000080   Code   RO         1796    i.rt_init_stack     RTX_CM3.lib(hal_cm.o)
    0x0000145c   0x0000145c   0x00000008   Code   RO         1588    i.rt_mbx_check      RTX_CM3.lib(rt_mailbox.o)
    0x00001464   0x00001464   0x0000001a   Code   RO         1589    i.rt_mbx_init       RTX_CM3.lib(rt_mailbox.o)
    0x0000147e   0x0000147e   0x00000002   PAD
    0x00001480   0x00001480   0x000000f0   Code   RO         1590    i.rt_mbx_psh        RTX_CM3.lib(rt_mailbox.o)
    0x00001570   0x00001570   0x000000b4   Code   RO         1592    i.rt_mbx_wait       RTX_CM3.lib(rt_mailbox.o)
    0x00001624   0x00001624   0x00000044   Code   RO          721    i.rt_ms2tick        RTX_CM3.lib(rt_cmsis.o)
    0x00001668   0x00001668   0x0000007c   Code   RO         1378    i.rt_pop_req        RTX_CM3.lib(rt_system.o)
    0x000016e4   0x000016e4   0x00000020   Code   RO         1379    i.rt_psh_req        RTX_CM3.lib(rt_system.o)
    0x00001704   0x00001704   0x0000005c   Code   RO         1513    i.rt_psq_enq        RTX_CM3.lib(rt_list.o)
    0x00001760   0x00001760   0x00000048   Code   RO         1514    i.rt_put_dly        RTX_CM3.lib(rt_list.o)
    0x000017a8   0x000017a8   0x00000036   Code   RO         1515    i.rt_put_prio       RTX_CM3.lib(rt_list.o)
    0x000017de   0x000017de   0x00000002   PAD
    0x000017e0   0x000017e0   0x00000014   Code   RO         1516    i.rt_put_rdy_first  RTX_CM3.lib(rt_list.o)
    0x000017f4   0x000017f4   0x00000034   Code   RO         1517    i.rt_resort_prio    RTX_CM3.lib(rt_list.o)
    0x00001828   0x00001828   0x00000006   Code   RO         1797    i.rt_ret_val        RTX_CM3.lib(hal_cm.o)
    0x0000182e   0x0000182e   0x00000008   Code   RO         1798    i.rt_ret_val2       RTX_CM3.lib(hal_cm.o)
    0x00001836   0x00001836   0x00000028   Code   RO         1518    i.rt_rmv_dly        RTX_CM3.lib(rt_list.o)
    0x0000185e   0x0000185e   0x00000002   PAD
    0x00001860   0x00001860   0x00000030   Code   RO         1519    i.rt_rmv_list       RTX_CM3.lib(rt_list.o)
    0x00001890   0x00001890   0x00000034   Code   RO         1637    i.rt_sem_psh        RTX_CM3.lib(rt_semaphore.o)
    0x000018c4   0x000018c4   0x00000024   Code   RO         1381    i.rt_stk_check      RTX_CM3.lib(rt_system.o)
    0x000018e8   0x000018e8   0x00000028   Code   RO         1292    i.rt_switch_req     RTX_CM3.lib(rt_task.o)
    0x00001910   0x00001910   0x000000cc   Code   RO         1293    i.rt_sys_init       RTX_CM3.lib(rt_task.o)
    0x000019dc   0x000019dc   0x00000078   Code   RO         1294    i.rt_sys_start      RTX_CM3.lib(rt_task.o)
    0x00001a54   0x00001a54   0x00000040   Code   RO         1383    i.rt_systick        RTX_CM3.lib(rt_system.o)
    0x00001a94   0x00001a94   0x00000012   Code   RO          722    i.rt_tid2ptcb       RTX_CM3.lib(rt_cmsis.o)
    0x00001aa6   0x00001aa6   0x00000002   PAD
    0x00001aa8   0x00001aa8   0x00000034   Code   RO          723    i.rt_timer_insert   RTX_CM3.lib(rt_cmsis.o)
    0x00001adc   0x00001adc   0x00000088   Code   RO         1295    i.rt_tsk_create     RTX_CM3.lib(rt_task.o)
    0x00001b64   0x00001b64   0x0000017c   Code   RO         1296    i.rt_tsk_delete     RTX_CM3.lib(rt_task.o)
    0x00001ce0   0x00001ce0   0x0000007c   Code   RO         1298    i.rt_tsk_prio       RTX_CM3.lib(rt_task.o)
    0x00001d5c   0x00001d5c   0x00000010   Code   RO         1299    i.rt_tsk_self       RTX_CM3.lib(rt_task.o)
    0x00001d6c   0x00001d6c   0x00000020   Code   RO           23    i.spi_tran          glcd_spi_lpc1700.o
    0x00001d8c   0x00001d8c   0x00000080   Code   RO           24    i.spi_tran_man      glcd_spi_lpc1700.o
    0x00001e0c   0x00001e0c   0x00000012   Code   RO          725    i.svcDelay          RTX_CM3.lib(rt_cmsis.o)
    0x00001e1e   0x00001e1e   0x00000002   PAD
    0x00001e20   0x00001e20   0x00000070   Code   RO          726    i.svcKernelInitialize  RTX_CM3.lib(rt_cmsis.o)
    0x00001e90   0x00001e90   0x00000048   Code   RO          728    i.svcKernelStart    RTX_CM3.lib(rt_cmsis.o)
    0x00001ed8   0x00001ed8   0x00000024   Code   RO          731    i.svcMessageCreate  RTX_CM3.lib(rt_cmsis.o)
    0x00001efc   0x00001efc   0x0000003a   Code   RO          732    i.svcMessageGet     RTX_CM3.lib(rt_cmsis.o)
    0x00001f36   0x00001f36   0x00000002   PAD
    0x00001f38   0x00001f38   0x0000006c   Code   RO          746    i.svcThreadCreate   RTX_CM3.lib(rt_cmsis.o)
    0x00001fa4   0x00001fa4   0x0000001c   Code   RO          747    i.svcThreadGetId    RTX_CM3.lib(rt_cmsis.o)
    0x00001fc0   0x00001fc0   0x00000038   Code   RO          750    i.svcThreadTerminate  RTX_CM3.lib(rt_cmsis.o)
    0x00001ff8   0x00001ff8   0x00000018   Code   RO          752    i.svcTimerCall      RTX_CM3.lib(rt_cmsis.o)
    0x00002010   0x00002010   0x0000005c   Code   RO          761    i.sysTimerTick      RTX_CM3.lib(rt_cmsis.o)
    0x0000206c   0x0000206c   0x00000044   Code   RO          413    i.updateDisplay     main.o
    0x000020b0   0x000020b0   0x00000028   Code   RO           25    i.wr_cmd            glcd_spi_lpc1700.o
    0x000020d8   0x000020d8   0x00000028   Code   RO           26    i.wr_dat            glcd_spi_lpc1700.o
    0x00002100   0x00002100   0x00000012   Code   RO           27    i.wr_dat_only       glcd_spi_lpc1700.o
    0x00002112   0x00002112   0x00000002   PAD
    0x00002114   0x00002114   0x00000014   Code   RO           28    i.wr_dat_start      glcd_spi_lpc1700.o
    0x00002128   0x00002128   0x0000000c   Code   RO           29    i.wr_dat_stop       glcd_spi_lpc1700.o
    0x00002134   0x00002134   0x00000014   Code   RO           30    i.wr_reg            glcd_spi_lpc1700.o
    0x00002148   0x00002148   0x00000034   Data   RO          414    .constdata          main.o
    0x0000217c   0x0000217c   0x00000068   Data   RO          590    .constdata          rtx_conf_cm.o
    0x000021e4   0x000021e4   0x00000020   Data   RO         1898    Region$$Table       anon$$obj.o


    Execution Region ER_RW (Exec base: 0x10000000, Load base: 0x00002204, Size: 0x00000664, Max: 0xffffffff, ABSOLUTE, COMPRESSED[0x00000034])

    Exec Addr    Load Addr    Size         Type   Attr      Idx    E Section Name        Object

    0x10000000   COMPRESSED   0x00000005   Data   RW           32    .data               glcd_spi_lpc1700.o
    0x10000005   COMPRESSED   0x00000003   PAD
    0x10000008   COMPRESSED   0x00000020   Data   RW          312    .data               uart.o
    0x10000028   COMPRESSED   0x00000604   Data   RW          415    .data               main.o
    0x1000062c   COMPRESSED   0x00000010   Data   RW          591    .data               rtx_conf_cm.o
    0x1000063c   COMPRESSED   0x00000008   Data   RW          764    .data               RTX_CM3.lib(rt_cmsis.o)
    0x10000644   COMPRESSED   0x00000008   Data   RW         1301    .data               RTX_CM3.lib(rt_task.o)
    0x1000064c   COMPRESSED   0x00000008   Data   RW         1386    .data               RTX_CM3.lib(rt_system.o)
    0x10000654   COMPRESSED   0x00000004   Data   RW         1680    .data               RTX_CM3.lib(rt_time.o)
    0x10000658   COMPRESSED   0x00000001   Data   RW         1799    .data               RTX_CM3.lib(hal_cm.o)
    0x10000659   COMPRESSED   0x00000003   PAD
    0x1000065c   COMPRESSED   0x00000008   Data   RW         1843    .data               RTX_CM3.lib(rt_robin.o)


    Execution Region ER_ZI (Exec base: 0x10000664, Load base: 0x00002238, Size: 0x0000321c, Max: 0xffffffff, ABSOLUTE)

    Exec Addr    Load Addr    Size         Type   Attr      Idx    E Section Name        Object

    0x10000664        -       0x00000080   Zero   RW          311    .bss                uart.o
    0x100006e4   0x00002238   0x00000004   PAD
    0x100006e8        -       0x00001130   Zero   RW          589    .bss                rtx_conf_cm.o
    0x10001818        -       0x00000034   Zero   RW         1300    .bss                RTX_CM3.lib(rt_task.o)
    0x1000184c        -       0x00000030   Zero   RW         1520    .bss                RTX_CM3.lib(rt_list.o)
    0x1000187c   0x00002238   0x00000004   PAD
    0x10001880        -       0x00002000   Zero   RW          621    STACK               startup_lpc17xx.o


==============================================================================

Image component sizes


      Code (inc. data)   RO Data    RW Data    ZI Data      Debug   Object Name

      2362         68          0          5          0      31831   glcd_spi_lpc1700.o
       320         54         52       1540          0       6964   main.o
        62          6        104         16       4400       7536   rtx_conf_cm.o
        40         12        204          0       8192        956   startup_lpc17xx.o
       320         18          0          0          0        557   system_lpc17xx.o
       216         38          0         32        128       2071   uart.o

    ----------------------------------------------------------------------
      3330        196        392       1596      12724      49915   Object Totals
         0          0         32          0          0          0   (incl. Generated)
        10          0          0          3          4          0   (incl. Padding)

    ----------------------------------------------------------------------

      Code (inc. data)   RO Data    RW Data    ZI Data      Debug   Library Member Name

       238         24          0          1          0       3312   hal_cm.o
       304         36          0          0          0        768   hal_cm3.o
      1152        144          0          8          0      32862   rt_cmsis.o
        80          4          0          0          0        661   rt_event.o
       530         34          0          0         48       8253   rt_list.o
       554         10          0          0          0       3949   rt_mailbox.o
       140          0          0          0          0       1925   rt_membox.o
       128          0          0          0          0       2307   rt_memory.o
        96         22          0          8          0       1158   rt_robin.o
        52          4          0          0          0        573   rt_semaphore.o
       298         52          0          8          0       6223   rt_system.o
      1216        174          0          8         52       9649   rt_task.o
         6          0          0          4          0        652   rt_time.o
         4          4          0          0          0        208   svc_table.o
        86          0          0          0          0          0   __dczerorl2.o
         0          0          0          0          0          0   entry.o
         0          0          0          0          0          0   entry10a.o
         0          0          0          0          0          0   entry11a.o
         8          4          0          0          0          0   entry2.o
         4          0          0          0          0          0   entry5.o
         0          0          0          0          0          0   entry7b.o
         0          0          0          0          0          0   entry8b.o
        30          0          0          0          0          0   handlers.o
        36          8          0          0          0         68   init.o

    ----------------------------------------------------------------------
      4986        520          0         40        104      72568   Library Totals
        24          0          0          3          4          0   (incl. Padding)

    ----------------------------------------------------------------------

      Code (inc. data)   RO Data    RW Data    ZI Data      Debug   Library Name

      4798        508          0         37        100      72500   RTX_CM3.lib
       164         12          0          0          0         68   mc_w.l

    ----------------------------------------------------------------------
      4986        520          0         40        104      72568   Library Totals

    ----------------------------------------------------------------------

==============================================================================


      Code (inc. data)   RO Data    RW Data    ZI Data      Debug   

      8316        716        392       1636      12828     118035   Grand Totals
      8316        716        392         52      12828     118035   ELF Image Totals (compressed)
      8316        716        392         52          0          0   ROM Totals

==============================================================================

    Total RO  Size (Code + RO Data)                 8708 (   8.50kB)
    Total RW  Size (RW Data + ZI Data)             14464 (  14.13kB)
    Total ROM Size (Code + RO Data + RW Data)       8760 (   8.55kB)

==============================================================================

