Component: ARM Compiler 5.06 update 5 (build 528) Tool: armlink [4d35e2]

==============================================================================

Section Cross References

    glcd_spi_lpc1700.o(i.GLCD_Bargraph) refers to glcd_spi_lpc1700.o(i.GLCD_SetWindow) for GLCD_SetWindow
    glcd_spi_lpc1700.o(i.GLCD_Bargraph) refers to glcd_spi_lpc1700.o(i.wr_cmd) for wr_cmd
    glcd_spi_lpc1700.o(i.GLCD_Bargraph) refers to glcd_spi_lpc1700.o(i.wr_dat_start) for wr_dat_start
    glcd_spi_lpc1700.o(i.GLCD_Bargraph) refers to glcd_spi_lpc1700.o(i.wr_dat_only) for wr_dat_only
    glcd_spi_lpc1700.o(i.GLCD_Bargraph) refers to glcd_spi_lpc1700.o(i.wr_dat_stop) for wr_dat_stop
    glcd_spi_lpc1700.o(i.GLCD_Bargraph) refers to glcd_spi_lpc1700.o(.data) for Color
    glcd_spi_lpc1700.o(i.GLCD_Bitmap) refers to glcd_spi_lpc1700.o(i.GLCD_SetWindow) for GLCD_SetWindow
    glcd_spi_lpc1700.o(i.GLCD_Bitmap) refers to glcd_spi_lpc1700.o(i.wr_cmd) for wr_cmd
    glcd_spi_lpc1700.o(i.GLCD_Bitmap) refers to glcd_spi_lpc1700.o(i.wr_dat_start) for wr_dat_start
    glcd_spi_lpc1700.o(i.GLCD_Bitmap) refers to glcd_spi_lpc1700.o(i.wr_dat_only) for wr_dat_only
    glcd_spi_lpc1700.o(i.GLCD_Bitmap) refers to glcd_spi_lpc1700.o(i.wr_dat_stop) for wr_dat_stop
    glcd_spi_lpc1700.o(i.GLCD_Clear) refers to glcd_spi_lpc1700.o(i.GLCD_WindowMax) for GLCD_WindowMax
    glcd_spi_lpc1700.o(i.GLCD_Clear) refers to glcd_spi_lpc1700.o(i.wr_cmd) for wr_cmd
    glcd_spi_lpc1700.o(i.GLCD_Clear) refers to glcd_spi_lpc1700.o(i.wr_dat_start) for wr_dat_start
    glcd_spi_lpc1700.o(i.GLCD_Clear) refers to glcd_spi_lpc1700.o(i.wr_dat_only) for wr_dat_only
    glcd_spi_lpc1700.o(i.GLCD_Clear) refers to glcd_spi_lpc1700.o(i.wr_dat_stop) for wr_dat_stop
    glcd_spi_lpc1700.o(i.GLCD_ClearLn) refers to glcd_spi_lpc1700.o(i.GLCD_WindowMax) for GLCD_WindowMax
    glcd_spi_lpc1700.o(i.GLCD_ClearLn) refers to glcd_spi_lpc1700.o(i.GLCD_DisplayString) for GLCD_DisplayString
    glcd_spi_lpc1700.o(i.GLCD_DisplayChar) refers to glcd_spi_lpc1700.o(i.GLCD_DrawChar) for GLCD_DrawChar
    glcd_spi_lpc1700.o(i.GLCD_DisplayChar) refers to glcd_spi_lpc1700.o(.constdata) for Font_6x8_h
    glcd_spi_lpc1700.o(i.GLCD_DisplayString) refers to glcd_spi_lpc1700.o(i.GLCD_DisplayChar) for GLCD_DisplayChar
    glcd_spi_lpc1700.o(i.GLCD_DrawChar) refers to glcd_spi_lpc1700.o(i.GLCD_SetWindow) for GLCD_SetWindow
    glcd_spi_lpc1700.o(i.GLCD_DrawChar) refers to glcd_spi_lpc1700.o(i.wr_cmd) for wr_cmd
    glcd_spi_lpc1700.o(i.GLCD_DrawChar) refers to glcd_spi_lpc1700.o(i.wr_dat_start) for wr_dat_start
    glcd_spi_lpc1700.o(i.GLCD_DrawChar) refers to glcd_spi_lpc1700.o(i.wr_dat_only) for wr_dat_only
    glcd_spi_lpc1700.o(i.GLCD_DrawChar) refers to glcd_spi_lpc1700.o(i.wr_dat_stop) for wr_dat_stop
    glcd_spi_lpc1700.o(i.GLCD_DrawChar) refers to glcd_spi_lpc1700.o(.data) for Color
    glcd_spi_lpc1700.o(i.GLCD_Init) refers to glcd_spi_lpc1700.o(i.rd_id_man) for rd_id_man
    glcd_spi_lpc1700.o(i.GLCD_Init) refers to glcd_spi_lpc1700.o(i.rd_reg) for rd_reg
    glcd_spi_lpc1700.o(i.GLCD_Init) refers to glcd_spi_lpc1700.o(i.wr_reg) for wr_reg
    glcd_spi_lpc1700.o(i.GLCD_Init) refers to glcd_spi_lpc1700.o(i.delay) for delay
    glcd_spi_lpc1700.o(i.GLCD_Init) refers to glcd_spi_lpc1700.o(.data) for Himax
    glcd_spi_lpc1700.o(i.GLCD_PutPixel) refers to glcd_spi_lpc1700.o(i.wr_reg) for wr_reg
    glcd_spi_lpc1700.o(i.GLCD_PutPixel) refers to glcd_spi_lpc1700.o(i.wr_cmd) for wr_cmd
    glcd_spi_lpc1700.o(i.GLCD_PutPixel) refers to glcd_spi_lpc1700.o(i.wr_dat) for wr_dat
    glcd_spi_lpc1700.o(i.GLCD_PutPixel) refers to glcd_spi_lpc1700.o(.data) for Himax
    glcd_spi_lpc1700.o(i.GLCD_SetBackColor) refers to glcd_spi_lpc1700.o(.data) for Color
    glcd_spi_lpc1700.o(i.GLCD_SetTextColor) refers to glcd_spi_lpc1700.o(.data) for Color
    glcd_spi_lpc1700.o(i.GLCD_SetWindow) refers to glcd_spi_lpc1700.o(i.wr_reg) for wr_reg
    glcd_spi_lpc1700.o(i.GLCD_SetWindow) refers to glcd_spi_lpc1700.o(.data) for Himax
    glcd_spi_lpc1700.o(i.GLCD_WindowMax) refers to glcd_spi_lpc1700.o(i.GLCD_SetWindow) for GLCD_SetWindow
    glcd_spi_lpc1700.o(i.GLCD_WrCmd) refers to glcd_spi_lpc1700.o(i.wr_cmd) for wr_cmd
    glcd_spi_lpc1700.o(i.GLCD_WrReg) refers to glcd_spi_lpc1700.o(i.wr_reg) for wr_reg
    glcd_spi_lpc1700.o(i.rd_id_man) refers to glcd_spi_lpc1700.o(i.spi_tran_man) for spi_tran_man
    glcd_spi_lpc1700.o(i.rd_reg) refers to glcd_spi_lpc1700.o(i.wr_cmd) for wr_cmd
    glcd_spi_lpc1700.o(i.rd_reg) refers to glcd_spi_lpc1700.o(i.spi_tran) for spi_tran
    glcd_spi_lpc1700.o(i.spi_tran_man) refers to glcd_spi_lpc1700.o(i.delay) for delay
    glcd_spi_lpc1700.o(i.wr_cmd) refers to glcd_spi_lpc1700.o(i.spi_tran) for spi_tran
    glcd_spi_lpc1700.o(i.wr_dat) refers to glcd_spi_lpc1700.o(i.spi_tran) for spi_tran
    glcd_spi_lpc1700.o(i.wr_dat_only) refers to glcd_spi_lpc1700.o(i.spi_tran) for spi_tran
    glcd_spi_lpc1700.o(i.wr_dat_start) refers to glcd_spi_lpc1700.o(i.spi_tran) for spi_tran
[...]
    rt_task.o(i.rt_dispatch) refers to rt_list.o(i.rt_put_prio) for rt_put_prio
    rt_task.o(i.rt_dispatch) refers to rt_task.o(.data) for .data
    rt_task.o(i.rt_dispatch) refers to rt_list.o(.bss) for os_rdy
    rt_task.o(i.rt_init_context) refers to rt_membox.o(i.rt_alloc_box) for rt_alloc_box
    rt_task.o(i.rt_init_context) refers to hal_cm.o(i.rt_init_stack) for rt_init_stack
    rt_task.o(i.rt_init_context) refers to rtx_conf_cm.o(.bss) for mp_stk
    rt_task.o(i.rt_switch_req) refers to hal_cm.o(i.dbg_task_switch) for dbg_task_switch
    rt_task.o(i.rt_switch_req) refers to rt_task.o(.data) for .data
    rt_task.o(i.rt_switch_req) refers to hal_cm.o(.data) for dbg_msg
    rt_task.o(i.rt_sys_init) refers to hal_cm.o(i.dbg_init) for dbg_init
    rt_task.o(i.rt_sys_init) refers to rt_membox.o(i._init_box) for _init_box
    rt_task.o(i.rt_sys_init) refers to rt_task.o(i.rt_init_context) for rt_init_context
    rt_task.o(i.rt_sys_init) refers to rt_robin.o(i.rt_init_robin) for rt_init_robin
    rt_task.o(i.rt_sys_init) refers to rtx_conf_cm.o(.bss) for os_active_TCB
    rt_task.o(i.rt_sys_init) refers to rtx_conf_cm.o(.constdata) for os_maxtaskrun
    rt_task.o(i.rt_sys_init) refers to rtx_conf_cm.o(.data) for m_tmr
    rt_task.o(i.rt_sys_init) refers to rt_task.o(.bss) for .bss
    rt_task.o(i.rt_sys_init) refers to rtx_conf_cm.o(i.os_idle_demon) for os_idle_demon
    rt_task.o(i.rt_sys_init) refers to rt_list.o(.bss) for os_rdy
    rt_task.o(i.rt_sys_init) refers to rt_task.o(.data) for .data
    rt_task.o(i.rt_sys_start) refers to rt_system.o(i.os_tick_init) for os_tick_init
    rt_task.o(i.rt_sys_start) refers to rt_system.o(.data) for os_tick_irqn
    rt_task.o(i.rt_tsk_create) refers to rt_membox.o(i.rt_alloc_box) for rt_alloc_box
    rt_task.o(i.rt_tsk_create) refers to rt_task.o(i.rt_init_context) for rt_init_context
    rt_task.o(i.rt_tsk_create) refers to hal_cm.o(i.dbg_task_notify) for dbg_task_notify
    rt_task.o(i.rt_tsk_create) refers to rt_task.o(i.rt_dispatch) for rt_dispatch
    rt_task.o(i.rt_tsk_create) refers to rtx_conf_cm.o(.bss) for mp_tcb
    rt_task.o(i.rt_tsk_create) refers to rtx_conf_cm.o(.constdata) for os_maxtaskrun
    rt_task.o(i.rt_tsk_create) refers to hal_cm.o(.data) for dbg_msg
    rt_task.o(i.rt_tsk_delete) refers to hal_cm3.o(.emb_text) for rt_get_PSP
    rt_task.o(i.rt_tsk_delete) refers to rt_system.o(i.rt_stk_check) for rt_stk_check
    rt_task.o(i.rt_tsk_delete) refers to rt_list.o(i.rt_get_first) for rt_get_first
    rt_task.o(i.rt_tsk_delete) refers to hal_cm.o(i.rt_ret_val) for rt_ret_val
    rt_task.o(i.rt_tsk_delete) refers to rt_list.o(i.rt_rmv_dly) for rt_rmv_dly
    rt_task.o(i.rt_tsk_delete) refers to rt_list.o(i.rt_put_prio) for rt_put_prio
    rt_task.o(i.rt_tsk_delete) refers to rt_membox.o(i.rt_free_box) for rt_free_box
    rt_task.o(i.rt_tsk_delete) refers to hal_cm.o(i.dbg_task_notify) for dbg_task_notify
    rt_task.o(i.rt_tsk_delete) refers to rt_list.o(i.rt_rmv_list) for rt_rmv_list
    rt_task.o(i.rt_tsk_delete) refers to rt_task.o(i.rt_dispatch) for rt_dispatch
    rt_task.o(i.rt_tsk_delete) refers to hal_cm.o(.data) for dbg_msg
    rt_task.o(i.rt_tsk_delete) refers to rtx_conf_cm.o(.bss) for os_active_TCB
    rt_task.o(i.rt_tsk_delete) refers to rt_task.o(.data) for .data
    rt_task.o(i.rt_tsk_delete) refers to rt_list.o(.bss) for os_rdy
    rt_task.o(i.rt_tsk_delete) refers to rtx_conf_cm.o(.constdata) for os_maxtaskrun
    rt_task.o(i.rt_tsk_pass) refers to rt_list.o(i.rt_get_same_rdy_prio) for rt_get_same_rdy_prio
    rt_task.o(i.rt_tsk_pass) refers to rt_list.o(i.rt_put_prio) for rt_put_prio
    rt_task.o(i.rt_tsk_pass) refers to rt_task.o(i.rt_switch_req) for rt_switch_req
    rt_task.o(i.rt_tsk_pass) refers to rt_task.o(.data) for .data
    rt_task.o(i.rt_tsk_pass) refers to rt_list.o(.bss) for os_rdy
    rt_task.o(i.rt_tsk_prio) refers to rt_list.o(i.rt_put_prio) for rt_put_prio
    rt_task.o(i.rt_tsk_prio) refers to rt_list.o(i.rt_resort_prio) for rt_resort_prio
    rt_task.o(i.rt_tsk_prio) refers to rt_list.o(i.rt_get_first) for rt_get_first
    rt_task.o(i.rt_tsk_prio) refers to rt_task.o(i.rt_dispatch) for rt_dispatch
    rt_task.o(i.rt_tsk_prio) refers to rt_task.o(.data) for .data
    rt_task.o(i.rt_tsk_prio) refers to rtx_conf_cm.o(.constdata) for os_maxtaskrun
    rt_task.o(i.rt_tsk_prio) refers to rtx_conf_cm.o(.bss) for os_active_TCB
    rt_task.o(i.rt_tsk_prio) refers to rt_list.o(.bss) for os_rdy
    rt_task.o(i.rt_tsk_self) refers to rt_task.o(.data) for .data
    rt_system.o(i.os_tick_init) refers to rtx_conf_cm.o(.constdata) for os_trv
    rt_system.o(i.os_tick_val) refers to rtx_conf_cm.o(.constdata) for os_trv
    rt_system.o(i.rt_pop_req) refers to rt_list.o(i.rt_put_rdy_first) for rt_put_rdy_first
    rt_system.o(i.rt_pop_req) refers to rt_semaphore.o(i.rt_sem_psh) for rt_sem_psh
    rt_system.o(i.rt_pop_req) refers to rt_list.o(i.rt_get_first) for rt_get_first
    rt_system.o(i.rt_pop_req) refers to rt_task.o(i.rt_switch_req) for rt_switch_req
    rt_system.o(i.rt_pop_req) refers to rt_event.o(i.rt_evt_psh) for rt_evt_psh
    rt_system.o(i.rt_pop_req) refers to rt_mailbox.o(i.rt_mbx_psh) for rt_mbx_psh
    rt_system.o(i.rt_pop_req) refers to rt_task.o(.data) for os_tsk
    rt_system.o(i.rt_pop_req) refers to rtx_conf_cm.o(.bss) for os_fifo
    rt_system.o(i.rt_pop_req) refers to rt_list.o(.bss) for os_rdy
    rt_system.o(i.rt_psh_req) refers to rt_system.o(.data) for .data
    rt_system.o(i.rt_resume) refers to rt_list.o(i.rt_put_rdy_first) for rt_put_rdy_first
    rt_system.o(i.rt_resume) refers to rt_list.o(i.rt_dec_dly) for rt_dec_dly
    rt_system.o(i.rt_resume) refers to rt_cmsis.o(i.sysUserTimerUpdate) for sysUserTimerUpdate
    rt_system.o(i.rt_resume) refers to rt_list.o(i.rt_get_first) for rt_get_first
    rt_system.o(i.rt_resume) refers to rt_task.o(i.rt_switch_req) for rt_switch_req
    rt_system.o(i.rt_resume) refers to rt_system.o(i.rt_tsk_unlock) for rt_tsk_unlock
    rt_system.o(i.rt_resume) refers to rt_task.o(.data) for os_tsk
    rt_system.o(i.rt_resume) refers to rt_robin.o(.data) for os_robin
    rt_system.o(i.rt_resume) refers to rt_list.o(.bss) for os_dly
    rt_system.o(i.rt_resume) refers to rt_time.o(.data) for os_time
    rt_system.o(i.rt_stk_check) refers to rtx_conf_cm.o(i.os_error) for os_error
    rt_system.o(i.rt_stk_check) refers to rt_task.o(.data) for os_tsk
    rt_system.o(i.rt_suspend) refers to rt_system.o(i.rt_tsk_lock) for rt_tsk_lock
    rt_system.o(i.rt_suspend) refers to rt_cmsis.o(i.sysUserTimerWakeupTime) for sysUserTimerWakeupTime
    rt_system.o(i.rt_suspend) refers to rt_list.o(.bss) for os_dly
    rt_system.o(i.rt_systick) refers to rt_list.o(i.rt_put_rdy_first) for rt_put_rdy_first
    rt_system.o(i.rt_systick) refers to rt_robin.o(i.rt_chk_robin) for rt_chk_robin
    rt_system.o(i.rt_systick) refers to rt_list.o(i.rt_dec_dly) for rt_dec_dly
    rt_system.o(i.rt_systick) refers to rt_cmsis.o(i.sysTimerTick) for sysTimerTick
    rt_system.o(i.rt_systick) refers to rt_list.o(i.rt_get_first) for rt_get_first
    rt_system.o(i.rt_systick) refers to rt_task.o(i.rt_switch_req) for rt_switch_req
    rt_system.o(i.rt_systick) refers to rt_task.o(.data) for os_tsk
    rt_system.o(i.rt_systick) refers to rt_time.o(.data) for os_time
    rt_system.o(i.rt_systick) refers to rt_list.o(.bss) for os_rdy
    rt_system.o(i.rt_tsk_lock) refers to rt_system.o(.data) for .data
    rt_system.o(i.rt_tsk_unlock) refers to rt_system.o(.data) for .data
    rt_event.o(i.isr_evt_set) refers to rt_list.o(i.rt_psq_enq) for rt_psq_enq
    rt_event.o(i.isr_evt_set) refers to rt_system.o(i.rt_psh_req) for rt_psh_req
    rt_event.o(i.isr_evt_set) refers to rtx_conf_cm.o(.bss) for os_active_TCB
    rt_event.o(i.rt_evt_clr) refers to rtx_conf_cm.o(.bss) for os_active_TCB
    rt_event.o(i.rt_evt_get) refers to rt_task.o(.data) for os_tsk
    rt_event.o(i.rt_evt_psh) refers to rt_list.o(i.rt_rmv_dly) for rt_rmv_dly
    rt_event.o(i.rt_evt_psh) refers to hal_cm.o(i.rt_ret_val2) for rt_ret_val2
    rt_event.o(i.rt_evt_psh) refers to rt_list.o(i.rt_put_prio) for rt_put_prio
    rt_event.o(i.rt_evt_psh) refers to rt_list.o(.bss) for os_rdy
    rt_event.o(i.rt_evt_set) refers to rt_list.o(i.rt_rmv_dly) for rt_rmv_dly
    rt_event.o(i.rt_evt_set) refers to hal_cm.o(i.rt_ret_val2) for rt_ret_val2
    rt_event.o(i.rt_evt_set) refers to rt_task.o(i.rt_dispatch) for rt_dispatch
    rt_event.o(i.rt_evt_set) refers to rtx_conf_cm.o(.bss) for os_active_TCB
    rt_event.o(i.rt_evt_wait) refers to rt_task.o(i.rt_block) for rt_block
    rt_event.o(i.rt_evt_wait) refers to rt_task.o(.data) for os_tsk
    rt_list.o(i.rt_dec_dly) refers to rt_list.o(i.rt_put_prio) for rt_put_prio
    rt_list.o(i.rt_dec_dly) refers to rt_list.o(.bss) for .bss
    rt_list.o(i.rt_dec_dly) refers to rt_time.o(.data) for os_time
    rt_list.o(i.rt_get_same_rdy_prio) refers to rt_list.o(.bss) for .bss
    rt_list.o(i.rt_get_same_rdy_prio) refers to rt_task.o(.data) for os_tsk
    rt_list.o(i.rt_psq_enq) refers to rtx_conf_cm.o(i.os_error) for os_error
    rt_list.o(i.rt_psq_enq) refers to rtx_conf_cm.o(.bss) for os_fifo
    rt_list.o(i.rt_put_dly) refers to rt_list.o(.bss) for .bss
    rt_list.o(i.rt_put_rdy_first) refers to rt_list.o(.bss) for .bss
    rt_list.o(i.rt_resort_prio) refers to rt_list.o(i.rt_rmv_list) for rt_rmv_list
    rt_list.o(i.rt_resort_prio) refers to rt_list.o(i.rt_put_prio) for rt_put_prio
    rt_list.o(i.rt_resort_prio) refers to rt_list.o(.bss) for .bss
    rt_list.o(i.rt_rmv_list) refers to rt_list.o(.bss) for .bss
    rt_mailbox.o(i.isr_mbx_receive) refers to rt_list.o(i.rt_psq_enq) for rt_psq_enq
    rt_mailbox.o(i.isr_mbx_receive) refers to rt_system.o(i.rt_psh_req) for rt_psh_req
    rt_mailbox.o(i.isr_mbx_send) refers to rt_list.o(i.rt_psq_enq) for rt_psq_enq
    rt_mailbox.o(i.isr_mbx_send) refers to rt_system.o(i.rt_psh_req) for rt_psh_req
    rt_mailbox.o(i.rt_mbx_psh) refers to rt_membox.o(i.rt_alloc_box) for rt_alloc_box
    rt_mailbox.o(i.rt_mbx_psh) refers to rt_list.o(i.rt_get_first) for rt_get_first
    rt_mailbox.o(i.rt_mbx_psh) refers to hal_cm.o(i.rt_ret_val) for rt_ret_val
    rt_mailbox.o(i.rt_mbx_psh) refers to rt_list.o(i.rt_rmv_dly) for rt_rmv_dly
    rt_mailbox.o(i.rt_mbx_psh) refers to rt_list.o(i.rt_put_prio) for rt_put_prio
    rt_mailbox.o(i.rt_mbx_psh) refers to hal_cm.o(i.rt_ret_val2) for rt_ret_val2
    rt_mailbox.o(i.rt_mbx_psh) refers to rtx_conf_cm.o(i.os_error) for os_error
    rt_mailbox.o(i.rt_mbx_psh) refers to rt_list.o(.bss) for os_rdy
    rt_mailbox.o(i.rt_mbx_send) refers to rt_list.o(i.rt_put_prio) for rt_put_prio
    rt_mailbox.o(i.rt_mbx_send) refers to rt_list.o(i.rt_get_first) for rt_get_first
    rt_mailbox.o(i.rt_mbx_send) refers to hal_cm.o(i.rt_ret_val2) for rt_ret_val2
    rt_mailbox.o(i.rt_mbx_send) refers to rt_list.o(i.rt_rmv_dly) for rt_rmv_dly
    rt_mailbox.o(i.rt_mbx_send) refers to rt_task.o(i.rt_dispatch) for rt_dispatch
    rt_mailbox.o(i.rt_mbx_send) refers to rt_task.o(i.rt_block) for rt_block
    rt_mailbox.o(i.rt_mbx_send) refers to rt_task.o(.data) for os_tsk
    rt_mailbox.o(i.rt_mbx_wait) refers to rt_list.o(i.rt_get_first) for rt_get_first
    rt_mailbox.o(i.rt_mbx_wait) refers to hal_cm.o(i.rt_ret_val) for rt_ret_val
    rt_mailbox.o(i.rt_mbx_wait) refers to rt_list.o(i.rt_rmv_dly) for rt_rmv_dly
    rt_mailbox.o(i.rt_mbx_wait) refers to rt_task.o(i.rt_dispatch) for rt_dispatch
    rt_mailbox.o(i.rt_mbx_wait) refers to rt_list.o(i.rt_put_prio) for rt_put_prio
    rt_mailbox.o(i.rt_mbx_wait) refers to rt_task.o(i.rt_block) for rt_block
    rt_mailbox.o(i.rt_mbx_wait) refers to rt_task.o(.data) for os_tsk
    rt_semaphore.o(i.isr_sem_send) refers to rt_list.o(i.rt_psq_enq) for rt_psq_enq
    rt_semaphore.o(i.isr_sem_send) refers to rt_system.o(i.rt_psh_req) for rt_psh_req
    rt_semaphore.o(i.rt_sem_delete) refers to rt_list.o(i.rt_get_first) for rt_get_first
    rt_semaphore.o(i.rt_sem_delete) refers to hal_cm.o(i.rt_ret_val) for rt_ret_val
    rt_semaphore.o(i.rt_sem_delete) refers to rt_list.o(i.rt_rmv_dly) for rt_rmv_dly
    rt_semaphore.o(i.rt_sem_delete) refers to rt_list.o(i.rt_put_prio) for rt_put_prio
    rt_semaphore.o(i.rt_sem_delete) refers to rt_task.o(i.rt_dispatch) for rt_dispatch
    rt_semaphore.o(i.rt_sem_delete) refers to rt_list.o(.bss) for os_rdy
    rt_semaphore.o(i.rt_sem_delete) refers to rt_task.o(.data) for os_tsk
    rt_semaphore.o(i.rt_sem_psh) refers to rt_list.o(i.rt_get_first) for rt_get_first
    rt_semaphore.o(i.rt_sem_psh) refers to rt_list.o(i.rt_rmv_dly) for rt_rmv_dly
    rt_semaphore.o(i.rt_sem_psh) refers to hal_cm.o(i.rt_ret_val) for rt_ret_val
    rt_semaphore.o(i.rt_sem_psh) refers to rt_list.o(i.rt_put_prio) for rt_put_prio
    rt_semaphore.o(i.rt_sem_psh) refers to rt_list.o(.bss) for os_rdy
    rt_semaphore.o(i.rt_sem_send) refers to rt_list.o(i.rt_get_first) for rt_get_first
    rt_semaphore.o(i.rt_sem_send) refers to hal_cm.o(i.rt_ret_val) for rt_ret_val
    rt_semaphore.o(i.rt_sem_send) refers to rt_list.o(i.rt_rmv_dly) for rt_rmv_dly
    rt_semaphore.o(i.rt_sem_send) refers to rt_task.o(i.rt_dispatch) for rt_dispatch
    rt_semaphore.o(i.rt_sem_wait) refers to rt_list.o(i.rt_put_prio) for rt_put_prio
    rt_semaphore.o(i.rt_sem_wait) refers to rt_task.o(i.rt_block) for rt_block
    rt_semaphore.o(i.rt_sem_wait) refers to rt_task.o(.data) for os_tsk
    rt_time.o(i.rt_dly_wait) refers to rt_task.o(i.rt_block) for rt_block
    rt_time.o(i.rt_itv_set) refers to rt_task.o(.data) for os_tsk
    rt_time.o(i.rt_itv_set) refers to rt_time.o(.data) for .data
    rt_time.o(i.rt_itv_wait) refers to rt_task.o(i.rt_block) for rt_block
    rt_time.o(i.rt_itv_wait) refers to rt_task.o(.data) for os_tsk
    rt_time.o(i.rt_itv_wait) refers to rt_time.o(.data) for .data
    rt_time.o(i.rt_time_get) refers to rt_time.o(.data) for .data
    rt_mutex.o(i.rt_mut_delete) refers to rt_list.o(i.rt_resort_prio) for rt_resort_prio
    rt_mutex.o(i.rt_mut_delete) refers to rt_list.o(i.rt_get_first) for rt_get_first
    rt_mutex.o(i.rt_mut_delete) refers to hal_cm.o(i.rt_ret_val) for rt_ret_val
    rt_mutex.o(i.rt_mut_delete) refers to rt_list.o(i.rt_rmv_dly) for rt_rmv_dly
    rt_mutex.o(i.rt_mut_delete) refers to rt_list.o(i.rt_put_prio) for rt_put_prio
    rt_mutex.o(i.rt_mut_delete) refers to rt_task.o(i.rt_dispatch) for rt_dispatch
    rt_mutex.o(i.rt_mut_delete) refers to rt_task.o(.data) for os_tsk
    rt_mutex.o(i.rt_mut_delete) refers to rt_list.o(.bss) for os_rdy
    rt_mutex.o(i.rt_mut_release) refers to rt_list.o(i.rt_get_first) for rt_get_first
    rt_mutex.o(i.rt_mut_release) refers to hal_cm.o(i.rt_ret_val) for rt_ret_val
    rt_mutex.o(i.rt_mut_release) refers to rt_list.o(i.rt_rmv_dly) for rt_rmv_dly
    rt_mutex.o(i.rt_mut_release) refers to rt_list.o(i.rt_put_prio) for rt_put_prio
    rt_mutex.o(i.rt_mut_release) refers to rt_task.o(i.rt_dispatch) for rt_dispatch
    rt_mutex.o(i.rt_mut_release) refers to rt_task.o(.data) for os_tsk
    rt_mutex.o(i.rt_mut_release) refers to rt_list.o(.bss) for os_rdy
    rt_mutex.o(i.rt_mut_wait) refers to rt_list.o(i.rt_resort_prio) for rt_resort_prio
    rt_mutex.o(i.rt_mut_wait) refers to rt_list.o(i.rt_put_prio) for rt_put_prio
    rt_mutex.o(i.rt_mut_wait) refers to rt_task.o(i.rt_block) for rt_block
    rt_mutex.o(i.rt_mut_wait) refers to rt_task.o(.data) for os_tsk
    rt_membox.o(i._calloc_box) refers to hal_cm3.o(.emb_text) for _alloc_box
    hal_cm.o(i.dbg_init) refers to hal_cm.o(.data) for .data
    hal_cm.o(i.rt_init_stack) refers to rtx_conf_cm.o(.constdata) for os_stackinfo
    rt_robin.o(i.rt_chk_robin) refers to rt_list.o(i.rt_get_first) for rt_get_first
    rt_robin.o(i.rt_chk_robin) refers to rt_list.o(i.rt_put_prio) for rt_put_prio
    rt_robin.o(i.rt_chk_robin) refers to rt_robin.o(.data) for .data
    rt_robin.o(i.rt_chk_robin) refers to rt_list.o(.bss) for os_rdy
    rt_robin.o(i.rt_chk_robin) refers to rt_time.o(.data) for os_time
    rt_robin.o(i.rt_init_robin) refers to rt_robin.o(.data) for .data
    rt_robin.o(i.rt_init_robin) refers to rtx_conf_cm.o(.constdata) for os_rrobin
    hal_cm3.o(.emb_text) refers to rtx_conf_cm.o(.constdata) for os_flags
    hal_cm3.o(.emb_text) refers to rt_membox.o(i.rt_alloc_box) for rt_alloc_box
    hal_cm3.o(.emb_text) refers to rt_membox.o(i.rt_free_box) for rt_free_box
    hal_cm3.o(.emb_text) refers to rt_system.o(i.rt_stk_check) for rt_stk_check
    hal_cm3.o(.emb_text) refers to rt_task.o(.data) for os_tsk
    hal_cm3.o(.emb_text) refers to svc_table.o(SVC_TABLE) for SVC_Count
    hal_cm3.o(.emb_text) refers to rt_system.o(i.rt_pop_req) for rt_pop_req
    hal_cm3.o(.emb_text) refers to rt_system.o(i.rt_systick) for rt_systick
    hal_cm3.o(.emb_text) refers to rt_system.o(i.os_tick_irqack) for os_tick_irqack
    entry.o(.ARM.Collect$$$$00000000) refers (Special) to entry10a.o(.ARM.Collect$$$$0000000D) for __rt_final_cpp
    entry.o(.ARM.Collect$$$$00000000) refers (Special) to entry11a.o(.ARM.Collect$$$$0000000F) for __rt_final_exit
    entry.o(.ARM.Collect$$$$00000000) refers (Special) to entry7b.o(.ARM.Collect$$$$00000008) for _main_clock
    entry.o(.ARM.Collect$$$$00000000) refers (Special) to entry8b.o(.ARM.Collect$$$$0000000A) for _main_cpp_init
    entry.o(.ARM.Collect$$$$00000000) refers (Special) to rtx_conf_cm.o(.ARM.Collect$$$$000000FF) for _main_init
    entry.o(.ARM.Collect$$$$00000000) refers (Special) to entry5.o(.ARM.Collect$$$$00000004) for _main_scatterload
    entry.o(.ARM.Collect$$$$00000000) refers (Special) to entry2.o(.ARM.Collect$$$$00000001) for _main_stk
    uldiv.o(.text) refers to llushr.o(.text) for __aeabi_llsr
    uldiv.o(.text) refers to llshl.o(.text) for __aeabi_llsl
    entry2.o(.ARM.Collect$$$$00000001) refers to entry2.o(.ARM.Collect$$$$00002712) for __lit__00000000
    entry2.o(.ARM.Collect$$$$00002712) refers to startup_lpc17xx.o(STACK) for __initial_sp
    entry2.o(__vectab_stack_and_reset_area) refers to startup_lpc17xx.o(STACK) for __initial_sp
    entry2.o(__vectab_stack_and_reset_area) refers to entry.o(.ARM.Collect$$$$00000000) for __main
    entry5.o(.ARM.Collect$$$$00000004) refers to init.o(.text) for __scatterload
    init.o(.text) refers to entry5.o(.ARM.Collect$$$$00000004) for __main_after_scatterload


==============================================================================

Removing Unused input sections from the image.

    Removing glcd_spi_lpc1700.o(.rev16_text), (4 bytes).
    Removing glcd_spi_lpc1700.o(.revsh_text), (4 bytes).
    Removing glcd_spi_lpc1700.o(.rrx_text), (6 bytes).
    Removing glcd_spi_lpc1700.o(i.GLCD_Bargraph), (104 bytes).
    Removing glcd_spi_lpc1700.o(i.GLCD_ClearLn), (94 bytes).
    Removing glcd_spi_lpc1700.o(i.GLCD_DisplayChar), (92 bytes).
    Removing glcd_spi_lpc1700.o(i.GLCD_DisplayString), (40 bytes).
    Removing glcd_spi_lpc1700.o(i.GLCD_DrawChar), (156 bytes).
    Removing glcd_spi_lpc1700.o(i.GLCD_PutPixel), (128 bytes).
    Removing glcd_spi_lpc1700.o(i.GLCD_ScrollVertical), (2 bytes).
    Removing glcd_spi_lpc1700.o(i.GLCD_SetTextColor), (12 bytes).
    Removing glcd_spi_lpc1700.o(i.GLCD_WrCmd), (12 bytes).
    Removing glcd_spi_lpc1700.o(i.GLCD_WrReg), (16 bytes).
    Removing glcd_spi_lpc1700.o(.constdata), (6272 bytes).
    Removing retarget.o(i._sys_exit), (4 bytes).
    Removing retarget.o(i._ttywrch), (12 bytes).
    Removing retarget.o(i.ferror), (8 bytes).
    Removing retarget.o(i.fgetc), (20 bytes).
    Removing retarget.o(i.fputc), (14 bytes).
    Removing retarget.o(i.getkey), (36 bytes).
    Removing retarget.o(i.sendchar), (68 bytes).
    Removing retarget.o(.data), (12 bytes).
    Removing uart.o(.rev16_text), (4 bytes).
    Removing uart.o(.revsh_text), (4 bytes).
    Removing uart.o(.rrx_text), (6 bytes).
    Removing uart.o(i.Free), (6 bytes).
    Removing uart.o(i.FreeRcv), (36 bytes).
    Removing uart.o(i.FreeSnd), (36 bytes).
    Removing uart.o(i.Lock), (28 bytes).
    Removing uart.o(i.LockRcv), (36 bytes).
    Removing uart.o(i.LockSnd), (36 bytes).
    Removing uart.o(i.UARTInit), (188 bytes).
    Removing uart.o(i.UARTReceiveChar), (36 bytes).
    Removing uart.o(i.UARTRecieve), (160 bytes).
    Removing uart.o(i.UARTSend), (132 bytes).
    Removing uart.o(i.UARTSendChar), (36 bytes).
    Removing uart.o(i.__NVIC_EnableIRQ), (26 bytes).
    Removing uart.o(i.getFrequency), (72 bytes).
    Removing main.o(.rev16_text), (4 bytes).
    Removing main.o(.revsh_text), (4 bytes).
    Removing main.o(.rrx_text), (6 bytes).
    Removing glcd_scroll.o(.rev16_text), (4 bytes).
    Removing glcd_scroll.o(.revsh_text), (4 bytes).
    Removing glcd_scroll.o(.rrx_text), (6 bytes).
    Removing glcd_scroll.o(i.append_char), (240 bytes).
    Removing glcd_scroll.o(i.initJoyStick), (108 bytes).
    Removing glcd_scroll.o(i.init_scroll), (72 bytes).
    Removing glcd_scroll.o(i.joyStickBusyWaitingMonitor), (96 bytes).
    Removing glcd_scroll.o(i.last_line), (32 bytes).
    Removing glcd_scroll.o(i.last_window_line), (32 bytes).
    Removing glcd_scroll.o(i.moveDown), (68 bytes).
    Removing glcd_scroll.o(i.moveFirst), (60 bytes).
    Removing glcd_scroll.o(i.moveLast), (96 bytes).
    Removing glcd_scroll.o(i.moveUp), (72 bytes).
    Removing glcd_scroll.o(i.print_string), (34 bytes).
    Removing glcd_scroll.o(i.print_text), (24 bytes).
    Removing glcd_scroll.o(i.refresh_lcd), (80 bytes).
    Removing glcd_scroll.o(.bss), (525 bytes).
    Removing glcd_scroll.o(.data), (20 bytes).
    Removing startup_lpc17xx.o(HEAP), (8192 bytes).
    Removing system_lpc17xx.o(.rev16_text), (4 bytes).
    Removing system_lpc17xx.o(.revsh_text), (4 bytes).
    Removing system_lpc17xx.o(.rrx_text), (6 bytes).
    Removing system_lpc17xx.o(i.SystemCoreClockUpdate), (424 bytes).
    Removing system_lpc17xx.o(.data), (4 bytes).
    Removing rt_cmsis.o(.rev16_text), (4 bytes).
    Removing rt_cmsis.o(.revsh_text), (4 bytes).
    Removing rt_cmsis.o(.rrx_text), (6 bytes).
    Removing rt_cmsis.o(i.isrSemaphoreRelease), (40 bytes).
    Removing rt_cmsis.o(i.isrSignalSet), (36 bytes).
    Removing rt_cmsis.o(i.osKernelRunning), (36 bytes).
    Removing rt_cmsis.o(i.osKernelSysTick), (24 bytes).
    Removing rt_cmsis.o(i.osMailAlloc), (28 bytes).
    Removing rt_cmsis.o(i.osMailCAlloc), (48 bytes).
    Removing rt_cmsis.o(i.osMailCreate), (44 bytes).
    Removing rt_cmsis.o(i.osMailFree), (28 bytes).
    Removing rt_cmsis.o(i.osMailGet), (22 bytes).
    Removing rt_cmsis.o(i.osMailPut), (20 bytes).
    Removing rt_cmsis.o(i.osMessageCreate), (44 bytes).
    Removing rt_cmsis.o(i.osMessagePut), (24 bytes).
    Removing rt_cmsis.o(i.osMutexCreate), (44 bytes).
    Removing rt_cmsis.o(i.osMutexDelete), (24 bytes).
    Removing rt_cmsis.o(i.osMutexRelease), (24 bytes).
    Removing rt_cmsis.o(i.osMutexWait), (24 bytes).
    Removing rt_cmsis.o(i.osPoolAlloc), (32 bytes).
    Removing rt_cmsis.o(i.osPoolCAlloc), (52 bytes).
    Removing rt_cmsis.o(i.osPoolCreate), (44 bytes).
    Removing rt_cmsis.o(i.osPoolFree), (32 bytes).
    Removing rt_cmsis.o(i.osSemaphoreCreate), (44 bytes).
    Removing rt_cmsis.o(i.osSemaphoreDelete), (24 bytes).
    Removing rt_cmsis.o(i.osSemaphoreRelease), (24 bytes).
    Removing rt_cmsis.o(i.osSemaphoreWait), (24 bytes).
    Removing rt_cmsis.o(i.osSignalClear), (24 bytes).
    Removing rt_cmsis.o(i.osSignalSet), (24 bytes).
    Removing rt_cmsis.o(i.osSignalWait), (24 bytes).
    Removing rt_cmsis.o(i.osThreadGetId), (24 bytes).
    Removing rt_cmsis.o(i.osThreadGetPriority), (24 bytes).
    Removing rt_cmsis.o(i.osThreadSetPriority), (24 bytes).
    Removing rt_cmsis.o(i.osThreadTerminate), (24 bytes).
    Removing rt_cmsis.o(i.osThreadYield), (24 bytes).
    Removing rt_cmsis.o(i.osTimerCreate), (44 bytes).
    Removing rt_cmsis.o(i.osTimerDelete), (24 bytes).
    Removing rt_cmsis.o(i.osTimerStart), (24 bytes).
    Removing rt_cmsis.o(i.osTimerStop), (24 bytes).
    Removing rt_cmsis.o(i.osWait), (4 bytes).
    Removing rt_cmsis.o(i.os_resume), (12 bytes).
    Removing rt_cmsis.o(i.os_suspend), (12 bytes).
    Removing rt_cmsis.o(i.rt_clr_box), (24 bytes).
    Removing rt_cmsis.o(i.rt_timer_remove), (60 bytes).
    Removing rt_cmsis.o(i.svcKernelRunning), (12 bytes).
    Removing rt_cmsis.o(i.svcKernelSysTick), (56 bytes).
    Removing rt_cmsis.o(i.svcMailCreate), (66 bytes).
    Removing rt_cmsis.o(i.svcMessagePut), (54 bytes).
    Removing rt_cmsis.o(i.svcMutexCreate), (28 bytes).
    Removing rt_cmsis.o(i.svcMutexDelete), (26 bytes).
    Removing rt_cmsis.o(i.svcMutexRelease), (34 bytes).
    Removing rt_cmsis.o(i.svcMutexWait), (58 bytes).
    Removing rt_cmsis.o(i.svcPoolCreate), (40 bytes).
    Removing rt_cmsis.o(i.svcSemaphoreCreate), (36 bytes).
    Removing rt_cmsis.o(i.svcSemaphoreDelete), (26 bytes).
    Removing rt_cmsis.o(i.svcSemaphoreRelease), (40 bytes).
    Removing rt_cmsis.o(i.svcSemaphoreWait), (50 bytes).
    Removing rt_cmsis.o(i.svcSignalClear), (36 bytes).
    Removing rt_cmsis.o(i.svcSignalSet), (36 bytes).
    Removing rt_cmsis.o(i.svcSignalWait), (84 bytes).
    Removing rt_cmsis.o(i.svcThreadGetPriority), (18 bytes).
    Removing rt_cmsis.o(i.svcThreadSetPriority), (46 bytes).
    Removing rt_cmsis.o(i.svcThreadYield), (10 bytes).
    Removing rt_cmsis.o(i.svcTimerCreate), (56 bytes).
    Removing rt_cmsis.o(i.svcTimerDelete), (40 bytes).
    Removing rt_cmsis.o(i.svcTimerStart), (100 bytes).
    Removing rt_cmsis.o(i.svcTimerStop), (36 bytes).
    Removing rt_cmsis.o(i.sysMailAlloc), (88 bytes).
    Removing rt_cmsis.o(i.sysMailFree), (96 bytes).
    Removing rt_cmsis.o(i.sysPoolAlloc), (10 bytes).
    Removing rt_cmsis.o(i.sysPoolFree), (20 bytes).
    Removing rt_cmsis.o(i.sysUserTimerUpdate), (48 bytes).
    Removing rt_cmsis.o(i.sysUserTimerWakeupTime), (20 bytes).
    Removing rt_task.o(i.rt_tsk_pass), (48 bytes).
    Removing rt_system.o(.emb_text), (0 bytes).
    Removing rt_system.o(i.os_tick_ovf), (16 bytes).
    Removing rt_system.o(i.os_tick_val), (20 bytes).
    Removing rt_system.o(i.rt_resume), (136 bytes).
    Removing rt_system.o(i.rt_suspend), (36 bytes).
    Removing rt_system.o(i.rt_tsk_lock), (80 bytes).
    Removing rt_system.o(i.rt_tsk_unlock), (80 bytes).
    Removing rt_event.o(i.isr_evt_set), (40 bytes).
    Removing rt_event.o(i.rt_evt_clr), (28 bytes).
    Removing rt_event.o(i.rt_evt_get), (12 bytes).
    Removing rt_event.o(i.rt_evt_set), (92 bytes).
    Removing rt_event.o(i.rt_evt_wait), (60 bytes).
    Removing rt_list.o(i.rt_get_same_rdy_prio), (36 bytes).
    Removing rt_mailbox.o(i.rt_mbx_send), (152 bytes).
    Removing rt_semaphore.o(i.isr_sem_send), (16 bytes).
    Removing rt_semaphore.o(i.rt_sem_delete), (92 bytes).
    Removing rt_semaphore.o(i.rt_sem_init), (12 bytes).
    Removing rt_semaphore.o(i.rt_sem_send), (42 bytes).
    Removing rt_semaphore.o(i.rt_sem_wait), (64 bytes).
    Removing rt_time.o(i.rt_itv_set), (24 bytes).
    Removing rt_time.o(i.rt_itv_wait), (40 bytes).
    Removing rt_time.o(i.rt_time_get), (12 bytes).
    Removing rt_mutex.o(i.rt_mut_delete), (176 bytes).
    Removing rt_mutex.o(i.rt_mut_init), (16 bytes).
    Removing rt_mutex.o(i.rt_mut_release), (216 bytes).
    Removing rt_mutex.o(i.rt_mut_wait), (120 bytes).
    Removing rt_membox.o(i._calloc_box), (30 bytes).

166 unused section(s) (total 22365 bytes) removed from the image.

==============================================================================

Image Symbol Table

    Local Symbols

    Symbol Name                              Value     Ov Type        Size  Object(Section)

    RESET                                    0x00000000   Section      204  startup_lpc17xx.o(RESET)
    ../clib/../cmprslib/lz77c.c              0x00000000   Number         0  __dclz77c.o ABSOLUTE
    ../clib/microlib/division.c              0x00000000   Number         0  uldiv.o ABSOLUTE
    ../clib/microlib/init/entry.s            0x00000000   Number         0  entry2.o ABSOLUTE
    ../clib/microlib/init/entry.s            0x00000000   Number         0  entry8b.o ABSOLUTE
    ../clib/microlib/init/entry.s            0x00000000   Number         0  entry10a.o ABSOLUTE
    ../clib/microlib/init/entry.s            0x00000000   Number         0  entry.o ABSOLUTE
    ../clib/microlib/init/entry.s            0x00000000   Number         0  entry11b.o ABSOLUTE
    ../clib/microlib/init/entry.s            0x00000000   Number         0  entry11a.o ABSOLUTE
    ../clib/microlib/init/entry.s            0x00000000   Number         0  entry10b.o ABSOLUTE
    ../clib/microlib/init/entry.s            0x00000000   Number         0  entry5.o ABSOLUTE
    ../clib/microlib/init/entry.s            0x00000000   Number         0  entry7a.o ABSOLUTE
    ../clib/microlib/init/entry.s            0x00000000   Number         0  entry7b.o ABSOLUTE
    ../clib/microlib/init/entry.s            0x00000000   Number         0  entry8a.o ABSOLUTE
    ../clib/microlib/longlong.c              0x00000000   Number         0  llushr.o ABSOLUTE
    ../clib/microlib/longlong.c              0x00000000   Number         0  llshl.o ABSOLUTE
    ..\HAL_CM.c                              0x00000000   Number         0  hal_cm.o ABSOLUTE
    ..\\rt_CMSIS.c                           0x00000000   Number         0  rt_cmsis.o ABSOLUTE
    ..\\rt_System.c                          0x00000000   Number         0  rt_system.o ABSOLUTE
    ..\rt_CMSIS.c                            0x00000000   Number         0  rt_cmsis.o ABSOLUTE
    ..\rt_Event.c                            0x00000000   Number         0  rt_event.o ABSOLUTE
    ..\rt_List.c                             0x00000000   Number         0  rt_list.o ABSOLUTE
    ..\rt_Mailbox.c                          0x00000000   Number         0  rt_mailbox.o ABSOLUTE
    ..\rt_MemBox.c                           0x00000000   Number         0  rt_membox.o ABSOLUTE
    ..\rt_Memory.c                           0x00000000   Number         0  rt_memory.o ABSOLUTE
    ..\rt_Mutex.c                            0x00000000   Number         0  rt_mutex.o ABSOLUTE
    ..\rt_Robin.c                            0x00000000   Number         0  rt_robin.o ABSOLUTE
    ..\rt_Semaphore.c                        0x00000000   Number         0  rt_semaphore.o ABSOLUTE
    ..\rt_System.c                           0x00000000   Number         0  rt_system.o ABSOLUTE
    ..\rt_Task.c                             0x00000000   Number         0  rt_task.o ABSOLUTE
    ..\rt_Time.c                             0x00000000   Number         0  rt_time.o ABSOLUTE
    GLCD_SPI_LPC1700.c                       0x00000000   Number         0  glcd_spi_lpc1700.o ABSOLUTE
    GLCD_SPI_LPC1700.c                       0x00000000   Number         0  glcd_spi_lpc1700.o ABSOLUTE
    GLCD_Scroll.c                            0x00000000   Number         0  glcd_scroll.o ABSOLUTE
    GLCD_Scroll.c                            0x00000000   Number         0  glcd_scroll.o ABSOLUTE
    HAL_CM3.c                                0x00000000   Number         0  hal_cm3.o ABSOLUTE
    HAL_CM3.c                                0x00000000   Number         0  hal_cm3.o ABSOLUTE
    RTE\CMSIS\RTX_Conf_CM.c                  0x00000000   Number         0  rtx_conf_cm.o ABSOLUTE
    RTE\Device\LPC1768\startup_LPC17xx.s     0x00000000   Number         0  startup_lpc17xx.o ABSOLUTE
    RTE\Device\LPC1768\system_LPC17xx.c      0x00000000   Number         0  system_lpc17xx.o ABSOLUTE
    RTE\\Device\\LPC1768\\system_LPC17xx.c   0x00000000   Number         0  system_lpc17xx.o ABSOLUTE
    Retarget.c                               0x00000000   Number         0  retarget.o ABSOLUTE
    SVC_Table.s                              0x00000000   Number         0  svc_table.o ABSOLUTE
    dc.s                                     0x00000000   Number         0  dc.o ABSOLUTE
    handlers.s                               0x00000000   Number         0  handlers.o ABSOLUTE
    init.s                                   0x00000000   Number         0  init.o ABSOLUTE
    lfsr113.c                                0x00000000   Number         0  lfsr113.o ABSOLUTE
    main.c                                   0x00000000   Number         0  main.o ABSOLUTE
    main.c                                   0x00000000   Number         0  main.o ABSOLUTE
    uart.c                                   0x00000000   Number         0  uart.o ABSOLUTE
    uart.c                                   0x00000000   Number         0  uart.o ABSOLUTE
    .ARM.Collect$$$$00000000                 0x000000cc   Section        0  entry.o(.ARM.Collect$$$$00000000)
    .ARM.Collect$$$$00000001                 0x000000cc   Section        4  entry2.o(.ARM.Collect$$$$00000001)
    .ARM.Collect$$$$00000004                 0x000000d0   Section        4  entry5.o(.ARM.Collect$$$$00000004)
    .ARM.Collect$$$$00000008                 0x000000d4   Section        0  entry7b.o(.ARM.Collect$$$$00000008)
    .ARM.Collect$$$$0000000A                 0x000000d4   Section        0  entry8b.o(.ARM.Collect$$$$0000000A)
    .ARM.Collect$$$$0000000D                 0x000000d4   Section        0  entry10a.o(.ARM.Collect$$$$0000000D)
    .ARM.Collect$$$$0000000F                 0x000000d4   Section        0  entry11a.o(.ARM.Collect$$$$0000000F)
    .ARM.Collect$$$$000000FF                 0x000000d4   Section        0  rtx_conf_cm.o(.ARM.Collect$$$$000000FF)
    .ARM.Collect$$$$00002712                 0x000000ec   Section        4  entry2.o(.ARM.Collect$$$$00002712)
    __lit__00000000                          0x000000ec   Data           4  entry2.o(.ARM.Collect$$$$00002712)
    .emb_text                                0x000000f0   Section      304  hal_cm3.o(.emb_text)
    .text                                    0x00000220   Section       36  startup_lpc17xx.o(.text)
    .text                                    0x00000244   Section       36  init.o(.text)
    .text                                    0x00000268   Section        0  __dclz77c.o(.text)
    SVC_TABLE                                0x000002c8   Section        4  svc_table.o(SVC_TABLE)
    i.GLCD_Clear                             0x000002cc   Section        0  glcd_spi_lpc1700.o(i.GLCD_Clear)
    i.__scatterload_null                     0x000002f6   Section        2  handlers.o(i.__scatterload_null)
    i.os_idle_demon                          0x000002f8   Section        0  rtx_conf_cm.o(i.os_idle_demon)
    .ARM.__at_0x02FC                         0x000002fc   Section        4  startup_lpc17xx.o(.ARM.__at_0x02FC)
    i.GLCD_Bitmap                            0x00000300   Section        0  glcd_spi_lpc1700.o(i.GLCD_Bitmap)
    i.GLCD_Init                              0x00000354   Section        0  glcd_spi_lpc1700.o(i.GLCD_Init)
    i.GLCD_SetBackColor                      0x0000093c   Section        0  glcd_spi_lpc1700.o(i.GLCD_SetBackColor)
    i.GLCD_SetWindow                         0x00000948   Section        0  glcd_spi_lpc1700.o(i.GLCD_SetWindow)
    i.GLCD_WindowMax                         0x000009f4   Section        0  glcd_spi_lpc1700.o(i.GLCD_WindowMax)
    i.SystemInit                             0x00000a08   Section        0  system_lpc17xx.o(i.SystemInit)
    i.UART0_IRQHandler                       0x00000b48   Section        0  uart.o(i.UART0_IRQHandler)
    i.UART1_IRQHandler                       0x00000bb0   Section        0  uart.o(i.UART1_IRQHandler)
    i.__scatterload_copy                     0x00000c20   Section       14  handlers.o(i.__scatterload_copy)
    i.__scatterload_zeroinit                 0x00000c2e   Section       14  handlers.o(i.__scatterload_zeroinit)
    i._init_box                              0x00000c3c   Section        0  rt_membox.o(i._init_box)
    i.dbg_init                               0x00000c84   Section        0  hal_cm.o(i.dbg_init)
    i.dbg_task_notify                        0x00000cb4   Section        0  hal_cm.o(i.dbg_task_notify)
    i.dbg_task_switch                        0x00000cd4   Section        0  hal_cm.o(i.dbg_task_switch)
    i.delay                                  0x00000ce4   Section        0  glcd_spi_lpc1700.o(i.delay)
    delay                                    0x00000ce5   Thumb Code    14  glcd_spi_lpc1700.o(i.delay)
    i.gameLogic                              0x00000cf4   Section        0  main.o(i.gameLogic)
    i.input                                  0x00000f90   Section        0  main.o(i.input)
    i.isrMessageGet                          0x0000104c   Section        0  rt_cmsis.o(i.isrMessageGet)
    i.isrMessagePut                          0x00001076   Section        0  rt_cmsis.o(i.isrMessagePut)
    i.isr_mbx_receive                        0x000010a4   Section        0  rt_mailbox.o(i.isr_mbx_receive)
    i.isr_mbx_send                           0x000010fa   Section        0  rt_mailbox.o(i.isr_mbx_send)
    i.lfsr113                                0x00001108   Section        0  lfsr113.o(i.lfsr113)
    i.main                                   0x00001198   Section        0  main.o(i.main)
    i.osDelay                                0x000011cc   Section        0  rt_cmsis.o(i.osDelay)
    i.osKernelInitialize                     0x000011e4   Section        0  rt_cmsis.o(i.osKernelInitialize)
    i.osKernelStart                          0x00001208   Section        0  rt_cmsis.o(i.osKernelStart)
    i.osMessageGet                           0x00001274   Section        0  rt_cmsis.o(i.osMessageGet)
    i.osThreadCreate                         0x0000128c   Section        0  rt_cmsis.o(i.osThreadCreate)
    i.osThreadExit                           0x000012b8   Section        0  rt_cmsis.o(i.osThreadExit)
    i.osTimerCall                            0x000012d0   Section        0  rt_cmsis.o(i.osTimerCall)
    i.osTimerThread                          0x000012dc   Section        0  rt_cmsis.o(i.osTimerThread)
    i.os_error                               0x00001308   Section        0  rtx_conf_cm.o(i.os_error)
    i.os_tick_init                           0x0000132c   Section        0  rt_system.o(i.os_tick_init)
    i.os_tick_irqack                         0x00001354   Section        0  rt_system.o(i.os_tick_irqack)
    i.rd_id_man                              0x00001358   Section        0  glcd_spi_lpc1700.o(i.rd_id_man)
    rd_id_man                                0x00001359   Thumb Code   132  glcd_spi_lpc1700.o(i.rd_id_man)
    i.rd_reg                                 0x000013e4   Section        0  glcd_spi_lpc1700.o(i.rd_reg)
    rd_reg                                   0x000013e5   Thumb Code    66  glcd_spi_lpc1700.o(i.rd_reg)
    i.rt_alloc_box                           0x0000142c   Section        0  rt_membox.o(i.rt_alloc_box)
    i.rt_alloc_mem                           0x00001446   Section        0  rt_memory.o(i.rt_alloc_mem)
    i.rt_block                               0x00001484   Section        0  rt_task.o(i.rt_block)
    i.rt_chk_robin                           0x000014bc   Section        0  rt_robin.o(i.rt_chk_robin)
    i.rt_dec_dly                             0x00001504   Section        0  rt_list.o(i.rt_dec_dly)
    i.rt_dispatch                            0x00001574   Section        0  rt_task.o(i.rt_dispatch)
    i.rt_dly_wait                            0x000015b8   Section        0  rt_time.o(i.rt_dly_wait)
    i.rt_evt_psh                             0x000015c0   Section        0  rt_event.o(i.rt_evt_psh)
    i.rt_free_box                            0x00001610   Section        0  rt_membox.o(i.rt_free_box)
    i.rt_free_mem                            0x0000163c   Section        0  rt_memory.o(i.rt_free_mem)
    i.rt_get_first                           0x00001664   Section        0  rt_list.o(i.rt_get_first)
    i.rt_id2obj                              0x0000168c   Section        0  rt_cmsis.o(i.rt_id2obj)
    rt_id2obj                                0x0000168d   Thumb Code     8  rt_cmsis.o(i.rt_id2obj)
    i.rt_init_context                        0x00001694   Section        0  rt_task.o(i.rt_init_context)
    rt_init_context                          0x00001695   Thumb Code    66  rt_task.o(i.rt_init_context)
    i.rt_init_mem                            0x000016dc   Section        0  rt_memory.o(i.rt_init_mem)
    i.rt_init_robin                          0x000016f8   Section        0  rt_robin.o(i.rt_init_robin)
    i.rt_init_stack                          0x00001710   Section        0  hal_cm.o(i.rt_init_stack)
    i.rt_mbx_check                           0x00001790   Section        0  rt_mailbox.o(i.rt_mbx_check)
    i.rt_mbx_init                            0x00001798   Section        0  rt_mailbox.o(i.rt_mbx_init)
    i.rt_mbx_psh                             0x000017b4   Section        0  rt_mailbox.o(i.rt_mbx_psh)
    i.rt_mbx_wait                            0x000018a4   Section        0  rt_mailbox.o(i.rt_mbx_wait)
    i.rt_ms2tick                             0x00001958   Section        0  rt_cmsis.o(i.rt_ms2tick)
    rt_ms2tick                               0x00001959   Thumb Code    58  rt_cmsis.o(i.rt_ms2tick)
    i.rt_pop_req                             0x0000199c   Section        0  rt_system.o(i.rt_pop_req)
    i.rt_psh_req                             0x00001a18   Section        0  rt_system.o(i.rt_psh_req)
    i.rt_psq_enq                             0x00001a38   Section        0  rt_list.o(i.rt_psq_enq)
    i.rt_put_dly                             0x00001a94   Section        0  rt_list.o(i.rt_put_dly)
    i.rt_put_prio                            0x00001adc   Section        0  rt_list.o(i.rt_put_prio)
    i.rt_put_rdy_first                       0x00001b14   Section        0  rt_list.o(i.rt_put_rdy_first)
    i.rt_resort_prio                         0x00001b28   Section        0  rt_list.o(i.rt_resort_prio)
    i.rt_ret_val                             0x00001b5c   Section        0  hal_cm.o(i.rt_ret_val)
    i.rt_ret_val2                            0x00001b62   Section        0  hal_cm.o(i.rt_ret_val2)
    i.rt_rmv_dly                             0x00001b6a   Section        0  rt_list.o(i.rt_rmv_dly)
    i.rt_rmv_list                            0x00001b94   Section        0  rt_list.o(i.rt_rmv_list)
    i.rt_sem_psh                             0x00001bc4   Section        0  rt_semaphore.o(i.rt_sem_psh)
    i.rt_stk_check                           0x00001bf8   Section        0  rt_system.o(i.rt_stk_check)
    i.rt_switch_req                          0x00001c1c   Section        0  rt_task.o(i.rt_switch_req)
    i.rt_sys_init                            0x00001c44   Section        0  rt_task.o(i.rt_sys_init)
    i.rt_sys_start                           0x00001d10   Section        0  rt_task.o(i.rt_sys_start)
    i.rt_systick                             0x00001d88   Section        0  rt_system.o(i.rt_systick)
    i.rt_tid2ptcb                            0x00001dc8   Section        0  rt_cmsis.o(i.rt_tid2ptcb)
    rt_tid2ptcb                              0x00001dc9   Thumb Code    18  rt_cmsis.o(i.rt_tid2ptcb)
    i.rt_timer_insert                        0x00001ddc   Section        0  rt_cmsis.o(i.rt_timer_insert)
    rt_timer_insert                          0x00001ddd   Thumb Code    48  rt_cmsis.o(i.rt_timer_insert)
    i.rt_tsk_create                          0x00001e10   Section        0  rt_task.o(i.rt_tsk_create)
    i.rt_tsk_delete                          0x00001e98   Section        0  rt_task.o(i.rt_tsk_delete)
    i.rt_tsk_prio                            0x00002014   Section        0  rt_task.o(i.rt_tsk_prio)
    i.rt_tsk_self                            0x00002090   Section        0  rt_task.o(i.rt_tsk_self)
    i.spi_tran                               0x000020a0   Section        0  glcd_spi_lpc1700.o(i.spi_tran)
    spi_tran                                 0x000020a1   Thumb Code    28  glcd_spi_lpc1700.o(i.spi_tran)
    i.spi_tran_man                           0x000020c0   Section        0  glcd_spi_lpc1700.o(i.spi_tran_man)
    spi_tran_man                             0x000020c1   Thumb Code   124  glcd_spi_lpc1700.o(i.spi_tran_man)
    i.svcDelay                               0x00002140   Section        0  rt_cmsis.o(i.svcDelay)
    i.svcKernelInitialize                    0x00002154   Section        0  rt_cmsis.o(i.svcKernelInitialize)
    i.svcKernelStart                         0x000021c4   Section        0  rt_cmsis.o(i.svcKernelStart)
    i.svcMessageCreate                       0x0000220c   Section        0  rt_cmsis.o(i.svcMessageCreate)
    i.svcMessageGet                          0x00002230   Section        0  rt_cmsis.o(i.svcMessageGet)
    i.svcThreadCreate                        0x0000226c   Section        0  rt_cmsis.o(i.svcThreadCreate)
    i.svcThreadGetId                         0x000022d8   Section        0  rt_cmsis.o(i.svcThreadGetId)
    i.svcThreadTerminate                     0x000022f4   Section        0  rt_cmsis.o(i.svcThreadTerminate)
    i.svcTimerCall                           0x0000232c   Section        0  rt_cmsis.o(i.svcTimerCall)
    i.sysTimerTick                           0x00002344   Section        0  rt_cmsis.o(i.sysTimerTick)
    i.updateDisplay                          0x000023a0   Section        0  main.o(i.updateDisplay)
    i.wr_cmd                                 0x000024dc   Section        0  glcd_spi_lpc1700.o(i.wr_cmd)
    wr_cmd                                   0x000024dd   Thumb Code    36  glcd_spi_lpc1700.o(i.wr_cmd)
    i.wr_dat                                 0x00002504   Section        0  glcd_spi_lpc1700.o(i.wr_dat)
    wr_dat                                   0x00002505   Thumb Code    36  glcd_spi_lpc1700.o(i.wr_dat)
    i.wr_dat_only                            0x0000252c   Section        0  glcd_spi_lpc1700.o(i.wr_dat_only)
    wr_dat_only                              0x0000252d   Thumb Code    18  glcd_spi_lpc1700.o(i.wr_dat_only)
    i.wr_dat_start                           0x00002540   Section        0  glcd_spi_lpc1700.o(i.wr_dat_start)
    wr_dat_start                             0x00002541   Thumb Code    16  glcd_spi_lpc1700.o(i.wr_dat_start)
    i.wr_dat_stop                            0x00002554   Section        0  glcd_spi_lpc1700.o(i.wr_dat_stop)
    wr_dat_stop                              0x00002555   Thumb Code     8  glcd_spi_lpc1700.o(i.wr_dat_stop)
    i.wr_reg                                 0x00002560   Section        0  glcd_spi_lpc1700.o(i.wr_reg)
    wr_reg                                   0x00002561   Thumb Code    20  glcd_spi_lpc1700.o(i.wr_reg)
    .constdata                               0x00002574   Section       56  main.o(.constdata)
    .constdata                               0x000025ac   Section      104  rtx_conf_cm.o(.constdata)
    __tagsym$$used                           0x000025c8   Number         0  rtx_conf_cm.o(.constdata)
    __tagsym$$used                           0x000025cc   Number         0  rtx_conf_cm.o(.constdata)
    __tagsym$$used                           0x000025d0   Number         0  rtx_conf_cm.o(.constdata)
    __tagsym$$used                           0x000025d4   Number         0  rtx_conf_cm.o(.constdata)
    .data                                    0x10000000   Section        5  glcd_spi_lpc1700.o(.data)
    Color                                    0x10000000   Data           4  glcd_spi_lpc1700.o(.data)
    Himax                                    0x10000004   Data           1  glcd_spi_lpc1700.o(.data)
    .data                                    0x10000008   Section       16  lfsr113.o(.data)
    z1                                       0x10000008   Data           4  lfsr113.o(.data)
    z2                                       0x1000000c   Data           4  lfsr113.o(.data)
    z3                                       0x10000010   Data           4  lfsr113.o(.data)
    z4                                       0x10000014   Data           4  lfsr113.o(.data)
    .data                                    0x10000018   Section       32  uart.o(.data)
    .data                                    0x10000038   Section     3850  main.o(.data)
    .data                                    0x10000f44   Section       16  rtx_conf_cm.o(.data)
    .data                                    0x10000f54   Section        8  rt_cmsis.o(.data)
    .data                                    0x10000f5c   Section        8  rt_task.o(.data)
    .data                                    0x10000f64   Section        8  rt_system.o(.data)
    os_lock                                  0x10000f64   Data           1  rt_system.o(.data)
    os_psh_flag                              0x10000f65   Data           1  rt_system.o(.data)
    pend_flags                               0x10000f66   Data           1  rt_system.o(.data)
    .data                                    0x10000f6c   Section        4  rt_time.o(.data)
    .data                                    0x10000f70   Section        1  hal_cm.o(.data)
    .data                                    0x10000f74   Section        8  rt_robin.o(.data)
    .bss                                     0x10000f7c   Section      128  uart.o(.bss)
    .bss                                     0x10000ffc   Section    15844  main.o(.bss)
    .bss                                     0x10004de0   Section     4400  rtx_conf_cm.o(.bss)
    .bss                                     0x10005f10   Section       52  rt_task.o(.bss)
    .bss                                     0x10005f44   Section       48  rt_list.o(.bss)
    STACK                                    0x10005f78   Section     8192  startup_lpc17xx.o(STACK)

    Global Symbols

    Symbol Name                              Value     Ov Type        Size  Object(Section)

    BuildAttributes$$THM_ISAv4$P$D$K$B$S$PE$A:L22UL41UL21$X:L11$S22US41US21$IEEE1$IW$USESV6$~STKCKD$USESV7$~SHL$OSPACE$EBA8$MICROLIB$REQ8$PRES8$EABIv2 0x00000000   Number         0  anon$$obj.o ABSOLUTE
    __ARM_use_no_argv                        0x00000000   Number         0  main.o ABSOLUTE
    __Vectors                                0x00000000   Data           4  startup_lpc17xx.o(RESET)
    __cpp_initialize__aeabi_                  - Undefined Weak Reference
    __cxa_finalize                            - Undefined Weak Reference
    _clock_init                               - Undefined Weak Reference
    _microlib_exit                            - Undefined Weak Reference
    __main                                   0x000000cd   Thumb Code     0  entry.o(.ARM.Collect$$$$00000000)
    _main_stk                                0x000000cd   Thumb Code     0  entry2.o(.ARM.Collect$$$$00000001)
    _main_scatterload                        0x000000d1   Thumb Code     0  entry5.o(.ARM.Collect$$$$00000004)
    __main_after_scatterload                 0x000000d5   Thumb Code     0  entry5.o(.ARM.Collect$$$$00000004)
    __rt_final_cpp                           0x000000d5   Thumb Code     0  entry10a.o(.ARM.Collect$$$$0000000D)
    __rt_final_exit                          0x000000d5   Thumb Code     0  entry11a.o(.ARM.Collect$$$$0000000F)
    _main_clock                              0x000000d5   Thumb Code     0  entry7b.o(.ARM.Collect$$$$00000008)
    _main_cpp_init                           0x000000d5   Thumb Code     0  entry8b.o(.ARM.Collect$$$$0000000A)
    _main_init                               0x000000d5   Thumb Code    18  rtx_conf_cm.o(.ARM.Collect$$$$000000FF)
    rt_set_PSP                               0x000000f1   Thumb Code     6  hal_cm3.o(.emb_text)
    rt_get_PSP                               0x000000f7   Thumb Code     6  hal_cm3.o(.emb_text)
    os_set_env                               0x000000fd   Thumb Code    24  hal_cm3.o(.emb_text)
    _alloc_box                               0x00000119   Thumb Code    28  hal_cm3.o(.emb_text)
    _free_box                                0x00000139   Thumb Code    28  hal_cm3.o(.emb_text)
    SVC_Handler                              0x00000159   Thumb Code   108  hal_cm3.o(.emb_text)
    PendSV_Handler                           0x000001d1   Thumb Code    56  hal_cm3.o(.emb_text)
    SysTick_Handler                          0x0000020d   Thumb Code     8  hal_cm3.o(.emb_text)
    OS_Tick_Handler                          0x00000215   Thumb Code    12  hal_cm3.o(.emb_text)
    Reset_Handler                            0x00000221   Thumb Code     8  startup_lpc17xx.o(.text)
    NMI_Handler                              0x00000229   Thumb Code     2  startup_lpc17xx.o(.text)
    HardFault_Handler                        0x0000022b   Thumb Code     2  startup_lpc17xx.o(.text)
    MemManage_Handler                        0x0000022d   Thumb Code     2  startup_lpc17xx.o(.text)
    BusFault_Handler                         0x0000022f   Thumb Code     2  startup_lpc17xx.o(.text)
    UsageFault_Handler                       0x00000231   Thumb Code     2  startup_lpc17xx.o(.text)
    DebugMon_Handler                         0x00000235   Thumb Code     2  startup_lpc17xx.o(.text)
    ADC_IRQHandler                           0x0000023b   Thumb Code     0  startup_lpc17xx.o(.text)
    BOD_IRQHandler                           0x0000023b   Thumb Code     0  startup_lpc17xx.o(.text)
    CANActivity_IRQHandler                   0x0000023b   Thumb Code     0  startup_lpc17xx.o(.text)
    CAN_IRQHandler                           0x0000023b   Thumb Code     0  startup_lpc17xx.o(.text)
    DMA_IRQHandler                           0x0000023b   Thumb Code     0  startup_lpc17xx.o(.text)
    EINT0_IRQHandler                         0x0000023b   Thumb Code     0  startup_lpc17xx.o(.text)
    EINT1_IRQHandler                         0x0000023b   Thumb Code     0  startup_lpc17xx.o(.text)
    EINT2_IRQHandler                         0x0000023b   Thumb Code     0  startup_lpc17xx.o(.text)
    EINT3_IRQHandler                         0x0000023b   Thumb Code     0  startup_lpc17xx.o(.text)
    ENET_IRQHandler                          0x0000023b   Thumb Code     0  startup_lpc17xx.o(.text)
    I2C0_IRQHandler                          0x0000023b   Thumb Code     0  startup_lpc17xx.o(.text)
    I2C1_IRQHandler                          0x0000023b   Thumb Code     0  startup_lpc17xx.o(.text)
    I2C2_IRQHandler                          0x0000023b   Thumb Code     0  startup_lpc17xx.o(.text)
    I2S_IRQHandler                           0x0000023b   Thumb Code     0  startup_lpc17xx.o(.text)
    MCPWM_IRQHandler                         0x0000023b   Thumb Code     0  startup_lpc17xx.o(.text)
    PLL0_IRQHandler                          0x0000023b   Thumb Code     0  startup_lpc17xx.o(.text)
    PLL1_IRQHandler                          0x0000023b   Thumb Code     0  startup_lpc17xx.o(.text)
    PWM1_IRQHandler                          0x0000023b   Thumb Code     0  startup_lpc17xx.o(.text)
    QEI_IRQHandler                           0x0000023b   Thumb Code     0  startup_lpc17xx.o(.text)
    RIT_IRQHandler                           0x0000023b   Thumb Code     0  startup_lpc17xx.o(.text)
    RTC_IRQHandler                           0x0000023b   Thumb Code     0  startup_lpc17xx.o(.text)
    SPI_IRQHandler                           0x0000023b   Thumb Code     0  startup_lpc17xx.o(.text)
    SSP0_IRQHandler                          0x0000023b   Thumb Code     0  startup_lpc17xx.o(.text)
    SSP1_IRQHandler                          0x0000023b   Thumb Code     0  startup_lpc17xx.o(.text)
    TIMER0_IRQHandler                        0x0000023b   Thumb Code     0  startup_lpc17xx.o(.text)
    TIMER1_IRQHandler                        0x0000023b   Thumb Code     0  startup_lpc17xx.o(.text)
    TIMER2_IRQHandler                        0x0000023b   Thumb Code     0  startup_lpc17xx.o(.text)
    TIMER3_IRQHandler                        0x0000023b   Thumb Code     0  startup_lpc17xx.o(.text)
    UART2_IRQHandler                         0x0000023b   Thumb Code     0  startup_lpc17xx.o(.text)
    UART3_IRQHandler                         0x0000023b   Thumb Code     0  startup_lpc17xx.o(.text)
    USBActivity_IRQHandler                   0x0000023b   Thumb Code     0  startup_lpc17xx.o(.text)
    USB_IRQHandler                           0x0000023b   Thumb Code     0  startup_lpc17xx.o(.text)
    WDT_IRQHandler                           0x0000023b   Thumb Code     0  startup_lpc17xx.o(.text)
    __scatterload                            0x00000245   Thumb Code    28  init.o(.text)
    __scatterload_rt2                        0x00000245   Thumb Code     0  init.o(.text)
    __decompress                             0x00000269   Thumb Code     0  __dclz77c.o(.text)
    __decompress2                            0x00000269   Thumb Code    94  __dclz77c.o(.text)
    SVC_Count                                0x000002c8   Data           4  svc_table.o(SVC_TABLE)
    GLCD_Clear                               0x000002cd   Thumb Code    42  glcd_spi_lpc1700.o(i.GLCD_Clear)
    SVC_Table                                0x000002cc   Data           0  svc_table.o(SVC_TABLE)
    __scatterload_null                       0x000002f7   Thumb Code     2  handlers.o(i.__scatterload_null)
    os_idle_demon                            0x000002f9   Thumb Code     4  rtx_conf_cm.o(i.os_idle_demon)
    GLCD_Bitmap                              0x00000301   Thumb Code    82  glcd_spi_lpc1700.o(i.GLCD_Bitmap)
    GLCD_Init                                0x00000355   Thumb Code  1506  glcd_spi_lpc1700.o(i.GLCD_Init)
    __RL_RTX_VER                             0x00000482   Number         0  rt_system.o ABSOLUTE
    GLCD_SetBackColor                        0x0000093d   Thumb Code     6  glcd_spi_lpc1700.o(i.GLCD_SetBackColor)
    GLCD_SetWindow                           0x00000949   Thumb Code   168  glcd_spi_lpc1700.o(i.GLCD_SetWindow)
    GLCD_WindowMax                           0x000009f5   Thumb Code    18  glcd_spi_lpc1700.o(i.GLCD_WindowMax)
    SystemInit                               0x00000a09   Thumb Code   302  system_lpc17xx.o(i.SystemInit)
    UART0_IRQHandler                         0x00000b49   Thumb Code    88  uart.o(i.UART0_IRQHandler)
    UART1_IRQHandler                         0x00000bb1   Thumb Code    90  uart.o(i.UART1_IRQHandler)
    __scatterload_copy                       0x00000c21   Thumb Code    14  handlers.o(i.__scatterload_copy)
    __scatterload_zeroinit                   0x00000c2f   Thumb Code    14  handlers.o(i.__scatterload_zeroinit)
    _init_box                                0x00000c3d   Thumb Code    70  rt_membox.o(i._init_box)
    dbg_init                                 0x00000c85   Thumb Code    34  hal_cm.o(i.dbg_init)
    dbg_task_notify                          0x00000cb5   Thumb Code    32  hal_cm.o(i.dbg_task_notify)
    dbg_task_switch                          0x00000cd5   Thumb Code    16  hal_cm.o(i.dbg_task_switch)
    gameLogic                                0x00000cf5   Thumb Code   634  main.o(i.gameLogic)
    input                                    0x00000f91   Thumb Code   162  main.o(i.input)
    isrMessageGet                            0x0000104d   Thumb Code    42  rt_cmsis.o(i.isrMessageGet)
    isrMessagePut                            0x00001077   Thumb Code    44  rt_cmsis.o(i.isrMessagePut)
    isr_mbx_receive                          0x000010a5   Thumb Code    86  rt_mailbox.o(i.isr_mbx_receive)
    isr_mbx_send                             0x000010fb   Thumb Code    14  rt_mailbox.o(i.isr_mbx_send)
    lfsr113                                  0x00001109   Thumb Code   128  lfsr113.o(i.lfsr113)
    main                                     0x00001199   Thumb Code    38  main.o(i.main)
    osDelay                                  0x000011cd   Thumb Code    18  rt_cmsis.o(i.osDelay)
    osKernelInitialize                       0x000011e5   Thumb Code    30  rt_cmsis.o(i.osKernelInitialize)
    osKernelStart                            0x00001209   Thumb Code    98  rt_cmsis.o(i.osKernelStart)
    osMessageGet                             0x00001275   Thumb Code    18  rt_cmsis.o(i.osMessageGet)
    osThreadCreate                           0x0000128d   Thumb Code    36  rt_cmsis.o(i.osThreadCreate)
    osThreadExit                             0x000012b9   Thumb Code    14  rt_cmsis.o(i.osThreadExit)
    osTimerCall                              0x000012d1   Thumb Code     8  rt_cmsis.o(i.osTimerCall)
    osTimerThread                            0x000012dd   Thumb Code    38  rt_cmsis.o(i.osTimerThread)
    os_error                                 0x00001309   Thumb Code    34  rtx_conf_cm.o(i.os_error)
    os_tick_init                             0x0000132d   Thumb Code    32  rt_system.o(i.os_tick_init)
    os_tick_irqack                           0x00001355   Thumb Code     2  rt_system.o(i.os_tick_irqack)
    rt_alloc_box                             0x0000142d   Thumb Code    26  rt_membox.o(i.rt_alloc_box)
    rt_alloc_mem                             0x00001447   Thumb Code    62  rt_memory.o(i.rt_alloc_mem)
    rt_block                                 0x00001485   Thumb Code    48  rt_task.o(i.rt_block)
    rt_chk_robin                             0x000014bd   Thumb Code    60  rt_robin.o(i.rt_chk_robin)
    rt_dec_dly                               0x00001505   Thumb Code   102  rt_list.o(i.rt_dec_dly)
    rt_dispatch                              0x00001575   Thumb Code    60  rt_task.o(i.rt_dispatch)
    rt_dly_wait                              0x000015b9   Thumb Code     6  rt_time.o(i.rt_dly_wait)
    rt_evt_psh                               0x000015c1   Thumb Code    76  rt_event.o(i.rt_evt_psh)
    rt_free_box                              0x00001611   Thumb Code    44  rt_membox.o(i.rt_free_box)
    rt_free_mem                              0x0000163d   Thumb Code    40  rt_memory.o(i.rt_free_mem)
    rt_get_first                             0x00001665   Thumb Code    40  rt_list.o(i.rt_get_first)
    rt_init_mem                              0x000016dd   Thumb Code    26  rt_memory.o(i.rt_init_mem)
    rt_init_robin                            0x000016f9   Thumb Code    14  rt_robin.o(i.rt_init_robin)
    rt_init_stack                            0x00001711   Thumb Code   118  hal_cm.o(i.rt_init_stack)
    rt_mbx_check                             0x00001791   Thumb Code     8  rt_mailbox.o(i.rt_mbx_check)
    rt_mbx_init                              0x00001799   Thumb Code    26  rt_mailbox.o(i.rt_mbx_init)
    rt_mbx_psh                               0x000017b5   Thumb Code   236  rt_mailbox.o(i.rt_mbx_psh)
    rt_mbx_wait                              0x000018a5   Thumb Code   174  rt_mailbox.o(i.rt_mbx_wait)
    rt_pop_req                               0x0000199d   Thumb Code   112  rt_system.o(i.rt_pop_req)
    rt_psh_req                               0x00001a19   Thumb Code    22  rt_system.o(i.rt_psh_req)
    rt_psq_enq                               0x00001a39   Thumb Code    88  rt_list.o(i.rt_psq_enq)
    rt_put_dly                               0x00001a95   Thumb Code    68  rt_list.o(i.rt_put_dly)
    rt_put_prio                              0x00001add   Thumb Code    54  rt_list.o(i.rt_put_prio)
    rt_put_rdy_first                         0x00001b15   Thumb Code    14  rt_list.o(i.rt_put_rdy_first)
    rt_resort_prio                           0x00001b29   Thumb Code    46  rt_list.o(i.rt_resort_prio)
    rt_ret_val                               0x00001b5d   Thumb Code     6  hal_cm.o(i.rt_ret_val)
    rt_ret_val2                              0x00001b63   Thumb Code     8  hal_cm.o(i.rt_ret_val2)
    rt_rmv_dly                               0x00001b6b   Thumb Code    40  rt_list.o(i.rt_rmv_dly)
    rt_rmv_list                              0x00001b95   Thumb Code    44  rt_list.o(i.rt_rmv_list)
    rt_sem_psh                               0x00001bc5   Thumb Code    48  rt_semaphore.o(i.rt_sem_psh)
    rt_stk_check                             0x00001bf9   Thumb Code    28  rt_system.o(i.rt_stk_check)
    rt_switch_req                            0x00001c1d   Thumb Code    30  rt_task.o(i.rt_switch_req)
    rt_sys_init                              0x00001c45   Thumb Code   138  rt_task.o(i.rt_sys_init)
    rt_sys_start                             0x00001d11   Thumb Code   110  rt_task.o(i.rt_sys_start)
    rt_systick                               0x00001d89   Thumb Code    50  rt_system.o(i.rt_systick)
    rt_tsk_create                            0x00001e11   Thumb Code   118  rt_task.o(i.rt_tsk_create)
    rt_tsk_delete                            0x00001e99   Thumb Code   352  rt_task.o(i.rt_tsk_delete)
    rt_tsk_prio                              0x00002015   Thumb Code   108  rt_task.o(i.rt_tsk_prio)
    rt_tsk_self                              0x00002091   Thumb Code    12  rt_task.o(i.rt_tsk_self)
    svcDelay                                 0x00002141   Thumb Code    18  rt_cmsis.o(i.svcDelay)
    svcKernelInitialize                      0x00002155   Thumb Code    80  rt_cmsis.o(i.svcKernelInitialize)
    svcKernelStart                           0x000021c5   Thumb Code    62  rt_cmsis.o(i.svcKernelStart)
    svcMessageCreate                         0x0000220d   Thumb Code    36  rt_cmsis.o(i.svcMessageCreate)
    svcMessageGet                            0x00002231   Thumb Code    58  rt_cmsis.o(i.svcMessageGet)
    svcThreadCreate                          0x0000226d   Thumb Code    96  rt_cmsis.o(i.svcThreadCreate)
    svcThreadGetId                           0x000022d9   Thumb Code    22  rt_cmsis.o(i.svcThreadGetId)
    svcThreadTerminate                       0x000022f5   Thumb Code    50  rt_cmsis.o(i.svcThreadTerminate)
    svcTimerCall                             0x0000232d   Thumb Code    24  rt_cmsis.o(i.svcTimerCall)
    sysTimerTick                             0x00002345   Thumb Code    84  rt_cmsis.o(i.sysTimerTick)
    updateDisplay                            0x000023a1   Thumb Code   282  main.o(i.updateDisplay)
    ScreenHeight                             0x00002574   Data           2  main.o(.constdata)
    ScreenWidth                              0x00002576   Data           2  main.o(.constdata)
    BlinkRate                                0x00002578   Data           4  main.o(.constdata)
    os_thread_def_input                      0x0000257c   Data          16  main.o(.constdata)
    os_thread_def_updateDisplay              0x0000258c   Data          16  main.o(.constdata)
    os_thread_def_gameLogic                  0x0000259c   Data          16  main.o(.constdata)
    os_maxtaskrun                            0x000025ac   Data           2  rtx_conf_cm.o(.constdata)
    os_stackinfo                             0x000025b0   Data           4  rtx_conf_cm.o(.constdata)
    os_rrobin                                0x000025b4   Data           4  rtx_conf_cm.o(.constdata)
    os_tickfreq                              0x000025b8   Data           4  rtx_conf_cm.o(.constdata)
    os_tickus_i                              0x000025bc   Data           2  rtx_conf_cm.o(.constdata)
    os_tickus_f                              0x000025be   Data           2  rtx_conf_cm.o(.constdata)
    os_trv                                   0x000025c0   Data           4  rtx_conf_cm.o(.constdata)
    os_flags                                 0x000025c4   Data           1  rtx_conf_cm.o(.constdata)
    CMSIS_RTOS_API_Version                   0x000025c8   Data           4  rtx_conf_cm.o(.constdata)
    CMSIS_RTOS_RTX_Version                   0x000025cc   Data           4  rtx_conf_cm.o(.constdata)
    os_clockrate                             0x000025d0   Data           4  rtx_conf_cm.o(.constdata)
    os_timernum                              0x000025d4   Data           4  rtx_conf_cm.o(.constdata)
    mp_tcb_size                              0x000025d8   Data           2  rtx_conf_cm.o(.constdata)
    mp_stk_size                              0x000025dc   Data           4  rtx_conf_cm.o(.constdata)
    os_stack_sz                              0x000025e0   Data           4  rtx_conf_cm.o(.constdata)
    os_fifo_size                             0x000025e4   Data           1  rtx_conf_cm.o(.constdata)
    os_thread_def_osTimerThread              0x000025e8   Data          16  rtx_conf_cm.o(.constdata)
    os_messageQ_def_osTimerMessageQ          0x000025f8   Data           8  rtx_conf_cm.o(.constdata)
    mp_tmr_size                              0x00002600   Data           2  rtx_conf_cm.o(.constdata)
    os_thread_def_main                       0x00002604   Data          16  rtx_conf_cm.o(.constdata)
    Region$$Table$$Base                      0x00002614   Number         0  anon$$obj.o(Region$$Table)
    Region$$Table$$Limit                     0x00002634   Number         0  anon$$obj.o(Region$$Table)
    ITM_RxBuffer                             0x10000018   Data           4  uart.o(.data)
    UART0Status                              0x1000001c   Data           4  uart.o(.data)
    UART1Status                              0x10000020   Data           4  uart.o(.data)
    UART0TxEmpty                             0x10000024   Data           1  uart.o(.data)
    UART1TxEmpty                             0x10000025   Data           1  uart.o(.data)
    UART0Count                               0x10000028   Data           4  uart.o(.data)
    UART1Count                               0x1000002c   Data           4  uart.o(.data)
    RcvLock0                                 0x10000030   Data           1  uart.o(.data)
    SndLock0                                 0x10000031   Data           1  uart.o(.data)
    RcvLock1                                 0x10000032   Data           1  uart.o(.data)
    SndLock1                                 0x10000033   Data           1  uart.o(.data)
    i                                        0x10000034   Data           4  uart.o(.data)
    player_bitmap                            0x10000038   Data        1536  main.o(.data)
    enemy_bitmap                             0x10000638   Data        1536  main.o(.data)
    bullet_bitmap                            0x10000c38   Data         768  main.o(.data)
    score                                    0x10000f38   Data           2  main.o(.data)
    life                                     0x10000f3a   Data           2  main.o(.data)
    Player_x                                 0x10000f3c   Data           2  main.o(.data)
    player_direction                         0x10000f3e   Data           2  main.o(.data)
    buttonPressed                            0x10000f40   Data           1  main.o(.data)
    blinkLEDs                                0x10000f41   Data           1  main.o(.data)
    osThreadId_osTimerThread                 0x10000f44   Data           4  rtx_conf_cm.o(.data)
    osMessageQId_osTimerMessageQ             0x10000f48   Data           4  rtx_conf_cm.o(.data)
    os_tmr                                   0x10000f4c   Data           4  rtx_conf_cm.o(.data)
    m_tmr                                    0x10000f50   Data           4  rtx_conf_cm.o(.data)
    os_initialized                           0x10000f54   Data           1  rt_cmsis.o(.data)
    os_running                               0x10000f55   Data           1  rt_cmsis.o(.data)
    os_timer_head                            0x10000f58   Data           4  rt_cmsis.o(.data)
    os_tsk                                   0x10000f5c   Data           8  rt_task.o(.data)
    os_tick_irqn                             0x10000f68   Data           4  rt_system.o(.data)
    os_time                                  0x10000f6c   Data           4  rt_time.o(.data)
    dbg_msg                                  0x10000f70   Data           1  hal_cm.o(.data)
    os_robin                                 0x10000f74   Data           8  rt_robin.o(.data)
    UART0Buffer                              0x10000f7c   Data          64  uart.o(.bss)
    UART1Buffer                              0x10000fbc   Data          64  uart.o(.bss)
    black_box_bitmap                         0x10000ffc   Data        3136  main.o(.bss)
    big_black_box_bitmap                     0x10001c3c   Data       12544  main.o(.bss)
    enemies                                  0x10004d3c   Data         128  main.o(.bss)
    bullets                                  0x10004dbc   Data          36  main.o(.bss)
    mp_tcb                                   0x10004de0   Data         376  rtx_conf_cm.o(.bss)
    mp_stk                                   0x10004f58   Data        3088  rtx_conf_cm.o(.bss)
    os_stack_mem                             0x10005b68   Data         744  rtx_conf_cm.o(.bss)
    os_fifo                                  0x10005e50   Data         132  rtx_conf_cm.o(.bss)
    os_active_TCB                            0x10005ed4   Data          28  rtx_conf_cm.o(.bss)
    os_messageQ_q_osTimerMessageQ            0x10005ef0   Data          32  rtx_conf_cm.o(.bss)
    os_idle_TCB                              0x10005f10   Data          52  rt_task.o(.bss)
    os_rdy                                   0x10005f44   Data          24  rt_list.o(.bss)
    os_dly                                   0x10005f5c   Data          24  rt_list.o(.bss)
    __initial_sp                             0x10007f78   Data           0  startup_lpc17xx.o(STACK)



==============================================================================

Memory Map of the image

  Image Entry point : 0x00000221

  Load Region LR_1 (Base: 0x00000000, Size: 0x000035b0, Max: 0xffffffff, ABSOLUTE, COMPRESSED[0x00002718])

    Execution Region ER_RO (Exec base: 0x00000000, Load base: 0x00000000, Size: 0x00002634, Max: 0xffffffff, ABSOLUTE)

    Exec Addr    Load Addr    Size         Type   Attr      Idx    E Section Name        Object

    0x00000000   0x00000000   0x000000cc   Data   RO          630    RESET               startup_lpc17xx.o
    0x000000cc   0x000000cc   0x00000000   Code   RO         1882  * .ARM.Collect$$$$00000000  mc_w.l(entry.o)
    0x000000cc   0x000000cc   0x00000004   Code   RO         1887    .ARM.Collect$$$$00000001  mc_w.l(entry2.o)
    0x000000d0   0x000000d0   0x00000004   Code   RO         1890    .ARM.Collect$$$$00000004  mc_w.l(entry5.o)
    0x000000d4   0x000000d4   0x00000000   Code   RO         1892    .ARM.Collect$$$$00000008  mc_w.l(entry7b.o)
    0x000000d4   0x000000d4   0x00000000   Code   RO         1894    .ARM.Collect$$$$0000000A  mc_w.l(entry8b.o)
    0x000000d4   0x000000d4   0x00000000   Code   RO         1895    .ARM.Collect$$$$0000000D  mc_w.l(entry10a.o)
    0x000000d4   0x000000d4   0x00000000   Code   RO         1897    .ARM.Collect$$$$0000000F  mc_w.l(entry11a.o)
    0x000000d4   0x000000d4   0x00000018   Code   RO          593    .ARM.Collect$$$$000000FF  rtx_conf_cm.o
    0x000000ec   0x000000ec   0x00000004   Code   RO         1888    .ARM.Collect$$$$00002712  mc_w.l(entry2.o)
    0x000000f0   0x000000f0   0x00000130   Code   RO         1869    .emb_text           RTX_CM3.lib(hal_cm3.o)
    0x00000220   0x00000220   0x00000024   Code   RO          632  * .text               startup_lpc17xx.o
    0x00000244   0x00000244   0x00000024   Code   RO         1903    .text               mc_w.l(init.o)
    0x00000268   0x00000268   0x0000005e   Code   RO         1913    .text               mc_w.l(__dclz77c.o)
    0x000002c6   0x000002c6   0x00000002   PAD
    0x000002c8   0x000002c8   0x00000004   Code   RO         1879    SVC_TABLE           RTX_CM3.lib(svc_table.o)
    0x000002cc   0x000002cc   0x0000002a   Code   RO            6    i.GLCD_Clear        glcd_spi_lpc1700.o
    0x000002f6   0x000002f6   0x00000002   Code   RO         1908    i.__scatterload_null  mc_w.l(handlers.o)
    0x000002f8   0x000002f8   0x00000004   Code   RO          595    i.os_idle_demon     rtx_conf_cm.o
    0x000002fc   0x000002fc   0x00000004   Code   RO          631    .ARM.__at_0x02FC    startup_lpc17xx.o
    0x00000300   0x00000300   0x00000052   Code   RO            5    i.GLCD_Bitmap       glcd_spi_lpc1700.o
    0x00000352   0x00000352   0x00000002   PAD
    0x00000354   0x00000354   0x000005e8   Code   RO           11    i.GLCD_Init         glcd_spi_lpc1700.o
    0x0000093c   0x0000093c   0x0000000c   Code   RO           14    i.GLCD_SetBackColor  glcd_spi_lpc1700.o
    0x00000948   0x00000948   0x000000ac   Code   RO           16    i.GLCD_SetWindow    glcd_spi_lpc1700.o
    0x000009f4   0x000009f4   0x00000012   Code   RO           17    i.GLCD_WindowMax    glcd_spi_lpc1700.o
    0x00000a06   0x00000a06   0x00000002   PAD
    0x00000a08   0x00000a08   0x00000140   Code   RO          642    i.SystemInit        system_lpc17xx.o
    0x00000b48   0x00000b48   0x00000068   Code   RO          302    i.UART0_IRQHandler  uart.o
    0x00000bb0   0x00000bb0   0x00000070   Code   RO          303    i.UART1_IRQHandler  uart.o
    0x00000c20   0x00000c20   0x0000000e   Code   RO         1907    i.__scatterload_copy  mc_w.l(handlers.o)
    0x00000c2e   0x00000c2e   0x0000000e   Code   RO         1909    i.__scatterload_zeroinit  mc_w.l(handlers.o)
    0x00000c3c   0x00000c3c   0x00000046   Code   RO         1747    i._init_box         RTX_CM3.lib(rt_membox.o)
    0x00000c82   0x00000c82   0x00000002   PAD
    0x00000c84   0x00000c84   0x00000030   Code   RO         1800    i.dbg_init          RTX_CM3.lib(hal_cm.o)
    0x00000cb4   0x00000cb4   0x00000020   Code   RO         1801    i.dbg_task_notify   RTX_CM3.lib(hal_cm.o)
    0x00000cd4   0x00000cd4   0x00000010   Code   RO         1802    i.dbg_task_switch   RTX_CM3.lib(hal_cm.o)
    0x00000ce4   0x00000ce4   0x0000000e   Code   RO           20    i.delay             glcd_spi_lpc1700.o
    0x00000cf2   0x00000cf2   0x00000002   PAD
    0x00000cf4   0x00000cf4   0x0000029c   Code   RO          410    i.gameLogic         main.o
    0x00000f90   0x00000f90   0x000000bc   Code   RO          411    i.input             main.o
    0x0000104c   0x0000104c   0x0000002a   Code   RO          677    i.isrMessageGet     RTX_CM3.lib(rt_cmsis.o)
    0x00001076   0x00001076   0x0000002c   Code   RO          678    i.isrMessagePut     RTX_CM3.lib(rt_cmsis.o)
    0x000010a2   0x000010a2   0x00000002   PAD
    0x000010a4   0x000010a4   0x00000056   Code   RO         1593    i.isr_mbx_receive   RTX_CM3.lib(rt_mailbox.o)
    0x000010fa   0x000010fa   0x0000000e   Code   RO         1594    i.isr_mbx_send      RTX_CM3.lib(rt_mailbox.o)
    0x00001108   0x00001108   0x00000090   Code   RO          212    i.lfsr113           lfsr113.o
    0x00001198   0x00001198   0x00000034   Code   RO          412    i.main              main.o
    0x000011cc   0x000011cc   0x00000018   Code   RO          681    i.osDelay           RTX_CM3.lib(rt_cmsis.o)
    0x000011e4   0x000011e4   0x00000024   Code   RO          682    i.osKernelInitialize  RTX_CM3.lib(rt_cmsis.o)
    0x00001208   0x00001208   0x0000006c   Code   RO          684    i.osKernelStart     RTX_CM3.lib(rt_cmsis.o)
    0x00001274   0x00001274   0x00000018   Code   RO          693    i.osMessageGet      RTX_CM3.lib(rt_cmsis.o)
    0x0000128c   0x0000128c   0x0000002c   Code   RO          710    i.osThreadCreate    RTX_CM3.lib(rt_cmsis.o)
    0x000012b8   0x000012b8   0x00000018   Code   RO          711    i.osThreadExit      RTX_CM3.lib(rt_cmsis.o)
    0x000012d0   0x000012d0   0x0000000c   Code   RO          717    i.osTimerCall       RTX_CM3.lib(rt_cmsis.o)
    0x000012dc   0x000012dc   0x0000002c   Code   RO          722    i.osTimerThread     RTX_CM3.lib(rt_cmsis.o)
    0x00001308   0x00001308   0x00000022   Code   RO          594    i.os_error          rtx_conf_cm.o
    0x0000132a   0x0000132a   0x00000002   PAD
    0x0000132c   0x0000132c   0x00000028   Code   RO         1381    i.os_tick_init      RTX_CM3.lib(rt_system.o)
    0x00001354   0x00001354   0x00000002   Code   RO         1382    i.os_tick_irqack    RTX_CM3.lib(rt_system.o)
    0x00001356   0x00001356   0x00000002   PAD
    0x00001358   0x00001358   0x0000008c   Code   RO           21    i.rd_id_man         glcd_spi_lpc1700.o
    0x000013e4   0x000013e4   0x00000048   Code   RO           22    i.rd_reg            glcd_spi_lpc1700.o
    0x0000142c   0x0000142c   0x0000001a   Code   RO         1748    i.rt_alloc_box      RTX_CM3.lib(rt_membox.o)
    0x00001446   0x00001446   0x0000003e   Code   RO         1776    i.rt_alloc_mem      RTX_CM3.lib(rt_memory.o)
    0x00001484   0x00001484   0x00000038   Code   RO         1296    i.rt_block          RTX_CM3.lib(rt_task.o)
    0x000014bc   0x000014bc   0x00000048   Code   RO         1848    i.rt_chk_robin      RTX_CM3.lib(rt_robin.o)
    0x00001504   0x00001504   0x00000070   Code   RO         1517    i.rt_dec_dly        RTX_CM3.lib(rt_list.o)
    0x00001574   0x00001574   0x00000044   Code   RO         1297    i.rt_dispatch       RTX_CM3.lib(rt_task.o)
    0x000015b8   0x000015b8   0x00000006   Code   RO         1683    i.rt_dly_wait       RTX_CM3.lib(rt_time.o)
    0x000015be   0x000015be   0x00000002   PAD
    0x000015c0   0x000015c0   0x00000050   Code   RO         1474    i.rt_evt_psh        RTX_CM3.lib(rt_event.o)
    0x00001610   0x00001610   0x0000002c   Code   RO         1749    i.rt_free_box       RTX_CM3.lib(rt_membox.o)
    0x0000163c   0x0000163c   0x00000028   Code   RO         1777    i.rt_free_mem       RTX_CM3.lib(rt_memory.o)
    0x00001664   0x00001664   0x00000028   Code   RO         1518    i.rt_get_first      RTX_CM3.lib(rt_list.o)
    0x0000168c   0x0000168c   0x00000008   Code   RO          727    i.rt_id2obj         RTX_CM3.lib(rt_cmsis.o)
    0x00001694   0x00001694   0x00000048   Code   RO         1298    i.rt_init_context   RTX_CM3.lib(rt_task.o)
    0x000016dc   0x000016dc   0x0000001a   Code   RO         1778    i.rt_init_mem       RTX_CM3.lib(rt_memory.o)
    0x000016f6   0x000016f6   0x00000002   PAD
    0x000016f8   0x000016f8   0x00000018   Code   RO         1849    i.rt_init_robin     RTX_CM3.lib(rt_robin.o)
    0x00001710   0x00001710   0x00000080   Code   RO         1803    i.rt_init_stack     RTX_CM3.lib(hal_cm.o)
    0x00001790   0x00001790   0x00000008   Code   RO         1595    i.rt_mbx_check      RTX_CM3.lib(rt_mailbox.o)
    0x00001798   0x00001798   0x0000001a   Code   RO         1596    i.rt_mbx_init       RTX_CM3.lib(rt_mailbox.o)
    0x000017b2   0x000017b2   0x00000002   PAD
    0x000017b4   0x000017b4   0x000000f0   Code   RO         1597    i.rt_mbx_psh        RTX_CM3.lib(rt_mailbox.o)
    0x000018a4   0x000018a4   0x000000b4   Code   RO         1599    i.rt_mbx_wait       RTX_CM3.lib(rt_mailbox.o)
    0x00001958   0x00001958   0x00000044   Code   RO          728    i.rt_ms2tick        RTX_CM3.lib(rt_cmsis.o)
    0x0000199c   0x0000199c   0x0000007c   Code   RO         1385    i.rt_pop_req        RTX_CM3.lib(rt_system.o)
    0x00001a18   0x00001a18   0x00000020   Code   RO         1386    i.rt_psh_req        RTX_CM3.lib(rt_system.o)
    0x00001a38   0x00001a38   0x0000005c   Code   RO         1520    i.rt_psq_enq        RTX_CM3.lib(rt_list.o)
    0x00001a94   0x00001a94   0x00000048   Code   RO         1521    i.rt_put_dly        RTX_CM3.lib(rt_list.o)
    0x00001adc   0x00001adc   0x00000036   Code   RO         1522    i.rt_put_prio       RTX_CM3.lib(rt_list.o)
    0x00001b12   0x00001b12   0x00000002   PAD
    0x00001b14   0x00001b14   0x00000014   Code   RO         1523    i.rt_put_rdy_first  RTX_CM3.lib(rt_list.o)
    0x00001b28   0x00001b28   0x00000034   Code   RO         1524    i.rt_resort_prio    RTX_CM3.lib(rt_list.o)
    0x00001b5c   0x00001b5c   0x00000006   Code   RO         1804    i.rt_ret_val        RTX_CM3.lib(hal_cm.o)
    0x00001b62   0x00001b62   0x00000008   Code   RO         1805    i.rt_ret_val2       RTX_CM3.lib(hal_cm.o)
    0x00001b6a   0x00001b6a   0x00000028   Code   RO         1525    i.rt_rmv_dly        RTX_CM3.lib(rt_list.o)
    0x00001b92   0x00001b92   0x00000002   PAD
    0x00001b94   0x00001b94   0x00000030   Code   RO         1526    i.rt_rmv_list       RTX_CM3.lib(rt_list.o)
    0x00001bc4   0x00001bc4   0x00000034   Code   RO         1644    i.rt_sem_psh        RTX_CM3.lib(rt_semaphore.o)
    0x00001bf8   0x00001bf8   0x00000024   Code   RO         1388    i.rt_stk_check      RTX_CM3.lib(rt_system.o)
    0x00001c1c   0x00001c1c   0x00000028   Code   RO         1299    i.rt_switch_req     RTX_CM3.lib(rt_task.o)
    0x00001c44   0x00001c44   0x000000cc   Code   RO         1300    i.rt_sys_init       RTX_CM3.lib(rt_task.o)
    0x00001d10   0x00001d10   0x00000078   Code   RO         1301    i.rt_sys_start      RTX_CM3.lib(rt_task.o)
    0x00001d88   0x00001d88   0x00000040   Code   RO         1390    i.rt_systick        RTX_CM3.lib(rt_system.o)
    0x00001dc8   0x00001dc8   0x00000012   Code   RO          729    i.rt_tid2ptcb       RTX_CM3.lib(rt_cmsis.o)
    0x00001dda   0x00001dda   0x00000002   PAD
    0x00001ddc   0x00001ddc   0x00000034   Code   RO          730    i.rt_timer_insert   RTX_CM3.lib(rt_cmsis.o)
    0x00001e10   0x00001e10   0x00000088   Code   RO         1302    i.rt_tsk_create     RTX_CM3.lib(rt_task.o)
    0x00001e98   0x00001e98   0x0000017c   Code   RO         1303    i.rt_tsk_delete     RTX_CM3.lib(rt_task.o)
    0x00002014   0x00002014   0x0000007c   Code   RO         1305    i.rt_tsk_prio       RTX_CM3.lib(rt_task.o)
    0x00002090   0x00002090   0x00000010   Code   RO         1306    i.rt_tsk_self       RTX_CM3.lib(rt_task.o)
    0x000020a0   0x000020a0   0x00000020   Code   RO           23    i.spi_tran          glcd_spi_lpc1700.o
    0x000020c0   0x000020c0   0x00000080   Code   RO           24    i.spi_tran_man      glcd_spi_lpc1700.o
    0x00002140   0x00002140   0x00000012   Code   RO          732    i.svcDelay          RTX_CM3.lib(rt_cmsis.o)
    0x00002152   0x00002152   0x00000002   PAD
    0x00002154   0x00002154   0x00000070   Code   RO          733    i.svcKernelInitialize  RTX_CM3.lib(rt_cmsis.o)
    0x000021c4   0x000021c4   0x00000048   Code   RO          735    i.svcKernelStart    RTX_CM3.lib(rt_cmsis.o)
    0x0000220c   0x0000220c   0x00000024   Code   RO          738    i.svcMessageCreate  RTX_CM3.lib(rt_cmsis.o)
    0x00002230   0x00002230   0x0000003a   Code   RO          739    i.svcMessageGet     RTX_CM3.lib(rt_cmsis.o)
    0x0000226a   0x0000226a   0x00000002   PAD
    0x0000226c   0x0000226c   0x0000006c   Code   RO          753    i.svcThreadCreate   RTX_CM3.lib(rt_cmsis.o)
    0x000022d8   0x000022d8   0x0000001c   Code   RO          754    i.svcThreadGetId    RTX_CM3.lib(rt_cmsis.o)
    0x000022f4   0x000022f4   0x00000038   Code   RO          757    i.svcThreadTerminate  RTX_CM3.lib(rt_cmsis.o)
    0x0000232c   0x0000232c   0x00000018   Code   RO          759    i.svcTimerCall      RTX_CM3.lib(rt_cmsis.o)
    0x00002344   0x00002344   0x0000005c   Code   RO          768    i.sysTimerTick      RTX_CM3.lib(rt_cmsis.o)
    0x000023a0   0x000023a0   0x0000013c   Code   RO          413    i.updateDisplay     main.o
    0x000024dc   0x000024dc   0x00000028   Code   RO           25    i.wr_cmd            glcd_spi_lpc1700.o
    0x00002504   0x00002504   0x00000028   Code   RO           26    i.wr_dat            glcd_spi_lpc1700.o
    0x0000252c   0x0000252c   0x00000012   Code   RO           27    i.wr_dat_only       glcd_spi_lpc1700.o
    0x0000253e   0x0000253e   0x00000002   PAD
    0x00002540   0x00002540   0x00000014   Code   RO           28    i.wr_dat_start      glcd_spi_lpc1700.o
    0x00002554   0x00002554   0x0000000c   Code   RO           29    i.wr_dat_stop       glcd_spi_lpc1700.o
    0x00002560   0x00002560   0x00000014   Code   RO           30    i.wr_reg            glcd_spi_lpc1700.o
    0x00002574   0x00002574   0x00000038   Data   RO          415    .constdata          main.o
    0x000025ac   0x000025ac   0x00000068   Data   RO          597    .constdata          rtx_conf_cm.o
    0x00002614   0x00002614   0x00000020   Data   RO         1905    Region$$Table       anon$$obj.o


    Execution Region ER_RW (Exec base: 0x10000000, Load base: 0x00002634, Size: 0x00000f7c, Max: 0xffffffff, ABSOLUTE, COMPRESSED[0x000000e4])

    Exec Addr    Load Addr    Size         Type   Attr      Idx    E Section Name        Object

    0x10000000   COMPRESSED   0x00000005   Data   RW           32    .data               glcd_spi_lpc1700.o
    0x10000005   COMPRESSED   0x00000003   PAD
    0x10000008   COMPRESSED   0x00000010   Data   RW          213    .data               lfsr113.o
    0x10000018   COMPRESSED   0x00000020   Data   RW          312    .data               uart.o
    0x10000038   COMPRESSED   0x00000f0a   Data   RW          416    .data               main.o
    0x10000f42   COMPRESSED   0x00000002   PAD
    0x10000f44   COMPRESSED   0x00000010   Data   RW          598    .data               rtx_conf_cm.o
    0x10000f54   COMPRESSED   0x00000008   Data   RW          771    .data               RTX_CM3.lib(rt_cmsis.o)
    0x10000f5c   COMPRESSED   0x00000008   Data   RW         1308    .data               RTX_CM3.lib(rt_task.o)
    0x10000f64   COMPRESSED   0x00000008   Data   RW         1393    .data               RTX_CM3.lib(rt_system.o)
    0x10000f6c   COMPRESSED   0x00000004   Data   RW         1687    .data               RTX_CM3.lib(rt_time.o)
    0x10000f70   COMPRESSED   0x00000001   Data   RW         1806    .data               RTX_CM3.lib(hal_cm.o)
    0x10000f71   COMPRESSED   0x00000003   PAD
    0x10000f74   COMPRESSED   0x00000008   Data   RW         1850    .data               RTX_CM3.lib(rt_robin.o)


    Execution Region ER_ZI (Exec base: 0x10000f7c, Load base: 0x00002718, Size: 0x00006ffc, Max: 0xffffffff, ABSOLUTE)

    Exec Addr    Load Addr    Size         Type   Attr      Idx    E Section Name        Object

    0x10000f7c        -       0x00000080   Zero   RW          311    .bss                uart.o
    0x10000ffc        -       0x00003de4   Zero   RW          414    .bss                main.o
    0x10004de0        -       0x00001130   Zero   RW          596    .bss                rtx_conf_cm.o
    0x10005f10        -       0x00000034   Zero   RW         1307    .bss                RTX_CM3.lib(rt_task.o)
    0x10005f44        -       0x00000030   Zero   RW         1527    .bss                RTX_CM3.lib(rt_list.o)
    0x10005f74   0x00002718   0x00000004   PAD
    0x10005f78        -       0x00002000   Zero   RW          628    STACK               startup_lpc17xx.o


==============================================================================

Image component sizes


      Code (inc. data)   RO Data    RW Data    ZI Data      Debug   Object Name

      2374         74          0          5          0      32267   glcd_spi_lpc1700.o
       144         16          0         16          0        594   lfsr113.o
      1224        108         56       3850      15844       8378   main.o
        62          6        104         16       4400       7536   rtx_conf_cm.o
        40         12        204          0       8192        956   startup_lpc17xx.o
       320         18          0          0          0        557   system_lpc17xx.o
       216         38          0         32        128       2071   uart.o

    ----------------------------------------------------------------------
      4390        272        396       3924      28564      52359   Object Totals
         0          0         32          0          0          0   (incl. Generated)
        10          0          0          5          0          0   (incl. Padding)

    ----------------------------------------------------------------------

      Code (inc. data)   RO Data    RW Data    ZI Data      Debug   Library Member Name

       238         24          0          1          0       3312   hal_cm.o
       304         36          0          0          0        768   hal_cm3.o
      1152        144          0          8          0      32862   rt_cmsis.o
        80          4          0          0          0        661   rt_event.o
       530         34          0          0         48       8253   rt_list.o
       554         10          0          0          0       3949   rt_mailbox.o
       140          0          0          0          0       1925   rt_membox.o
       128          0          0          0          0       2307   rt_memory.o
        96         22          0          8          0       1158   rt_robin.o
        52          4          0          0          0        573   rt_semaphore.o
       298         52          0          8          0       6223   rt_system.o
      1216        174          0          8         52       9649   rt_task.o
         6          0          0          4          0        652   rt_time.o
         4          4          0          0          0        208   svc_table.o
        94          0          0          0          0          0   __dclz77c.o
         0          0          0          0          0          0   entry.o
         0          0          0          0          0          0   entry10a.o
         0          0          0          0          0          0   entry11a.o
         8          4          0          0          0          0   entry2.o
         4          0          0          0          0          0   entry5.o
         0          0          0          0          0          0   entry7b.o
         0          0          0          0          0          0   entry8b.o
        30          0          0          0          0          0   handlers.o
        36          8          0          0          0         68   init.o

    ----------------------------------------------------------------------
      4994        520          0         40        104      72568   Library Totals
        24          0          0          3          4          0   (incl. Padding)

    ----------------------------------------------------------------------

      Code (inc. data)   RO Data    RW Data    ZI Data      Debug   Library Name

      4798        508          0         37        100      72500   RTX_CM3.lib
       172         12          0          0          0         68   mc_w.l

    ----------------------------------------------------------------------
      4994        520          0         40        104      72568   Library Totals

    ----------------------------------------------------------------------

==============================================================================


      Code (inc. data)   RO Data    RW Data    ZI Data      Debug   

      9384        792        396       3964      28668     120375   Grand Totals
      9384        792        396        228      28668     120375   ELF Image Totals (compressed)
      9384        792        396        228          0          0   ROM Totals

==============================================================================

    Total RO  Size (Code + RO Data)                 9780 (   9.55kB)
    Total RW  Size (RW Data + ZI Data)             32632 (  31.87kB)
    Total ROM Size (Code + RO Data + RW Data)      10008 (   9.77kB)

==============================================================================

